===== Robot lidar =====
started: 2026-08-24T12:20:53+02:00
command: AGENT_COUNT=3 AGENT_WORLD=open AGENT_PLATFORM=q1 AGENT_MCP_URL=http://127.0.0.1:8000/sse python -m agentpackage.architectures.centralized.robot_agent --robot-id lidar --host "127.0.0.1" --port "8765"

[shell_pid=37083] Robot lidar
lidar is online.
Type directly to chat with this robot locally. Use Ctrl+C to exit.

lidar> 
[master -> lidar] Perform a sensor scan from the current pose. Lidar: report any semantic object detections with class and centroid (x,y). Camera: report current RGB observation and any class histogram or detections. Include nothing else.
[lidar] Semantic lidar detections (map-frame centroids):

- class_id 27 — tree_crown: x = -9.90, y = -9.89
- class_id 28 — tree_trunk: x = -10.47, y = -10.35
- class_id 58 — container: x = -9.93, y = 10.04
- class_id 12 — car: x = 9.25, y = 8.30
- class_id 40 — rock: x = 9.94, y = -9.73

[master -> lidar] confirm_stop container
[lidar] Confirmed: container visit successful.

[master -> lidar] Perform a sensor scan from the current pose. Lidar: report any semantic object detections with class and centroid (x,y). Camera: report current RGB observation and any class histogram or detections. Include nothing else.
[lidar] Semantic lidar detections (map-frame centroids):

- class_id 40 — rock: x = 9.48, y = -10.06
- class_id 27 — tree_crown: x = -9.66, y = -10.15

===== saved: 2026-08-24T12:30:57+02:00 as open_easy_cmas_r4_success =====
