===== Robot lidar =====
started: 2026-08-24T16:26:49+02:00
command: AGENT_COUNT=3 AGENT_WORLD=open AGENT_PLATFORM=q1 AGENT_MCP_URL=http://127.0.0.1:8000/sse python -m agentpackage.architectures.hmas2.robot_agent --robot-id lidar --host "127.0.0.1" --port "8765"

[shell_pid=78228] Robot lidar
lidar is online (HMAS-2). Reviews central plans, then executes when told.
Type directly to chat with this robot locally. Use Ctrl+C to exit.

lidar> 
[planner -> lidar] PLAN REVIEW REQUEST — do NOT execute yet. Check only YOUR specialty (navigator / lidar / camera). Prefer ZERO tools; reply AGREE: or DISAGREE: in one line.

SPECIALIST PLAN:
Plan: Visit in order: 1) nearest rock, 2) nearest container, 3) nearest car. Roles and steps:

Navigator:
- Wait for a centroid from lidar for the current target class.
- When given a centroid, navigate to a goal that is the centroid offset at least 3.0 m toward the spawn (0,0) (or toward a provided free-cell anchor if map used). Do not navigate to the centroid itself.
- Report success/failure after each navigate_to_pose. A successful arrival (~within 2.5 m) is enough.

Lidar:
- When stationary and requested, run semantic lidar scan for the current target class and return any object centroids and class labels visible.
- If a centroid for the requested class is returned, supply it so nav can compute a safe 3+ m offset goal.
- After navigator reports success for a stop, call confirm_stop(<class>) to validate the stop. If confirm_stop returns false or lidar did not see the object, report that and allow camera to attempt confirm_stop.

Camera:
- When stationary and requested, take an RGB (and optional class histogram) and report if it sees the requested class.
- If lidar cannot confirm a stop, attempt confirm_stop(<class>) as a fallback.

Failure / exploration policy:
- If lidar scan returns no centroid for the current target class, request occupancy map and pick a free-cell viewpoint at least 3 m away from any previously-seen centroid and navigate there, then repeat the lidar scan.
- If a navigate_to_pose fails twice with the same goal, pick a different nearby free-cell anchor (via occupancy map) and try a different goal.

Stop rule:
- Proceed to the next target only after confirm_stop(<class>) returns true for the current target.
- Report mission done only after all three classes have been confirmed.

Please AGREE or DISAGREE.
[lidar] DISAGREE: The lidar step omits the mandatory clearance scan — on every sense request I must call BOTH get_lidar_snapshot and get_semantic_lidar_objects; otherwise the rest (3+ m offset, occupancy-driven exploration, confirm_stop after arrival) is fine.

[planner -> lidar] PLAN REVIEW REQUEST — do NOT execute yet. Check only YOUR specialty (navigator / lidar / camera). Prefer ZERO tools; reply AGREE: or DISAGREE: in one line.

SPECIALIST PLAN:
Revised Plan: Visit in order: 1) nearest rock, 2) nearest container, 3) nearest car. Roles and steps:

Navigator:
- Remain idle until a centroid is provided for the current target class.
- When centroid available, compute and navigate to a goal at least 3.0 m from the centroid, offset toward spawn (0,0) or toward a chosen free-cell anchor if an occupancy map is used. Never navigate to the centroid itself.
- If navigate_to_pose returns success=true/reached=true, report success. If it fails twice with the same goal, request a new free-cell anchor (occupancy map) and try a different goal.

Lidar:
- On each stationary sense request, perform BOTH a raw lidar snapshot and a semantic lidar scan (get_lidar_snapshot and get_semantic_lidar_objects) and return any object centroids and labeled classes.
- Provide centroids only when found (semantic lidar detects only when Q1 is close). If centroid for the requested class is returned, give it so the navigator can compute a safe 3+ m offset goal.
- After navigator reports success at a stop, call confirm_stop(<class>) to validate the stop. If confirm_stop returns false or the object is not detected, report that immediately.

Camera:
- When stationary and requested, capture an RGB image (optional class histogram) and report visual detections of the requested class.
- If lidar cannot confirm a stop, camera will attempt confirm_stop(<class>) as a fallback.

Exploration / failures:
- If lidar returns no centroid for the current class, request the occupancy map, select a free-cell viewpoint away from previously-seen objects, navigate there (still maintaining ≥3 m to any known centroids), then sense again.
- Never drive to an object centroid. Only proceed to the next class after confirm_stop(<class>) returns true for the current target.

Sequence / protocol:
- Repeat sense → navigate (to offset goal) → sense/confirm until all three stops are confirmed.
- Report mission done only after every ordered stop has confirm_stop confirmed=true.

Please AGREE or DISAGREE.
[lidar] AGREE: Plan aligns with lidar requirements — ensure every sense call runs BOTH get_lidar_snapshot and get_semantic_lidar_objects, and call confirm_stop(<class>) after each reported stop.

[planner -> lidar] EXECUTE plan: Visit targets in order: 1) nearest rock, 2) nearest container, 3) nearest car. Repeat for each target: (1) Lidar: while stationary, run get_lidar_snapshot and get_semantic_lidar_objects and report any centroids for the current class. (2) If centroid found for current class, Navigator: compute a nav goal at least 3.0 m from centroid offset toward spawn (0,0) and navigate_to_pose that goal; report success/failure. (3) After nav success, Lidar: call confirm_stop(<class>). If lidar confirm_stop returns false or lidar lacked detection, Camera: try confirm_stop(<class>). (4) If no centroid found, Lidar: request occupancy map from planner; Planner will select free-cell viewpoint; Navigator: navigate there; then repeat sensing. Do not navigate to any centroid; maintain ≥3 m. If a navigate_to_pose fails twice with the same goal, request occupancy map and choose a different free-cell anchor and try again. Proceed to next target only after confirm_stop for the current target returns true. Report back each sensor and nav outcome.
[lidar] SENSE (rock) complete.
- get_lidar_snapshot: min_range=2.32 m (sectors front/left/right/rear = 2.32 m).
- get_semantic_lidar_objects(filter=rock): 1 object — class=rock (class_id=40) at map centroid (x=10.7, y=-9.46).

Provided centroid to navigator so it can compute a safe nav goal (>=3.0 m offset toward spawn (0,0)). Awaiting navigator navigate_to_pose result.

[planner -> lidar] EXECUTE: At current stop, perform confirmation: Lidar, call confirm_stop("rock"). If lidar confirm_stop returns false, Camera try confirm_stop("rock"). Report confirm_stop results.
[lidar] confirm_stop(rock) -> confirmed=true. I confirm the stop at the rock.

[planner -> lidar] Proceed to next target: container. Lidar: while stationary, run get_lidar_snapshot and get_semantic_lidar_objects for class "container" and report centroids if any. If none, request occupancy map from planner and we'll pick a free-cell viewpoint. If centroid found, provide centroid so navigator can compute a nav goal ≥3.0 m offset toward spawn (0,0).
[lidar] SENSE (container) complete.
- get_lidar_snapshot: min_range=2.32 m (sectors all 2.32 m).
- get_semantic_lidar_objects(filter=container): 0 objects detected (empty). No centroid available. Request occupancy map for exploration viewpoint.

[planner -> lidar] EXECUTE SENSE (container): While stationary, run get_lidar_snapshot and get_semantic_lidar_objects(filter=container). Report any centroids.
[lidar] SENSE (container) complete.
- get_lidar_snapshot: min_range=2.32 m (sectors front/left/right/rear = 2.32 m).
- get_semantic_lidar_objects(filter=container): 1 object — class=container (class_id=58) at map centroid (x=-9.94, y=10.14).

Provided centroid to navigator so it can compute a safe nav goal (>=3.0 m offset toward spawn (0,0)). Awaiting navigator navigate_to_pose result.

[planner -> lidar] EXECUTE: At current stop, perform confirmation: Lidar, call confirm_stop("container"). If lidar confirm_stop returns false, Camera try confirm_stop("container"). Report confirm_stop results.
[lidar] confirm_stop(container) -> confirmed=true. I confirm the stop at the container.

[planner -> lidar] Proceed to next target: car. Lidar: while stationary, run get_lidar_snapshot and get_semantic_lidar_objects for class "car" and report centroids if any. If none, request occupancy map from planner and we'll pick another free-cell viewpoint. If centroid found, provide centroid so navigator can compute a nav goal ≥3.0 m offset toward spawn (0,0).
[lidar] SENSE (car) complete.
- get_lidar_snapshot: min_range=2.32 m (sectors front/left/right/rear = 2.32 m).
- get_semantic_lidar_objects(filter=car): 1 object — class=car (class_id=12) at map centroid (x=9.29, y=7.78).

Provided centroid to navigator so it can compute a safe nav goal (>=3.0 m offset toward spawn (0,0)). Awaiting navigator navigate_to_pose result.

[planner -> lidar] EXECUTE: At current stop, perform confirmation: Lidar, call confirm_stop("car"). If lidar confirm_stop returns false, Camera try confirm_stop("car"). Report confirm_stop results.
[lidar] confirm_stop(car) -> confirmed=true. I confirm the stop at the car. Mission complete: all three ordered stops (rock, container, car) confirmed.

===== saved: 2026-08-24T16:33:46+02:00 as open_medium_hmas2_r3_success =====
