===== Robot lidar =====
started: 2026-08-24T05:23:08+02:00
command: AGENT_COUNT=3 AGENT_WORLD=open AGENT_PLATFORM=q1 AGENT_MCP_URL=http://127.0.0.1:8000/sse python -m agentpackage.architectures.centralized.robot_agent --robot-id lidar --host "127.0.0.1" --port "8765"

[shell_pid=223610] Robot lidar
lidar is online.
Type directly to chat with this robot locally. Use Ctrl+C to exit.

lidar> 
[master -> lidar] get_semantic_lidar_objects
[lidar] get_lidar_snapshot and get_semantic_lidar_objects returned:

Lidar snapshot (frame q1_velodyne):
- min_range_m: 2.32 at bearing -39.2°
- sector minima (front/left/right/rear): 2.32 / 2.32 / 2.32 / 2.32

Semantic objects (map-frame centroids; class_id shown):
- tree_trunk (id 28): x=-10.56, y=-10.26, n_points=7
- tree_crown (id 27): x=-9.92, y=-9.65, n_points=32
- container (id 58): x=-9.88, y=10.13, n_points=10
- car (id 12): x=9.29, y=8.25, n_points=9
- rock (id 40): x=9.35, y=-10.26, n_points=9
- tree_crown (id 27): x=-9.92, y=-11.73, n_points=3

Note: these are semantic-lidar centroids in the map frame.

[master -> lidar] get_semantic_lidar_objects
[lidar] Lidar snapshot (frame q1_velodyne):
- min_range_m: 2.32 at bearing 56.5°
- sector minima (front/left/right/rear): 2.32 / 2.32 / 2.32 / 2.32

Semantic objects (map-frame centroids; class_id shown):
- rock (id 40): x=9.56, y=-9.95, n_points=85
- tree_trunk (id 28): x=-10.45, y=-10.34, n_points=6
- tree_crown (id 27): x=-9.55, y=-10.12, n_points=21

Note: these are semantic-lidar centroids in the map frame.

[master -> lidar] get_semantic_lidar_objects
[lidar] get_lidar_snapshot and get_semantic_lidar_objects returned:

Lidar snapshot (frame q1_velodyne):
- min_range_m: 2.32 at bearing 64.9°
- sector minima (front / left / right / rear): 2.32 / 2.32 / 2.32 / 2.32

Semantic objects (map-frame centroids; class_id shown):
- rock (id 40): x=9.54, y=-9.90, n_points=95
- tree_crown (id 27): x=-9.74, y=-10.01, n_points=23

Note: these are semantic-lidar centroids in the map frame.

===== saved: 2026-08-24T05:48:48+02:00 as open_medium_cmas_r2_fail_timeout =====
