===== Robot lidar =====
started: 2026-08-24T11:10:33+02:00
command: AGENT_COUNT=3 AGENT_WORLD=open AGENT_PLATFORM=q1 AGENT_MCP_URL=http://127.0.0.1:8000/sse python -m agentpackage.architectures.centralized.robot_agent --robot-id lidar --host "127.0.0.1" --port "8765"

[shell_pid=18761] Robot lidar
lidar is online.
Type directly to chat with this robot locally. Use Ctrl+C to exit.

lidar> 
[master -> lidar] Lidar: perform a semantic lidar scan and return any detected objects with class names and centroids. Camera: take an RGB photo and return the image and optional class histogram.
[lidar] Sent get_lidar_snapshot and get_semantic_lidar_objects; received results.

Lidar snapshot (q1_velodyne)
- min_range_m: 2.32
- sectors_min_m (sensor frame): front 2.32, left 2.32, right 2.32, rear 2.32

Semantic objects (map-frame centroids; semantic lidar fov=360°)
- tree_crown (class_id 27): x=-9.98, y=-9.75, n_points=30
- car (class_id 12): x=9.26, y=8.28, n_points=9
- container (class_id 58): x=-9.77, y=10.20, n_points=9
- rock (class_id 40): x=9.56, y=-9.76, n_points=9

Note: I only perform lidar sensing. I cannot take an RGB photo — that is the camera specialist's responsibility.

[master -> lidar] confirm_stop with class name: rock
[lidar] Sent confirm_stop(rock); received confirmed=true.

[master -> lidar] Lidar: perform a semantic lidar scan and return any detected objects with class names and centroids. Camera: take an RGB photo and return the image and optional class histogram.
[lidar] Sent get_lidar_snapshot and get_semantic_lidar_objects; received results.

Lidar snapshot (q1_velodyne)
- min_range_m: 2.32
- sectors_min_m (sensor frame): front 2.32, left 2.32, right 2.32, rear 2.32

Semantic objects (map-frame centroids; semantic lidar fov=360°)
- container (class_id 58): x=-9.78, y=10.20, n_points=79
- tree_crown (class_id 27): x=-10.15, y=-9.87, n_points=20
- tree_trunk (class_id 28): x=-10.67, y=-10.28, n_points=4

Note: I only perform lidar sensing. I cannot take an RGB photo — that is the camera specialist's responsibility.

[master -> lidar] confirm_stop with class name: car
[lidar] Sent confirm_stop(car); received confirmed=true.

===== saved: 2026-08-24T11:22:22+02:00 as open_medium_cmas_r1_success =====
