===== Robot camera =====
started: 2026-08-24T11:10:33+02:00
command: AGENT_COUNT=3 AGENT_WORLD=open AGENT_PLATFORM=q1 AGENT_MCP_URL=http://127.0.0.1:8000/sse python -m agentpackage.architectures.centralized.robot_agent --robot-id camera --host "127.0.0.1" --port "8765"

[shell_pid=18782] Robot camera
camera is online.
Type directly to chat with this robot locally. Use Ctrl+C to exit.

camera> 
[master -> camera] Lidar: perform a semantic lidar scan and return any detected objects with class names and centroids. Camera: take an RGB photo and return the image and optional class histogram.
[camera] get_camera_image -> received image.

Frame description: mostly flat light-gray ground and ceiling with a wide black horizontal gap across the middle. At right of frame there is a blue rectangular object made of stacked rectangular panels (appears as a container). No people or other objects visible.

get_semantic_camera_classes -> returned:
- class_id 58 = container — 481 pixels (1.88% of frame)

No other labeled classes present. I have no 3D coordinates (camera-only). If Q1 has stopped near that container and you want confirmation, instruct me to confirm_stop and I will call it with "container".

[master -> camera] confirm_stop with class name: container
[camera] confirm_stop -> confirmed: true (container).

[master -> camera] Lidar: perform a semantic lidar scan and return any detected objects with class names and centroids. Camera: take an RGB photo and return the image and optional class histogram.
[camera] get_camera_image -> received image.

Frame description: empty gray ceiling and floor with a wide black horizontal gap. Center-right of frame is a blue rectangular stacked-object clearly a container, shown from a closer viewpoint than before. No people or other objects visible.

get_semantic_camera_classes -> returned:
- class_id 58 = container — 3255 pixels (12.71% of frame)

No other labeled classes present. I have no 3D coordinates. If Q1 has stopped near that container and you want confirmation, instruct me to confirm_stop and I will call it with "container".

===== saved: 2026-08-24T11:22:22+02:00 as open_medium_cmas_r1_success =====
