===== Robot lidar =====
started: 2026-08-24T05:08:00+02:00
command: AGENT_COUNT=3 AGENT_WORLD=open AGENT_PLATFORM=q1 AGENT_MCP_URL=http://127.0.0.1:8000/sse python -m agentpackage.architectures.centralized.robot_agent --robot-id lidar --host "127.0.0.1" --port "8765"

[shell_pid=218667] Robot lidar
lidar is online.
Type directly to chat with this robot locally. Use Ctrl+C to exit.

lidar> 
[master -> lidar] Please perform a sensing pass now (robot is stationary). Lidar: report any detected objects with class and centroid. Camera: capture image and report any class histogram or visible classes.
[lidar] Received lidar snapshot: min_range = 2.32 m (front/left/right/rear minima = 2.32 m).

Received semantic lidar objects (map-frame centroids):
- class_id 28 — tree_trunk at (x=-10.54, y=-10.26), n_points=7
- class_id 27 — tree_crown at (x=-9.92, y=-9.66), n_points=33
- class_id 58 — container at (x=-9.91, y=10.12), n_points=10
- class_id 12 — car at (x=9.26, y=8.30), n_points=9
- class_id 40 — rock at (x=9.38, y=-10.21), n_points=9
- class_id 27 — tree_crown at (x=-9.89, y=-11.73), n_points=3

I cannot perform camera capture or image histograms — please request the camera specialist to capture and report visual classes.

[master -> lidar] Please perform a sensing pass now (robot is stationary). Lidar: report any detected objects with class and centroid. Camera: capture image and report any class histogram or visible classes.
[lidar] Received lidar snapshot: min_range = 2.32 m (front/left/right/rear minima = 2.32 m).

Received semantic lidar objects (map-frame centroids):
- class_id 40 — rock at (x=9.52, y=-9.99), n_points=78
- class_id 27 — tree_crown at (x=-9.52, y=-10.19), n_points=24

I cannot perform camera capture or image histograms — please request the camera specialist to capture and report visual classes.

[master -> lidar] Please perform a sensing pass now (robot is stationary). Lidar: report any detected objects with class and centroid. Camera: capture image and report any class histogram or visible classes.
[lidar] Received lidar snapshot: min_range = 2.32 m (front/left/right/rear minima = 2.32 m).

Received semantic lidar objects (map-frame centroids):
- class_id 40 — rock at (x=9.47, y=-10.04), n_points=118
- class_id 27 — tree_crown at (x=-9.67, y=-10.21), n_points=23
- class_id 28 — tree_trunk at (x=-10.43, y=-10.55), n_points=5

I cannot perform camera capture or image histograms — please request the camera specialist for visual sensing.

[master -> lidar] Please perform a sensing pass now (robot is stationary). Lidar: report any detected objects with class and centroid. Camera: capture image and report any class histogram or visible classes.
[lidar] Received lidar snapshot: min_range = 2.32 m (front/left/right/rear minima = 2.32 m).

Received semantic lidar objects (map-frame centroids):
- class_id 58 — container at (x=-9.49, y=10.31), n_points=75
- class_id 27 — tree_crown at (x=-10.32, y=-9.50), n_points=19
- class_id 58 — container at (x=-11.53, y=9.98), n_points=7

I cannot perform camera capture or image histograms — please request the camera specialist for visual sensing.

[master -> lidar] Please perform a sensing pass now (robot is stationary). Lidar: report any detected objects with class and centroid. Camera: capture image and report any class histogram or visible classes.
[lidar] Received lidar snapshot: min_range = 2.32 m (front/left/right/rear minima = 2.32 m).

Received semantic lidar objects (map-frame centroids):
- class_id 58 — container at (x=-9.96, y=10.38), n_points=120
- class_id 27 — tree_crown at (x=-10.47, y=-9.52), n_points=22

I cannot perform camera capture or visual histograms — please request the camera specialist to capture and report visible classes.

[master -> lidar] confirm_stop container
[lidar] confirm_stop returned confirmed=true for container.

[master -> lidar] Please perform a sensing pass now (robot is stationary). Lidar: report any detected objects with class and centroid. Camera: capture image and report any class histogram or visible classes.
[lidar] Received lidar snapshot: min_range = 2.32 m (front/left/right/rear minima = 2.32 m).

Received semantic lidar objects (map-frame centroids):
- class_id 58 — container at (x=-10.24, y=10.12), n_points=147
- class_id 27 — tree_crown at (x=-10.82, y=-9.23), n_points=25

I cannot perform camera capture or visual histograms — please request the camera specialist to capture and report visible classes.

[master -> lidar] Please perform a sensing pass now (robot is stationary). Lidar: report any detected objects with class and centroid. Camera: capture image and report any class histogram or visible classes.
