===== Robot camera =====
started: 2026-08-24T05:08:00+02:00
command: AGENT_COUNT=3 AGENT_WORLD=open AGENT_PLATFORM=q1 AGENT_MCP_URL=http://127.0.0.1:8000/sse python -m agentpackage.architectures.centralized.robot_agent --robot-id camera --host "127.0.0.1" --port "8765"

[shell_pid=218689] Robot camera
camera is online.
Type directly to chat with this robot locally. Use Ctrl+C to exit.

camera> 
[master -> camera] Please perform a sensing pass now (robot is stationary). Lidar: report any detected objects with class and centroid. Camera: capture image and report any class histogram or visible classes.
[camera] get_camera_image: received RGB frame.
get_semantic_camera_classes: received classes = [] (no classes detected).

Visual description:
- The image is mostly grayscale with a dark horizontal band across the center, lighter gray region above it, and a mid-to-light gray gradient below. 
- No distinct scene objects (rocks, barrels, containers, cars, trees, etc.) are visible in this frame.

Semantic/histogram result:
- Visible classes: none (empty list).

I cannot provide lidar detections or centroids — please ask the lidar specialist to report detected objects and centroids. No stop confirmation was made (no tour object visible to confirm).

[master -> camera] Please perform a sensing pass now (robot is stationary). Lidar: report any detected objects with class and centroid. Camera: capture image and report any class histogram or visible classes.
[camera] get_camera_image: received RGB frame.
get_semantic_camera_classes: detected classes = [{class_id:40, name: rock, pixel_share:13.58%}].

Visual description:
- Foreground: a dark, irregularly-shaped rock occupies lower-left portion of the frame; it casts a shadow to its right.
- Background: a high-contrast scene with a black horizontal band across mid-frame and light gray sky above; some ground visible at bottom right.

Semantic/histogram result:
- Visible classes: rock (class_id 40) — ~13.6% of sampled pixels.

I cannot provide lidar centroids or object coordinates. Please ask the lidar specialist to report detected objects and centroids. If Q1 has stopped near this rock and you want a stop confirmation, request camera to confirm_stop with 'rock'.

[master -> camera] confirm_stop rock
[camera] confirm_stop: confirmed true — Visit to rock confirmed.

[master -> camera] Please perform a sensing pass now (robot is stationary). Lidar: report any detected objects with class and centroid. Camera: capture image and report any class histogram or visible classes.
[camera] get_camera_image: received RGB frame.
get_semantic_camera_classes: detected classes = [{class_id:40, name: rock, pixel_share:18.62%}].

Visual description:
- A dark rock dominates the lower-center of the frame, with shadowing visible to its lower-right.
- Background shows a black horizontal band across the middle, light gray sky above, and lighter ground visible at the very bottom.

Semantic/histogram result:
- Visible classes: rock (class_id 40) — ~18.6% of sampled pixels.

I cannot provide lidar centroids or object coordinates. Request the lidar specialist for detected objects and centroids. If you want me to confirm a stop at this rock, issue confirm_stop with 'rock'.

[master -> camera] Please perform a sensing pass now (robot is stationary). Lidar: report any detected objects with class and centroid. Camera: capture image and report any class histogram or visible classes.
[camera] get_camera_image: received RGB frame.
get_semantic_camera_classes: detected classes = [{class_id: 58, name: container, pixel_share: 13.5%}].

Visual description:
- A blue rectangular container occupies the lower-left/foreground of the frame (box-like object with vertical panels), casting a small shadow to its right.
- Background: black mid-band, light gray sky above, lighter ground below.

I cannot provide lidar centroids or object coordinates. Request the lidar specialist for detected objects and centroids. If you want a stop confirmation at this container, call confirm_stop with 'container'.

[master -> camera] Please perform a sensing pass now (robot is stationary). Lidar: report any detected objects with class and centroid. Camera: capture image and report any class histogram or visible classes.
[camera] get_camera_image: received RGB frame.
get_semantic_camera_classes: detected classes = [{class_id: 58, name: container, pixel_share: 8.57%}].

Visual description:
- Right foreground: blue rectangular container visible at the lower-right edge of the frame (partial view).
- Background: black mid-band, light gray sky above, and lighter ground below.

I cannot provide lidar centroids or object coordinates. Please ask the lidar specialist to report detected objects and centroids. If you want a stop confirmation at this container, call confirm_stop with 'container'.

[master -> camera] Please perform a sensing pass now (robot is stationary). Lidar: report any detected objects with class and centroid. Camera: capture image and report any class histogram or visible classes.
[camera] get_camera_image: received RGB frame.
get_semantic_camera_classes: detected classes = [{class_id:27, name: tree_crown, pixel_share:5.73%}, {class_id:28, name: tree_trunk, pixel_share:0.30%}].

Visual description:
- Scene shows a high-contrast horizontal black band across mid-frame with light gray sky above and lighter ground below.
- Small tree crown region and a thin trunk region are visible (low pixel coverage).

I cannot provide lidar centroids or object coordinates — ask the lidar specialist to report detected objects and centroids. If you want a stop confirmation for the tree, call confirm_stop with 'tree'.

[master -> camera] Please perform a sensing pass now (robot is stationary). Lidar: report any detected objects with class and centroid. Camera: capture image and report any class histogram or visible classes.
