===== Robot camera =====
started: 2026-08-23T22:15:56+02:00
command: AGENT_COUNT=3 AGENT_WORLD=open AGENT_PLATFORM=q1 AGENT_MCP_URL=http://127.0.0.1:8000/sse python -m agentpackage.architectures.hmas1.robot_agent --robot-id camera --host "127.0.0.1" --port "8765"

[shell_pid=137430] Robot camera
camera online (HMAS-1). Waiting for plan vote, DMAS huddle, STEP check, and leg dispatch.
Ctrl+C to exit.


[planner -> camera] dialogue request
[camera] AGREE

[planner -> camera] execute request
[camera] I captured and inspected the RGB frame (camera image read succeeded). The semantic camera call succeeded: it detected tree_crown (class_id 27, 7.18% of pixels) and tree_trunk (class_id 28, 0.38% of pixels).

[planner -> camera] step-check request
[camera] STEP_OK

[planner -> camera] execute request
[camera] I captured the camera frame while moving and ran the semantic classifier; both tools succeeded. The semantic camera reported tree_crown (class_id 27) and tree_trunk (class_id 28). No map-frame poses were produced.

[planner -> camera] step-check request
[camera] STEP_OK

[planner -> camera] execute request
[camera] I captured and examined the RGB frame from q1. get_camera_image succeeded and get_semantic_camera_classes returned class_id 12 = car (present, 4.71% of pixels); no other classes were detected.

[planner -> camera] step-check request
[camera] STEP_OK

[planner -> camera] execute request
[camera] I captured the camera frame and ran semantic classification; both calls succeeded. The semantic camera reported class_id 12 = car visible (1207 pixels, 4.71% of the image); the camera provides no object coordinates.

[planner -> camera] step-check request
[camera] STEP_OK

===== saved: 2026-08-23T22:26:25+02:00 as open_easy_hmas1_r3_fail_timeout =====
