===== DMAS camera =====
started: 2026-08-23T21:16:30+02:00
command: AGENT_COUNT=3 AGENT_WORLD=open AGENT_PLATFORM=q1 AGENT_MCP_URL=http://127.0.0.1:8000/sse python -m agentpackage.architectures.dmas.robot_agent --robot-id camera --host "127.0.0.1" --base-port "9101"

[shell_pid=123187] DMAS camera
camera online at 127.0.0.1:9103 (nav id q1).
DMAS robot: huddle, then plan/agree, then execute only its own leg.
Waiting for the fleet. Ctrl+C to exit.


[camera] turn requested
[camera] Next stop is the container. I will wait and not sense; navigator drives to a nearby free cell to search for it; lidar waits.

[camera] turn requested
[camera] AGREE

[camera] turn requested
[camera] I'll wait this round while lidar scans and navigator waits. Next stop is the container.

[camera] turn requested
[camera] AGREE

[camera] turn requested
[camera] AGREE

[camera] turn requested
[camera] I report the container at -9.91, 10.17. Navigator drives toward that stop (staying ≥3 m from the centroid); lidar waits and I wait.

[camera] turn requested
[camera] PLAN
navigator: navigate Q1 to x=-7.64 y=8.21 (this is ≥3 m from container at -9.91,10.17)
lidar: wait this round (no sensing)
camera: wait this round (no sensing)

[camera] turn requested
[camera] AGREE

===== saved: 2026-08-23T21:41:47+02:00 as open_easy_dmas_r5_fail_timeout =====
