===== DMAS lidar =====
started: 2026-08-23T21:16:30+02:00
command: AGENT_COUNT=3 AGENT_WORLD=open AGENT_PLATFORM=q1 AGENT_MCP_URL=http://127.0.0.1:8000/sse python -m agentpackage.architectures.dmas.robot_agent --robot-id lidar --host "127.0.0.1" --base-port "9101"

[shell_pid=123209] DMAS lidar
lidar online at 127.0.0.1:9102 (nav id q1).
DMAS robot: huddle, then plan/agree, then execute only its own leg.
Waiting for the fleet. Ctrl+C to exit.


[lidar] turn requested
[lidar] I will wait and not sense this round; navigator drives to a nearby free cell; camera waits.

[lidar] turn requested
[lidar] AGREE

[lidar] turn requested
[lidar] I'll perform a lidar scan now from our current pose to search for the container; navigator waits and camera waits.

[lidar] turn requested
[lidar] PLAN
navigator: navigate to x=0.08, y=1.56
lidar: perform a lidar scan now (call get_lidar_snapshot and get_semantic_lidar_objects) and report any semantic objects (do not confirm_stop this round)
camera: wait this round (no sensing or confirm)

[lidar] turn requested
[lidar] AGREE

[lidar] leg requested
[lidar] I ran a lidar snapshot and semantic lidar; both tools succeeded. Observed: tree_crown class_id=27 at x=-9.92 y=-9.83; rock class_id=40 at x=9.89 y=-9.84; container class_id=58 at x=-9.91 y=10.17; car class_id=12 at x=9.24 y=7.30; car class_id=12 at x=9.31 y=9.43.

[lidar] turn requested
[lidar] I'll wait this round and not sense. Navigator drives to a viewpoint at least 3 m from the container at -9.91, 10.17, and the camera waits too.

[lidar] turn requested
[lidar] AGREE

===== saved: 2026-08-23T21:41:47+02:00 as open_easy_dmas_r5_fail_timeout =====
