===== DMAS navigator =====
started: 2026-08-23T21:16:30+02:00
command: AGENT_COUNT=3 AGENT_WORLD=open AGENT_PLATFORM=q1 AGENT_MCP_URL=http://127.0.0.1:8000/sse python -m agentpackage.architectures.dmas.robot_agent --robot-id navigator --host "127.0.0.1" --base-port "9101"

[shell_pid=123230] DMAS navigator
navigator online at 127.0.0.1:9101 (nav id q1).
DMAS robot: huddle, then plan/agree, then execute only its own leg.
Waiting for the fleet. Ctrl+C to exit.


[navigator] turn requested
[navigator] I'll drive to a nearby free cell to search for the container. Lidar and camera wait this round.

[navigator] turn requested
[navigator] PLAN
navigator: Drive Q1 to x=4.0, y=0.0, yaw=1.571 (move to a nearby free cell to search for the container).
lidar: Wait this round (no sensing).
camera: Wait this round (no sensing).

[navigator] leg requested
[navigator] I drove Q1 from x=0.0069 y=-0.0061 to x=4.0 y=0.0 yaw=1.571 using navigate_to_pose; the navigate_to_pose call returned success. get_robot_pose and get_occupancy_map calls succeeded. No semantic objects were observed by my tools (I did not call any semantic sensing); objects=empty.

[navigator] turn requested
[navigator] Next stop is the container. I will wait this round; lidar will perform the scan and camera will wait.

[navigator] turn requested
[navigator] PLAN
navigator: wait this round (no driving)
lidar: perform a lidar scan now (call get_lidar_snapshot and get_semantic_lidar_objects) and report any semantic objects (do not confirm_stop this round)
camera: wait this round (no sensing or confirm)

[navigator] turn requested
[navigator] I'll drive to a viewpoint at least 3 m from the container (container at -9.91, 10.17). Lidar and camera wait this round; nobody senses.

[navigator] turn requested
[navigator] PLAN
navigator: navigate Q1 to x=-7.6432 y=8.2060 yaw=1.58 (this is 3.00 m from container at -9.91,10.17)
lidar: wait this round (no sensing)
camera: wait this round (no sensing)

[navigator] leg requested
[navigator] I drove Q1 to x=-7.6432 y=8.2060 yaw=1.58 using robot_id 'q1'; get_robot_pose and get_occupancy_map succeeded and navigate_to_pose reported success. Semantic object sensors were not called by me; I observed no object classes (I did not run lidar/camera). confirm_stop not called (confirmed=false).

===== saved: 2026-08-23T21:41:47+02:00 as open_easy_dmas_r5_fail_timeout =====
