===== Mission CLI =====
started: 2026-08-23T21:16:32+02:00
command: AGENT_COUNT=3 AGENT_WORLD=open AGENT_PLATFORM=q1 python -m agentpackage.architectures.dmas.mission_cli --host "127.0.0.1" --base-port "9101" --cli-port "9099"

[shell_pid=123264] Mission CLI
Mission console online as 'CLI' at 127.0.0.1:9099.
Fleet: navigator, lidar, camera
Protocol: first 3 turns of each round are discussion only (no PLAN/AGREE), then PLAN and AGREE (or after 12 turns the last plan is executed) -> one short leg each -> discuss again (at most 12 rounds). Mission ends when every robot says FINISHED.
Paste a mission prompt and press Enter. Type quit / exit to leave.

mission> ... fleet discussion started (timer running) ...
--- mission timeout armed: 10m 0.0s (600s) from this prompt ---

--- round 1 discussion ---
  turn 1: navigator: I'll drive to a nearby free cell to search for the container. Lidar and camera wait this round.
  turn 2: lidar: I will wait and not sense this round; navigator drives to a nearby free cell; camera waits.
  turn 3: camera: Next stop is the container. I will wait and not sense; navigator drives to a nearby free cell to search for it; lidar waits.
  ----- now planning -----
  turn 4: navigator PLAN (3 legs) -> navigator: Drive Q1 to x=4.0, y=0.0, yaw=1.571 (move to a nearby free cell to search for the container).; lidar: Wait this round (no sensing).; camera: Wait this round (no sensing).
  turn 5: lidar AGREE (2/3 back the plan)
  turn 6: camera AGREE
  agreed (proposed by navigator)

--- round 1 execution ---

  executing round 1: navigator
  [navigator] I drove Q1 from x=0.0069 y=-0.0061 to x=4.0 y=0.0 yaw=1.571 using navigate_to_pose; the navigate_to_pose call returned success. get_robot_pose and get_occupancy_map calls succeeded. No semantic objects were observed by my tools (I did not call any semantic sensing); objects=empty.
  [lidar] waited, no action
  [camera] waited, no action

--- round 2 discussion ---
  turn 1: lidar: I'll perform a lidar scan now from our current pose to search for the container; navigator waits and camera waits.
  turn 2: camera: I'll wait this round while lidar scans and navigator waits. Next stop is the container.
  turn 3: navigator: Next stop is the container. I will wait this round; lidar will perform the scan and camera will wait.
  ----- now planning -----
  turn 4: lidar PLAN (3 legs) -> navigator: navigate to x=0.08, y=1.56; lidar: perform a lidar scan now (call get_lidar_snapshot and get_semantic_lidar_objects) and report any semantic objects (do not confirm_stop this round); camera: wait this round (no sensing or confirm)
  turn 5: camera AGREE (2/3 back the plan)
  turn 6: navigator PLAN (3 legs) -> navigator: wait this round (no driving); lidar: perform a lidar scan now (call get_lidar_snapshot and get_semantic_lidar_objects) and report any semantic objects (do not confirm_stop this round); camera: wait this round (no sensing or confirm)
  turn 7: lidar AGREE (2/3 back the plan)
  turn 8: camera AGREE
  agreed (proposed by navigator)

--- round 2 execution ---

  executing round 2: lidar
  [navigator] waited, no action
  [lidar] I ran a lidar snapshot and semantic lidar; both tools succeeded. Observed: tree_crown class_id=27 at x=-9.92 y=-9.83; rock class_id=40 at x=9.89 y=-9.84; container class_id=58 at x=-9.91 y=10.17; car class_id=12 at x=9.24 y=7.30; car class_id=12 at x=9.31 y=9.43.
  [camera] waited, no action

--- round 3 discussion ---
  turn 1: camera: I report the container at -9.91, 10.17. Navigator drives toward that stop (staying ≥3 m from the centroid); lidar waits and I wait.
  turn 2: navigator: I'll drive to a viewpoint at least 3 m from the container (container at -9.91, 10.17). Lidar and camera wait this round; nobody senses.
  turn 3: lidar: I'll wait this round and not sense. Navigator drives to a viewpoint at least 3 m from the container at -9.91, 10.17, and the camera waits too.
  ----- now planning -----
  turn 4: camera PLAN (3 legs) -> navigator: navigate Q1 to x=-7.64 y=8.21 (this is ≥3 m from container at -9.91,10.17); lidar: wait this round (no sensing); camera: wait this round (no sensing)
  turn 5: navigator PLAN (3 legs) -> navigator: navigate Q1 to x=-7.6432 y=8.2060 yaw=1.58 (this is 3.00 m from container at -9.91,10.17); lidar: wait this round (no sensing); camera: wait this round (no sensing)
  turn 6: lidar AGREE (2/3 back the plan)
  turn 7: camera AGREE
  agreed (proposed by navigator)

--- round 3 execution ---

  executing round 3: navigator
  [navigator] I drove Q1 to x=-7.6432 y=8.2060 yaw=1.58 using robot_id 'q1'; get_robot_pose and get_occupancy_map succeeded and navigate_to_pose reported success. Semantic object sensors were not called by me; I observed no object classes (I did not run lidar/camera). confirm_stop not called (confirmed=false).
  [lidar] waited, no action
  [camera] waited, no action

*** EXPERIMENT TIMEOUT after 10m 0.0s — stopping all experiment processes ***


===== saved: 2026-08-23T21:41:47+02:00 as open_easy_dmas_r5_fail_timeout =====
