===== Robot lidar =====
started: 2026-08-24T14:56:26+02:00
command: AGENT_COUNT=3 AGENT_WORLD=open AGENT_PLATFORM=q1 AGENT_MCP_URL=http://127.0.0.1:8000/sse python -m agentpackage.architectures.hmas1.robot_agent --robot-id lidar --host "127.0.0.1" --port "8765"

[shell_pid=57427] Robot lidar
lidar online (HMAS-1). Waiting for plan vote, DMAS huddle, STEP check, and leg dispatch.
Ctrl+C to exit.


[planner -> lidar] dialogue request
[lidar] AGREE

[planner -> lidar] execute request
[lidar] I ran a semantic lidar scan (get_lidar_snapshot and get_semantic_lidar_objects); both tools succeeded. Detected objects: container (class_id 58) at x=-9.94, y=10.08; car (12) at x=9.24, y=8.31; rock (40) at x=9.66, y=-9.79; tree_crown/tree_trunk entries also reported.

[planner -> lidar] step-check request
[lidar] STEP_OK

[planner -> lidar] execute request
[lidar] I performed a lidar snapshot and a semantic lidar scan; both tool calls succeeded. Detected objects: car (class_id 12) at x=9.35, y=7.69; tree_crown (class_id 27) at x=-9.93, y=-10.02; rock (class_id 40) at x=9.78, y=-9.81; container (class_id 58) at x=-9.42, y=10.22.

[planner -> lidar] step-check request
[lidar] STEP_OK

[planner -> lidar] execute request
[lidar] I ran lidar: got a lidar snapshot (min range 2.32 m) and semantic lidar returned two rocks at (8.77, -9.97) and (11.03, -9.69). confirm_stop("rock") returned not confirmed (not close enough).

[planner -> lidar] step-check request
[lidar] STEP_OK

[planner -> lidar] execute request
[lidar] I ran a lidar snapshot and a semantic lidar scan from q1; both calls succeeded. Semantic lidar returned one container (class 58) at x=-9.47, y=10.21 (n_points=6); lidar snapshot min range 2.32 m.

[planner -> lidar] step-check request
[lidar] STEP_OK

[planner -> lidar] huddle request
[lidar] I'll perform a semantic lidar scan now to search for the nearest rock (next stop: rock). Navigator: wait; Camera: wait.

[planner -> lidar] dialogue request
[lidar] PLAN:
- navigator: wait at (-4.11, 4.52).
- lidar: perform a semantic lidar scan now for the nearest rock — will call get_lidar_snapshot and get_semantic_lidar_objects('rock') and report any centroids (class_id + map-frame x/y). If already at a valid rock stop, call confirm_stop("rock"); otherwise report results (or empty) so we can plan a viewpoint change next.
- camera: wait and be ready to capt

[planner -> lidar] execute request
[lidar] I ran get_lidar_snapshot and get_semantic_lidar_objects('rock'); both calls succeeded. Semantic lidar returned one rock (class_id 40) at map-frame x=9.72, y=-9.82.

[planner -> lidar] huddle request
[lidar] No one senses this round; navigator drives while I wait and camera waits. Next stop is the nearest rock, last seen at x=9.72, y=-9.82.

[planner -> lidar] dialogue request
[lidar] navigator: DRIVE to (7.64, -7.66) — this approach point is ≥3.0 m from the rock at (9.72, -9.82).
lidar: wait (no sensing this round).
camera: wait (no sensing this round).

[planner -> lidar] dialogue request
[lidar] AGREE

[planner -> lidar] huddle request
[lidar] I'll run a semantic lidar scan for the nearest rock (last seen at 9.72, -9.82); navigator will wait (no driving) and camera will wait to capture an image.

[planner -> lidar] dialogue request
[lidar] AGREE

===== saved: 2026-08-24T15:14:56+02:00 as open_medium_hmas1_r1_fail_timeout =====
