===== Robot camera =====
started: 2026-08-24T14:56:26+02:00
command: AGENT_COUNT=3 AGENT_WORLD=open AGENT_PLATFORM=q1 AGENT_MCP_URL=http://127.0.0.1:8000/sse python -m agentpackage.architectures.hmas1.robot_agent --robot-id camera --host "127.0.0.1" --port "8765"

[shell_pid=57448] Robot camera
camera online (HMAS-1). Waiting for plan vote, DMAS huddle, STEP check, and leg dispatch.
Ctrl+C to exit.


[planner -> camera] dialogue request
[camera] AGREE

[planner -> camera] execute request
[camera] I captured and inspected the RGB frame: it shows a wide, nearly horizontal dark band across the middle with lighter gray regions above and below (like a low-contrast horizon or shadowed ground). get_semantic_camera_classes succeeded and returned no detected classes. No labeled objects are visible.

[planner -> camera] step-check request
[camera] STEP_OK

[planner -> camera] execute request
[camera] I captured an RGB frame showing a dark convertible car on the right against a high-contrast (light ceiling, dark walls/floor) background. get_camera_image succeeded and get_semantic_camera_classes succeeded. Semantic result: class_id 12 = car (2,344 pixels, ≈9.16% of the frame).

[planner -> camera] step-check request
[camera] STEP_OK

[planner -> camera] execute request
[camera] I captured and inspected the RGB frame; it shows a dark convertible car on the right against a mostly empty background. The semantic camera class call succeeded and returned class_id 12 = car (≈9.16% of pixels). No other semantic classes were detected.

[planner -> camera] step-check request
[camera] STEP_OK

[planner -> camera] execute request
[camera] I captured an RGB image and inspected it; the frame shows a dark convertible car in the right foreground against a two-tone (gray/black) background. The camera and semantic-class call succeeded. Semantic result: class_id 12 = car (2344 pixels, 9.16% of the frame); no object poses available from the camera.

[planner -> camera] step-check request
[camera] STEP_OK

[planner -> camera] huddle request
[camera] I'll wait this round and be ready to capture an image after lidar's scan; the next stop is the rock. Lidar senses, navigator waits, camera waits.

[planner -> camera] dialogue request
[camera] AGREE

[planner -> camera] huddle request
[camera] No one senses this round: navigator drives while lidar and I wait. Next stop is the nearest rock — last lidar reported it at (9.72, -9.82).

[planner -> camera] dialogue request
[camera] navigator: DRIVE to (7.64, -7.66) — this point is ≥3.0 m from the last-seen rock at (9.72, -9.82).
lidar: wait (no sensing this round).
camera: wait (no sensing this round).

[planner -> camera] dialogue request
[camera] AGREE

[planner -> camera] huddle request
[camera] I'll capture an RGB image while lidar runs a semantic scan; navigator waits (no driving). Next stop is the nearest rock (last seen at 9.72, -9.82).

[planner -> camera] dialogue request
[camera] AGREE

===== saved: 2026-08-24T15:14:56+02:00 as open_medium_hmas1_r1_fail_timeout =====
