===== Planner (HMAS-1) =====
started: 2026-08-24T14:56:26+02:00
command: AGENT_COUNT=3 AGENT_WORLD=open AGENT_PLATFORM=q1 AGENT_MCP_URL=http://127.0.0.1:8000/sse python -m agentpackage.architectures.hmas1.planner_agent --host "127.0.0.1" --port "8765"

[shell_pid=57472] Planner (HMAS-1)
HMAS-1 planner online. Robots: navigator, lidar, camera
Limits: 12 work STEPs plus a final FINISHED STEP, 3 syntax retries. One AGREE/DISAGREE vote on the original plan; unanimous AGREE executes it. After each work STEP every executor reports STEP_OK or STEP_FAILED; STEP_FAILED drops the original plan and continues as DMAS. A DISAGREE or new PLAN on the original vote also switches to DMAS.
Type the mission and press Enter. Ctrl+C to exit.

mission> --- mission timeout armed: 15m 0.0s (900s) from this prompt ---

=== original mission plan ===
World: open
One Q1 robot. Specialists: navigator, lidar, camera (not a multi-robot fleet; no stations or boxes).
Q1 pose: (0.0, 0.01), yaw=1.571
Confirmed stops (done): (none yet)
Last lidar-seen objects: (none yet)
Object x/y come only from lidar when close (or Last lidar-seen above). Occupancy is walls/free space, not objects. Do not invent coordinates.
[planner proposal]
PLAN
STEP 1
navigator: wait at current pose (do not move).
lidar: perform a semantic lidar scan (sense range + report any centroids seen).
camera: capture an RGB image and provide an optional class histogram.

STEP 2
navigator: if STEP 1 returned a centroid for the nearest rock (class 40) compute an approach goal that is at least 3 m from that centroid by offsetting the centroid toward spawn (0,0) and drive there; otherwise (no rock centroid) request an occupancy map (walls/free space) and drive to a chosen free-cell viewpoint in a different quadrant from any already-seen objects to explore.
lidar: wait while navigator moves.
camera: wait while navigator moves.

STEP 3
navigator: wait (arrived at the viewpoint or approach goal).
lidar: perform a semantic lidar scan (sense range + report centroids).
camera: capture an RGB image and provide an optional class histogram.

STEP 4
navigator: if lidar now reports a rock centroid and the current pose is closer than desired, compute and drive to an approach goal that is >= 3 m from that rock centroid (offset toward spawn or toward a chosen free cell); otherwise if the current pose is already >= 3 m from the reported rock centroid keep posit
[ORIGINAL PLAN]
STEP 1
navigator: wait at current pose (do not move).
lidar: perform a semantic lidar scan (sense range + report any centroids seen).
camera: capture an RGB image and provide an optional class histogram.
STEP 2
navigator: if STEP 1 returned a centroid for the nearest rock (class 40) compute an approach goal that is at least 3 m from that centroid by offsetting the centroid toward spawn (0,0) and drive there; otherwise (no rock centroid) request an occupancy map (walls/free space) and drive to a chosen free-cell viewpoint in a different quadrant from any already-seen objects to explore.
lidar: wait while navigator moves.
camera: wait while navigator moves.
STEP 3
navigator: wait (arrived at the viewpoint or approach goal).
lidar: perform a semantic lidar scan (sense range + report centroids).
camera: capture an RGB image and provide an optional class histogram.
STEP 4
navigator: if lidar now reports a rock centroid and the current pose is closer than desired, compute and drive to an approach goal that is >= 3 m from that rock centroid (offset toward spawn or toward a chosen free cell); otherwise if the current pose is already >= 3 m from the reported rock centroid keep position and do not move.
lidar: wait while navigator moves (or waits).
camera: wait while navigator moves (or waits).
STEP 5
navigator: wait.
lidar: if at a valid stop for the rock, call confirm_stop("rock"); otherwise report not-confirmed and we will continue exploring (the plan loops to further exploration if needed).
camera: capture an RGB image / provide class histogram.
STEP 6
navigator: wait.
lidar: perform a semantic lidar scan now to begin searching for the nearest container (class 58) from the current pose (do not move while sensing).
camera: capture an RGB image and provide an optional class histogram.
STEP 7
navigator: if STEP 6 returned a container centroid compute an approach goal at least 3 m from that centroid (offset toward spawn / anchor) and drive there; otherwise request an occupancy map if not recently obtained, pick a different free-cell viewpoint away from already-seen detections, and drive there to explore.
lidar: wait while navigator moves.
camera: wait while navigator moves.
STEP 8
navigator: wait (arrived at the viewpoint or approach goal).
lidar: perform a semantic lidar scan (sense range + report centroids).
camera: capture an RGB image and provide an optional class histogram.
STEP 9
navigator: if lidar now reports a container centroid and current pose is closer than desired, compute and drive to an approach goal >= 3 m from that centroid (offset toward spawn / anchor); otherwise if current pose is already >= 3 m from the container centroid, stay.
lidar: wait while navigator moves (or waits).
camera: wait while navigator moves (or waits).
STEP 10
navigator: wait.
lidar: if at a valid stop for the container, call confirm_stop("container"); otherwise report not-confirmed (and the planner will continue exploration per the above loop).
camera: capture an RGB image / provide optional histogram.
STEP 11
navigator: wait.
lidar: perform a semantic lidar scan now to begin searching for the nearest car (class 12).
camera: capture an RGB image and provide an optional class histogram.
STEP 12
navigator: if STEP 11 returned a car centroid compute an approach goal at least 3 m from that centroid (offset toward spawn / anchor) and drive there; otherwise request an occupancy map if needed, choose a free-cell viewpoint away from already-seen detections, and drive there to explore. (After arrival do one more lidar sense and then, if centroid reported and approach goal required, drive to a >=3 m offset and then confirm.)
lidar: wait while navigator moves.
camera: wait while navigator moves.
STEP 13
FINISHED

=== vote on original plan (AGREE / DISAGREE) ===
[lidar] AGREE
[navigator] AGREE
[camera] AGREE
[planner] every robot AGREEd the original plan

[EXECUTE original STEP 1/13]
[result step 1]
navigator: waited, no action
lidar: I ran a semantic lidar scan (get_lidar_snapshot and get_semantic_lidar_objects); both tools succeeded. Detected objects: container (class_id 58) at x=-9.94, y=10.08; car (12) at x=9.24, y=8.31; rock (40) at x=9.66, y=-9.79; tree_crown/tree_
camera: I captured and inspected the RGB frame: it shows a wide, nearly horizontal dark band across the middle with lighter gray regions above and below (like a low-contrast horizon or shadowed ground). get_semantic_camera_classes succeeded and ret
[step check] original STEP 1: each executor reports STEP_OK or STEP_FAILED
  [lidar] ok: STEP_OK
  [camera] ok: STEP_OK
[step check] STEP 1 accomplished — continue original plan

[EXECUTE original STEP 2/13]
[result step 2]
navigator: I drove q1 to (6.0, 6.0); navigate_to_pose succeeded (reached=true). I requested the occupancy map and observed free space (grid returned); no object centroids were observed by my tools.
lidar: waited, no action
camera: waited, no action
[step check] original STEP 2: each executor reports STEP_OK or STEP_FAILED
  [navigator] ok: STEP_OK
[step check] STEP 2 accomplished — continue original plan

[EXECUTE original STEP 3/13]
[result step 3]
navigator: waited, no action
lidar: I performed a lidar snapshot and a semantic lidar scan; both tool calls succeeded. Detected objects: car (class_id 12) at x=9.35, y=7.69; tree_crown (class_id 27) at x=-9.93, y=-10.02; rock (class_id 40) at x=9.78, y=-9.81; container (class
camera: I captured an RGB frame showing a dark convertible car on the right against a high-contrast (light ceiling, dark walls/floor) background. get_camera_image succeeded and get_semantic_camera_classes succeeded. Semantic result: class_id 12 = c
[step check] original STEP 3: each executor reports STEP_OK or STEP_FAILED
  [lidar] ok: STEP_OK
  [camera] ok: STEP_OK
[step check] STEP 3 accomplished — continue original plan

[EXECUTE original STEP 4/13]
[result step 4]
navigator: I waited and did not drive. No navigate_to_pose call was made (no tool activity). No rock centroid report was available to the navigator, so I held position.
lidar: waited, no action
camera: waited, no action
[step check] original STEP 4: each executor reports STEP_OK or STEP_FAILED
  [navigator] ok: STEP_OK
[step check] STEP 4 accomplished — continue original plan

[EXECUTE original STEP 5/13]
[result step 5]
navigator: waited, no action
lidar: I ran lidar: got a lidar snapshot (min range 2.32 m) and semantic lidar returned two rocks at (8.77, -9.97) and (11.03, -9.69). confirm_stop("rock") returned not confirmed (not close enough).
camera: I captured and inspected the RGB frame; it shows a dark convertible car on the right against a mostly empty background. The semantic camera class call succeeded and returned class_id 12 = car (≈9.16% of pixels). No other semantic classes we
[step check] original STEP 5: each executor reports STEP_OK or STEP_FAILED
  [lidar] ok: STEP_OK
  [camera] ok: STEP_OK
[step check] STEP 5 accomplished — continue original plan

[EXECUTE original STEP 6/13]
[result step 6]
navigator: waited, no action
lidar: I ran a lidar snapshot and a semantic lidar scan from q1; both calls succeeded. Semantic lidar returned one container (class 58) at x=-9.47, y=10.21 (n_points=6); lidar snapshot min range 2.32 m.
camera: I captured an RGB image and inspected it; the frame shows a dark convertible car in the right foreground against a two-tone (gray/black) background. The camera and semantic-class call succeeded. Semantic result: class_id 12 = car (2344 pixe
[step check] original STEP 6: each executor reports STEP_OK or STEP_FAILED
  [camera] ok: STEP_OK
  [lidar] ok: STEP_OK
[step check] STEP 6 accomplished — continue original plan

[EXECUTE original STEP 7/13]
[result step 7]
navigator: I fetched the occupancy map and then attempted to navigate Q1 to (5.0, 5.0) as an exploratory viewpoint. The occupancy map call succeeded; navigate_to_pose failed (timeout) and reported the robot's last pose at x=-4.154103017441928, y=4.522
lidar: waited, no action
camera: waited, no action
[step check] original STEP 7: each executor reports STEP_OK or STEP_FAILED
  [navigator] failed: STEP_FAILED
[step check] STEP 7 not accomplished (navigator) — switching to DMAS

=== DMAS fallback (after original STEP 7, navigator reported STEP_FAILED (the assigned leg was not accomplished). The original plan is dropped; continue as a peer fleet.) ===

--- DMAS round 8 ---
  asking lidar (DMAS r8 t1)...
  [lidar] I'll perform a semantic lidar scan now to search for the nearest rock (next stop: rock). Navigator: wait; Camera: wait.
  turn 1: lidar: I'll perform a semantic lidar scan now to search for the nearest rock (next stop: rock). Navigator: wait; Camera: wait.
  asking camera (DMAS r8 t2)...
  [camera] I'll wait this round and be ready to capture an image after lidar's scan; the next stop is the rock. Lidar senses, navigator waits, camera waits.
  turn 2: camera: I'll wait this round and be ready to capture an image after lidar's scan; the next stop is the rock. Lidar senses, navigator waits, camera waits.
  asking navigator (DMAS r8 t3)...
  [navigator] I'll wait while lidar performs a semantic scan; camera waits too. No one drives this round; next stop is the nearest rock.
  turn 3: navigator: I'll wait while lidar performs a semantic scan; camera waits too. No one drives this round; next stop is the nearest rock.
  ----- now planning -----
  asking lidar (DMAS r8 t4)...
  [lidar] PLAN: - navigator: wait at (-4.11, 4.52). - lidar: perform a semantic lidar scan now for the nearest rock — will call get_lidar_snapshot and get_semantic_lidar_
  turn 4: lidar PLAN (3 legs)
  asking camera (DMAS r8 t5)...
  [camera] AGREE
  turn 5: camera AGREE
  asking navigator (DMAS r8 t6)...
  [navigator] AGREE
  turn 6: navigator AGREE
[EXECUTE DMAS step 8]
[result step 8]
navigator: waited, no action
lidar: I ran get_lidar_snapshot and get_semantic_lidar_objects('rock'); both calls succeeded. Semantic lidar returned one rock (class_id 40) at map-frame x=9.72, y=-9.82.
camera: waited, no action

--- DMAS round 9 ---
  asking camera (DMAS r9 t1)...
  [camera] No one senses this round: navigator drives while lidar and I wait. Next stop is the nearest rock — last lidar reported it at (9.72, -9.82).
  turn 1: camera: No one senses this round: navigator drives while lidar and I wait. Next stop is the nearest rock — last lidar reported it at (9.72, -9.82).
  asking navigator (DMAS r9 t2)...
  [navigator] I'll drive to a viewpoint at least 3 m from the nearest rock (9.72, -9.82). Lidar and camera wait; no one senses this round.
  turn 2: navigator: I'll drive to a viewpoint at least 3 m from the nearest rock (9.72, -9.82). Lidar and camera wait; no one senses this round.
  asking lidar (DMAS r9 t3)...
  [lidar] No one senses this round; navigator drives while I wait and camera waits. Next stop is the nearest rock, last seen at x=9.72, y=-9.82.
  turn 3: lidar: No one senses this round; navigator drives while I wait and camera waits. Next stop is the nearest rock, last seen at x=9.72, y=-9.82.
  ----- now planning -----
  asking camera (DMAS r9 t4)...
  [camera] navigator: DRIVE to (7.64, -7.66) — this point is ≥3.0 m from the last-seen rock at (9.72, -9.82). lidar: wait (no sensing this round). camera: wait (no sensing
  turn 4: camera: navigator: DRIVE to (7.64, -7.66) — this point is ≥3.0 m from the last-seen rock at (9.72, -9.82). lidar: wait (no sensing this round). camera: wait (no sensing
  asking navigator (DMAS r9 t5)...
  [navigator] PLAN: - navigator: DRIVE to (7.61, -7.69) — this approach point is ≥3.0 m from the last-seen rock at (9.72, -9.82). - lidar: wait (no sensing this round). - cam
  turn 5: navigator PLAN (3 legs)
  asking lidar (DMAS r9 t6)...
  [lidar] navigator: DRIVE to (7.64, -7.66) — this approach point is ≥3.0 m from the rock at (9.72, -9.82). lidar: wait (no sensing this round). camera: wait (no sensing 
  turn 6: lidar: navigator: DRIVE to (7.64, -7.66) — this approach point is ≥3.0 m from the rock at (9.72, -9.82). lidar: wait (no sensing this round). camera: wait (no sensing 
  asking camera (DMAS r9 t7)...
  [camera] AGREE
  turn 7: camera AGREE
  asking navigator (DMAS r9 t8)...
  [navigator] AGREE
  turn 8: navigator AGREE
  asking lidar (DMAS r9 t9)...
  [lidar] AGREE
  turn 9: lidar AGREE
[EXECUTE DMAS step 9]
[result step 9]
navigator: I drove Q1 to (7.61, -7.69); navigate_to_pose returned success (reached=true). I observed no objects (I did not run sensors).
lidar: waited, no action
camera: waited, no action

--- DMAS round 10 ---
  asking navigator (DMAS r10 t1)...
  [navigator] I'll wait; lidar should run a semantic scan for the nearest rock (last seen at 9.72, -9.82) and camera should capture an image, with no driving this round.
  turn 1: navigator: I'll wait; lidar should run a semantic scan for the nearest rock (last seen at 9.72, -9.82) and camera should capture an image, with no driving this round.
  asking lidar (DMAS r10 t2)...
  [lidar] I'll run a semantic lidar scan for the nearest rock (last seen at 9.72, -9.82); navigator will wait (no driving) and camera will wait to capture an image.
  turn 2: lidar: I'll run a semantic lidar scan for the nearest rock (last seen at 9.72, -9.82); navigator will wait (no driving) and camera will wait to capture an image.
  asking camera (DMAS r10 t3)...
  [camera] I'll capture an RGB image while lidar runs a semantic scan; navigator waits (no driving). Next stop is the nearest rock (last seen at 9.72, -9.82).
  turn 3: camera: I'll capture an RGB image while lidar runs a semantic scan; navigator waits (no driving). Next stop is the nearest rock (last seen at 9.72, -9.82).
  ----- now planning -----
  asking navigator (DMAS r10 t4)...
  [navigator] PLAN: - navigator: navigate Q1 to (7.61, -7.69, yaw=0.0) — approach point ≥3.0 m from the last-seen rock at (9.72, -9.82). - lidar: wait (no sensing this round)
  turn 4: navigator PLAN (3 legs)
  asking lidar (DMAS r10 t5)...
  [lidar] AGREE
  turn 5: lidar AGREE
  asking camera (DMAS r10 t6)...
  [camera] AGREE
  turn 6: camera AGREE
[EXECUTE DMAS step 10]

*** EXPERIMENT TIMEOUT after 15m 0.0s — stopping all experiment processes ***


===== saved: 2026-08-24T15:14:56+02:00 as open_medium_hmas1_r1_fail_timeout =====
