===== DMAS lidar =====
started: 2026-08-24T12:38:21+02:00
command: AGENT_COUNT=3 AGENT_WORLD=open AGENT_PLATFORM=q1 AGENT_MCP_URL=http://127.0.0.1:8000/sse python -m agentpackage.architectures.dmas.robot_agent --robot-id lidar --host "127.0.0.1" --base-port "9101"

[shell_pid=42730] DMAS lidar
lidar online at 127.0.0.1:9102 (nav id q1).
DMAS robot: huddle, then plan/agree, then execute only its own leg.
Waiting for the fleet. Ctrl+C to exit.


[lidar] turn requested
[lidar] I will perform a lidar scan from our current pose to look for the nearest rock; navigator waits and camera waits this round.

[lidar] turn requested
[lidar] AGREE

[lidar] leg requested
[lidar] I performed a semantic lidar scan from the current pose; get_lidar_snapshot and get_semantic_lidar_objects both succeeded. Observed: tree_crown class_id=27 at x=-10.02 y=-9.71; tree_trunk class_id=28 at x=-10.53 y=-10.29; container class_id=58 at x=-9.9 y=10.09; car class_id=12 at x=9.27 y=8.27; rock class_id=40 at x=9.39 y=-10.25; tree_crown class_id=27 at x=-9.88 y=-11.76.

[lidar] turn requested
[lidar] I see the next stop is a rock at 9.39, -10.25. Navigator drives to a viewpoint at least 3 m from that centroid, lidar waits, camera waits.

[lidar] turn requested
[lidar] PLAN
navigator: navigate_to_pose x=7.36 y=-8.04
lidar: no sensing this round (standby)
camera: standby (no actions this round)

[lidar] leg requested
[lidar] I waited on standby and performed no sensing this round (no tools called). Therefore there were no tool successes or failures to report. No objects observed.

[lidar] turn requested
[lidar] I’ll wait this round and not sense. Navigator drives to a viewpoint at least 3.00 m from the nearest rock at 9.39, -10.25. Camera waits.

[lidar] turn requested
[lidar] PLAN
navigator: navigate_to_pose x=8.765 y=-7.316
lidar: standby (no sensing this round)
camera: standby (no sensing this round)

[lidar] leg requested
[lidar] I waited on standby and performed no sensing or tool calls this round. No tools were invoked, so there are no observed classes or coordinates to report. No confirm_stop was called.

[lidar] turn requested
[lidar] I last saw the rock at 9.39, -10.25. Navigator drives toward that rock (staying ≥3 m from 9.39, -10.25), lidar waits, camera waits.

[lidar] turn requested
[lidar] AGREE

[lidar] leg requested
[lidar] I waited on standby and performed no sensing this round (no tool calls). No tools were invoked, so there are no success/failure results to report. Observed objects: none (no semantic lidar data collected).

[lidar] turn requested
[lidar] I see the next stop is the rock at 9.39, -10.25. Navigator, drive to a viewpoint at least 3 m from (9.39, -10.25); camera and I will wait this round.

[lidar] turn requested
[lidar] PLAN
navigator: wait at current pose x=8.845 y=-7.300 (no driving this round)
lidar: perform sensing NOW — call get_lidar_snapshot(robot_id='q1') and get_semantic_lidar_objects() and report every detected object as class_id=… class=… x=… y=…. If Q1 is already stopped at the rock, call confirm_stop('rock').
camera: wait (no actions this round)

[lidar] leg requested
[lidar] I called get_lidar_snapshot(robot_id='q1') and get_semantic_lidar_objects(); both calls succeeded. Observed: rock class_id=40 at x=9.57 y=-9.94; tree_crown class_id=27 at x=-9.54 y=-10.24; tree_crown class_id=27 at x=-11.58 y=-9.32. I did not call confirm_stop('rock') because Q1 is not already stopped at the rock.

[lidar] turn requested
[lidar] I wait this round; navigator drives and camera waits. Next stop is the rock at 9.57, -9.94.

[lidar] turn requested
[lidar] AGREE

[lidar] leg requested
[lidar] I waited on standby this round and performed no sensing or tool calls. No tools were used or invoked, so there are no tool results to report. Observed objects: none (no lidar scans performed). confirm_stop was not called.

===== saved: 2026-08-24T13:21:25+02:00 as open_medium_dmas_r1_fail_timeout =====
