===== DMAS navigator =====
started: 2026-08-24T12:38:21+02:00
command: AGENT_COUNT=3 AGENT_WORLD=open AGENT_PLATFORM=q1 AGENT_MCP_URL=http://127.0.0.1:8000/sse python -m agentpackage.architectures.dmas.robot_agent --robot-id navigator --host "127.0.0.1" --base-port "9101"

[shell_pid=42751] DMAS navigator
navigator online at 127.0.0.1:9101 (nav id q1).
DMAS robot: huddle, then plan/agree, then execute only its own leg.
Waiting for the fleet. Ctrl+C to exit.


[navigator] turn requested
[navigator] I will stay put (no driving); lidar senses from our current pose and the camera waits this round. Next stop is the nearest rock.

[navigator] turn requested
[navigator] PLAN
navigator: remain at current pose (0.0, -0.01); no driving this round.
lidar: perform a semantic lidar scan from current pose to search for the nearest rock and report every detected object as class_id=… class=… x=… y=….
camera: wait this round (no actions).

[navigator] turn requested
[navigator] I'll drive to a viewpoint at least 3 m from the rock at 9.39, -10.25. Lidar and camera wait this round.

[navigator] turn requested
[navigator] AGREE

[navigator] leg requested
[navigator] I drove Q1 to x=7.36 y=-8.04 using navigate_to_pose; the tool returned success (reached=true, status=succeeded). No sensors were called by me, so I observed no object classes.

[navigator] turn requested
[navigator] I will drive to a viewpoint at least 3 m from the nearest rock (rock at 9.39, -10.25). Lidar and camera wait this round (no sensing).

[navigator] turn requested
[navigator] PLAN
navigator: navigate_to_pose x=8.765 y=-7.316
lidar: standby (no sensing this round)
camera: get_camera_image and get_semantic_camera_classes (capture and report visible classes)

[navigator] turn requested
[navigator] AGREE

[navigator] leg requested
[navigator] I drove q1 to x=8.765 y=-7.316 using navigate_to_pose; the tool returned success=true and reached=true. No semantic objects were observed by my tools (I only drove; sensing is being done by peers). I did not call confirm_stop.

[navigator] turn requested
[navigator] I'll drive toward the next stop—the rock at 9.39, -10.25—and stop at least 3 m from its centroid. Lidar waits this round and camera waits.

[navigator] turn requested
[navigator] PLAN
navigator: navigate_to_pose robot_id='q1' x=8.845 y=-7.300 yaw=0.0 — drive to a viewpoint 3.0 m from rock centroid (9.39, -10.25) toward current pose (6.26, 6.69).
lidar: standby (no sensing this round).
camera: standby (no actions this round).

[navigator] leg requested
[navigator] I drove Q1 to (8.845, -7.300) yaw=0.0; navigate_to_pose succeeded (status=succeeded, reached=true). I observed no objects (no sensing tools called by me). No confirm_stop calls.

[navigator] turn requested
[navigator] I'll wait this round; lidar will sense and camera will wait. The next stop is the rock at 9.39, -10.25.

[navigator] turn requested
[navigator] AGREE

[navigator] turn requested
[navigator] I drive to a viewpoint that keeps us ≥3 m from the rock at 9.57, -9.94. Lidar waits and camera waits.

[navigator] turn requested
[navigator] AGREE

[navigator] leg requested

===== saved: 2026-08-24T13:21:25+02:00 as open_medium_dmas_r1_fail_timeout =====
