===== Mission CLI =====
started: 2026-08-24T12:38:22+02:00
command: AGENT_COUNT=3 AGENT_WORLD=open AGENT_PLATFORM=q1 python -m agentpackage.architectures.dmas.mission_cli --host "127.0.0.1" --base-port "9101" --cli-port "9099"

[shell_pid=42779] Mission CLI
Mission console online as 'CLI' at 127.0.0.1:9099.
Fleet: navigator, lidar, camera
Protocol: first 3 turns of each round are discussion only (no PLAN/AGREE), then PLAN and AGREE (or after 12 turns the last plan is executed) -> one short leg each -> discuss again (at most 12 rounds). Mission ends when every robot says FINISHED.
Paste a mission prompt and press Enter. Type quit / exit to leave.

mission> ... fleet discussion started (timer running) ...
--- mission timeout armed: 15m 0.0s (900s) from this prompt ---

--- round 1 discussion ---
  turn 1: navigator: I will stay put (no driving); lidar senses from our current pose and the camera waits this round. Next stop is the nearest rock.
  turn 2: lidar: I will perform a lidar scan from our current pose to look for the nearest rock; navigator waits and camera waits this round.
  turn 3: camera: I'll wait; lidar will sense from our current pose and navigator will stay put this round. Next stop is the nearest rock.
  ----- now planning -----
  turn 4: navigator PLAN (3 legs) -> navigator: remain at current pose (0.0, -0.01); no driving this round.; lidar: perform a semantic lidar scan from current pose to search for the nearest rock and report every detected object as class_id=… class=… x=… y=….; camera: wait this round (no actions).
  turn 5: lidar AGREE (2/3 back the plan)
  turn 6: camera AGREE
  agreed (proposed by navigator)

--- round 1 execution ---

  executing round 1: lidar
  [navigator] waited, no action
  [lidar] I performed a semantic lidar scan from the current pose; get_lidar_snapshot and get_semantic_lidar_objects both succeeded. Observed: tree_crown class_id=27 at x=-10.02 y=-9.71; tree_trunk class_id=28 at x=-10.53 y=-10.29; container class_id=58 at x=-9.9 y=10.09; car class_id=12 at x=9.27 y=8.27; rock class_id=40 at x=9.39 y=-10.25; tree_crown class_id=27 at x=-9.88 y=-11.76.
  [camera] waited, no action

--- round 2 discussion ---
  turn 1: lidar: I see the next stop is a rock at 9.39, -10.25. Navigator drives to a viewpoint at least 3 m from that centroid, lidar waits, camera waits.
  turn 2: camera: I hear the next stop is the rock at 9.39, -10.25. Navigator drives to a viewpoint at least 3 m from that centroid; lidar waits; I wait.
  turn 3: navigator: I'll drive to a viewpoint at least 3 m from the rock at 9.39, -10.25. Lidar and camera wait this round.
  ----- now planning -----
  turn 4: lidar PLAN (3 legs) -> navigator: navigate_to_pose x=7.36 y=-8.04; lidar: no sensing this round (standby); camera: standby (no actions this round)
  turn 5: camera AGREE (2/3 back the plan)
  turn 6: navigator AGREE
  agreed (proposed by lidar)

--- round 2 execution ---

  executing round 2: navigator, lidar, camera
  [navigator] I drove Q1 to x=7.36 y=-8.04 using navigate_to_pose; the tool returned success (reached=true, status=succeeded). No sensors were called by me, so I observed no object classes.
  [lidar] I waited on standby and performed no sensing this round (no tools called). Therefore there were no tool successes or failures to report. No objects observed.
  [camera] I waited on standby this round and performed no camera actions. No tools were called, so there are no tool successes to report. Observed classes: none (no camera/semantic data collected).

--- round 3 discussion ---
  turn 1: camera: I see the next stop is the nearest rock at 9.39, -10.25. Navigator drives; lidar and I wait.
  turn 2: navigator: I will drive to a viewpoint at least 3 m from the nearest rock (rock at 9.39, -10.25). Lidar and camera wait this round (no sensing).
  turn 3: lidar: I’ll wait this round and not sense. Navigator drives to a viewpoint at least 3.00 m from the nearest rock at 9.39, -10.25. Camera waits.
  ----- now planning -----
  turn 4: camera PLAN (3 legs) -> navigator: navigate_to_pose x=8.76 y=-7.32; lidar: standby (no sensing this round); camera: get_camera_image and get_semantic_camera_classes (capture and report visible classes)
  turn 5: navigator PLAN (3 legs) -> navigator: navigate_to_pose x=8.765 y=-7.316; lidar: standby (no sensing this round); camera: get_camera_image and get_semantic_camera_classes (capture and report visible classes)
  turn 6: lidar PLAN (3 legs) -> navigator: navigate_to_pose x=8.765 y=-7.316; lidar: standby (no sensing this round); camera: standby (no sensing this round)
  turn 7: camera AGREE (2/3 back the plan)
  turn 8: navigator AGREE
  agreed (proposed by lidar)

--- round 3 execution ---

  executing round 3: navigator, lidar, camera
  [navigator] I drove q1 to x=8.765 y=-7.316 using navigate_to_pose; the tool returned success=true and reached=true. No semantic objects were observed by my tools (I only drove; sensing is being done by peers). I did not call confirm_stop.
  [lidar] I waited on standby and performed no sensing or tool calls this round. No tools were invoked, so there are no observed classes or coordinates to report. No confirm_stop was called.
  [camera] I waited on standby this round and performed no sensing or tool calls. No camera tools were used, so there are no observed classes or coordinates to report. confirm_stop was not called.

--- round 4 discussion ---
  turn 1: navigator: I'll drive toward the next stop—the rock at 9.39, -10.25—and stop at least 3 m from its centroid. Lidar waits this round and camera waits.
  turn 2: lidar: I last saw the rock at 9.39, -10.25. Navigator drives toward that rock (staying ≥3 m from 9.39, -10.25), lidar waits, camera waits.
  turn 3: camera: I'll wait this round. Navigator drives toward the rock at 9.39, -10.25, and lidar waits.
  ----- now planning -----
  turn 4: navigator PLAN (3 legs) -> navigator: navigate_to_pose robot_id='q1' x=8.845 y=-7.300 yaw=0.0 — drive to a viewpoint 3.0 m from rock centroid (9.39, -10.25) toward current pose (6.26, 6.69).; lidar: standby (no sensing this round).; camera: standby (no actions this round).
  turn 5: lidar AGREE (2/3 back the plan)
  turn 6: camera AGREE
  agreed (proposed by navigator)

--- round 4 execution ---

  executing round 4: navigator, lidar, camera
  [navigator] I drove Q1 to (8.845, -7.300) yaw=0.0; navigate_to_pose succeeded (status=succeeded, reached=true). I observed no objects (no sensing tools called by me). No confirm_stop calls.
  [lidar] I waited on standby and performed no sensing this round (no tool calls). No tools were invoked, so there are no success/failure results to report. Observed objects: none (no semantic lidar data collected).
  [camera] I waited in standby this round and performed no actions or tool calls. No tools were invoked, so there are no tool success/failure results to report. No observed classes (empty).

--- round 5 discussion ---
  turn 1: lidar: I see the next stop is the rock at 9.39, -10.25. Navigator, drive to a viewpoint at least 3 m from (9.39, -10.25); camera and I will wait this round.
  turn 2: camera: I see the next stop is the rock at 9.39, -10.25. Navigator drives to a viewpoint ≥3 m from (9.39, -10.25); lidar and I will wait this round.
  turn 3: navigator: I'll wait this round; lidar will sense and camera will wait. The next stop is the rock at 9.39, -10.25.
  ----- now planning -----
  turn 4: lidar PLAN (3 legs) -> navigator: wait at current pose x=8.845 y=-7.300 (no driving this round); lidar: perform sensing NOW — call get_lidar_snapshot(robot_id='q1') and get_semantic_lidar_objects() and report every detected object as class_id=… class=… x=… y=…. If Q1 is already stopped at the rock, call confirm_stop('rock').; camera: wait (no actions this round)
  turn 5: camera AGREE (2/3 back the plan)
  turn 6: navigator AGREE
  agreed (proposed by lidar)

--- round 5 execution ---

  executing round 5: lidar
  [navigator] waited, no action
  [lidar] I called get_lidar_snapshot(robot_id='q1') and get_semantic_lidar_objects(); both calls succeeded. Observed: rock class_id=40 at x=9.57 y=-9.94; tree_crown class_id=27 at x=-9.54 y=-10.24; tree_crown class_id=27 at x=-11.58 y=-9.32. I did not call confirm_stop('rock') because Q1 is not already stopped at the rock.
  [camera] waited, no action

--- round 6 discussion ---
  turn 1: camera: Rock at 9.57, -9.94. Navigator drives to a viewpoint ≥3 m from that rock; lidar waits and I (camera) wait.
  turn 2: navigator: I drive to a viewpoint that keeps us ≥3 m from the rock at 9.57, -9.94. Lidar waits and camera waits.
  turn 3: lidar: I wait this round; navigator drives and camera waits. Next stop is the rock at 9.57, -9.94.
  ----- now planning -----
  turn 4: camera PLAN (3 legs) -> navigator: navigate_to_pose robot_id='q1' x=8.776 y=-7.047 yaw=0.0  — drive to a viewpoint ≥3.0 m from rock centroid (9.57, -9.94).; lidar: standby (no sensing this round).; camera: standby (no sensing this round).
  turn 5: navigator AGREE (2/3 back the plan)
  turn 6: lidar AGREE
  agreed (proposed by camera)

--- round 6 execution ---

  executing round 6: navigator, lidar, camera

*** EXPERIMENT TIMEOUT after 15m 0.0s — stopping all experiment processes ***


===== saved: 2026-08-24T13:21:25+02:00 as open_medium_dmas_r1_fail_timeout =====
