===== Robot navigator =====
started: 2026-08-24T10:11:47+02:00
command: AGENT_COUNT=3 AGENT_WORLD=open AGENT_PLATFORM=q1 AGENT_MCP_URL=http://127.0.0.1:8000/sse python -m agentpackage.architectures.centralized.robot_agent --robot-id navigator --host "127.0.0.1" --port "8765"

[shell_pid=6576] Robot navigator
navigator is online.
Type directly to chat with this robot locally. Use Ctrl+C to exit.

navigator> 
[master -> navigator] Report current robot pose (x, y, theta).
[navigator] Current robot pose (map frame): x = -0.01002 m, y = -0.01311 m, theta = 1.57086 rad.

[master -> navigator] Navigate to pose x=7.3457 y=-7.9851 (map frame). Stop when you arrive and report arrival.
[navigator] Arrived at requested pose: x = 7.3457 m, y = -7.9851 m, yaw = 0.0000 rad.

[master -> navigator] Navigate to pose x=-7.6955 y=8.0239 (map frame). Stop when you arrive and report arrival.
[navigator] Arrived at requested pose: x = -7.6955 m, y = 8.0239 m, yaw = 0.0000 rad.

[master -> navigator] Navigate to pose x=5.987 y=5.053 (map frame). Stop when you arrive and report arrival.
[navigator] Arrived at requested pose: x = 5.9870 m, y = 5.0530 m, yaw = 0.0000 rad.

[master -> navigator] Navigate to pose x=7.053 y=5.995 (map frame). Stop when you arrive and report arrival.
[navigator] Arrived at requested pose: x = 7.0530 m, y = 5.9950 m, yaw = 0.0000 rad.

[master -> navigator] Navigate to pose x=7.05178 y=5.99392 (map frame). Stop when you arrive and report arrival.
[navigator] Navigation succeeded: arrived at x = 7.05178 m, y = 5.99392 m, yaw = 0.00000 rad.

[master -> navigator] Navigate to pose x=7.0561 y=5.9961 (map frame). Stop when you arrive and report arrival.

===== saved: 2026-08-24T10:34:04+02:00 as open_medium_cmas_r3_fail_timeout =====
