===== Robot lidar =====
started: 2026-08-24T10:11:47+02:00
command: AGENT_COUNT=3 AGENT_WORLD=open AGENT_PLATFORM=q1 AGENT_MCP_URL=http://127.0.0.1:8000/sse python -m agentpackage.architectures.centralized.robot_agent --robot-id lidar --host "127.0.0.1" --port "8765"

[shell_pid=6604] Robot lidar
lidar is online.
Type directly to chat with this robot locally. Use Ctrl+C to exit.

lidar> 
[master -> lidar] Please sense now: lidar, perform a semantic lidar scan and report any detected objects with class and centroid (x,y). Camera, capture an RGB image and optional class histogram. Reply with detected objects or 'none'.
[lidar] Detected objects:
- tree_crown (class_id=27): x=-10.03, y=-9.60
- tree_trunk (class_id=28): x=-10.57, y=-10.17
- container (class_id=58): x=-9.75, y=10.21
- car (class_id=12): x=9.40, y=7.78
- rock (class_id=40): x=9.38, y=-10.19
- tree_crown (class_id=27): x=-9.94, y=-11.65

[master -> lidar] Please run confirm_stop for class 'rock'.
[lidar] confirm_stop returned: confirmed=true, object=rock.

[master -> lidar] Please run confirm_stop for class 'container'.
[lidar] confirm_stop returned: confirmed=true, object=container.

[master -> lidar] Please sense now: lidar, perform a semantic lidar scan and report any detected objects with class and centroid (x,y). Camera, capture an RGB image and optional class histogram. Reply with detected objects or 'none'.
[lidar] Detected objects:
- container (class_id=58): x=-10.03, y=10.12
- tree_crown (class_id=27): x=-10.50, y=-9.45

[master -> lidar] Please run confirm_stop for class 'car'.
[lidar] confirm_stop returned: confirmed=false, object=car.

[master -> lidar] Please sense now: lidar, perform a semantic lidar scan and report any detected objects with class and centroid (x,y). Camera, capture an RGB image and optional class histogram. Reply with detected objects or 'none'.
[lidar] Detected objects:
- car (class_id=12): x=9.30, y=7.98
- tree_crown (class_id=27): x=-10.12, y=-9.87
- container (class_id=58): x=-9.35, y=10.28
- container (class_id=58): x=-11.54, y=9.92
- rock (class_id=40): x=9.74, y=-9.94

[master -> lidar] Please run confirm_stop for class 'car'.
[lidar] confirm_stop returned: confirmed=false, object=car.

[master -> lidar] Please sense now: lidar, perform a semantic lidar scan and report any detected objects with class and centroid (x,y). Camera, capture an RGB image and optional class histogram. Reply with detected objects or 'none'.
[lidar] Detected objects:
- car (class_id=12): x=9.39, y=7.88
- tree_crown (class_id=27): x=-9.98, y=-9.95
- rock (class_id=40): x=10.14, y=-9.76
- container (class_id=58): x=-9.23, y=10.36

===== saved: 2026-08-24T10:34:04+02:00 as open_medium_cmas_r3_fail_timeout =====
