===== Robot camera =====
started: 2026-08-24T10:11:47+02:00
command: AGENT_COUNT=3 AGENT_WORLD=open AGENT_PLATFORM=q1 AGENT_MCP_URL=http://127.0.0.1:8000/sse python -m agentpackage.architectures.centralized.robot_agent --robot-id camera --host "127.0.0.1" --port "8765"

[shell_pid=6631] Robot camera
camera is online.
Type directly to chat with this robot locally. Use Ctrl+C to exit.

camera> 
[master -> camera] Please sense now: lidar, perform a semantic lidar scan and report any detected objects with class and centroid (x,y). Camera, capture an RGB image and optional class histogram. Reply with detected objects or 'none'.
[camera] Received RGB frame and semantic-class result.

Image description: mostly light gray upper area and a lighter gray lower area separated by a wide, nearly horizontal black band across the middle of the frame (a dark silhouette or shadow). No distinguishable tour objects visible in the RGB image.

Semantic camera classes: none.

Detected objects: none.

Note: I cannot run lidar scans — please ask the lidar specialist to perform the semantic lidar scan for object classes and centroids.

[master -> camera] Please sense now: lidar, perform a semantic lidar scan and report any detected objects with class and centroid (x,y). Camera, capture an RGB image and optional class histogram. Reply with detected objects or 'none'.
[camera] Received RGB frame and semantic-class result.

Image description: upper light-gray area and lower light-gray ground separated by a wide, nearly horizontal black band. Lower-left shows a partial blue rectangular box with visible vertical edges — looks like the near face of a container.

Semantic camera classes:
- class_id 58 — container (2683 pixels, 10.48% sampled)

Detected objects:
- Camera: container (class_id 58)
- Lidar: not run here — please ask the lidar specialist to perform a semantic lidar scan to report object centroids (x,y).

[master -> camera] Please sense now: lidar, perform a semantic lidar scan and report any detected objects with class and centroid (x,y). Camera, capture an RGB image and optional class histogram. Reply with detected objects or 'none'.
[camera] Received RGB frame and semantic-class result.

Image description: mostly light gray upper area and lighter gray ground separated by a wide black band. Lower-left corner shows part of a dark vehicle front (a car bumper/headlight visible).

Semantic camera classes:
- class_id 12 — car (534 pixels, 2.09% sampled)

Detected objects:
- Camera: car (class_id 12)
- Lidar: not run here — please ask the lidar specialist to perform a semantic lidar scan to report object centroids (x,y).

[master -> camera] Please sense now: lidar, perform a semantic lidar scan and report any detected objects with class and centroid (x,y). Camera, capture an RGB image and optional class histogram. Reply with detected objects or 'none'.
[camera] Received RGB frame and semantic-class result.

Image description: upper light-gray sky and light-gray ground separated by a wide black band; lower-left shows the front corner and wheel of a dark car.

Semantic camera classes:
- class_id 12 — car (1681 pixels, 6.57%)

Detected objects:
- Camera: car (class_id 12)
- Lidar: not run here — please ask the lidar specialist to perform the semantic lidar scan for object centroids (x,y).

[master -> camera] Please run confirm_stop for class 'car'.
[camera] confirm_stop returned: confirmed=false. Not close enough to confirm a visit to car. Ask navigator to drive closer, then sense again.

===== saved: 2026-08-24T10:34:04+02:00 as open_medium_cmas_r3_fail_timeout =====
