===== Robot navigator =====
started: 2026-08-24T05:49:54+02:00
command: AGENT_COUNT=3 AGENT_WORLD=open AGENT_PLATFORM=q1 AGENT_MCP_URL=http://127.0.0.1:8000/sse python -m agentpackage.architectures.centralized.robot_agent --robot-id navigator --host "127.0.0.1" --port "8765"

[shell_pid=227567] Robot navigator
navigator is online.
Type directly to chat with this robot locally. Use Ctrl+C to exit.

navigator> 
[master -> navigator] Report current robot pose (x, y, yaw) in map frame.
[navigator] Current pose (map frame): x=0.01096, y=0.01339, yaw=1.57100 rad.

[master -> navigator] Navigate to free-map cell x=9.0 y=-9.0 (map frame). Stop when you arrive and report success/failure and final pose.
[navigator] Navigation reported success, but final odometry pose returned by the system is x=6.80613, y=7.95049, yaw=0.83493 rad.

[master -> navigator] Navigate to free-map cell x=-7.0125 y=9.6531 (map frame). Stop when you arrive and report success/failure and final pose.
[navigator] Navigation reported success, but final odometry pose returned by the system is x=-8.30502, y=-5.33306, yaw=-2.25267 rad.

[master -> navigator] Report current robot pose (x, y, yaw) in map frame.
[navigator] Current pose (map frame): x=-8.31010, y=-5.30595, yaw=-2.25321 rad.

[master -> navigator] Navigate to map pose x=-9.663 y=7.032 (map frame). Stop when you arrive and report success/failure and final pose.
[navigator] Navigation reported success, but final odometry pose returned by the system is x=-7.41902, y=-7.52645, yaw=-1.27802 rad.

[master -> navigator] Navigate to map pose x=-9.5553 y=7.0517 (map frame). Stop when you arrive and report success/failure and final pose.
[navigator] Navigation reported success, but final odometry pose returned by the system is x=-7.39966, y=-7.60707, yaw=-1.27850 rad.

[master -> navigator] Report current robot pose (x, y, yaw) in map frame.
[navigator] Current pose (map frame): x=-7.38519, y=-7.60543, yaw=-1.27859 rad.

[master -> navigator] Navigate to map pose x=-9.429 y=7.158 (map frame). Stop when you arrive and report success/failure and final pose.
