===== Robot lidar =====
started: 2026-08-24T05:49:54+02:00
command: AGENT_COUNT=3 AGENT_WORLD=open AGENT_PLATFORM=q1 AGENT_MCP_URL=http://127.0.0.1:8000/sse python -m agentpackage.architectures.centralized.robot_agent --robot-id lidar --host "127.0.0.1" --port "8765"

[shell_pid=227589] Robot lidar
lidar is online.
Type directly to chat with this robot locally. Use Ctrl+C to exit.

lidar> 
[master -> lidar] Please perform a sensing step from current stopped pose. Lidar: return any semantic objects with class and centroid (x,y). Camera: return RGB image and optional class histogram.
[lidar] Received lidar snapshot (q1_velodyne):
- overall min range: 2.32 m at bearing -39.2°
- sector minima (sensor frame): front=2.32 m, left=2.32 m, right=2.32 m, rear=2.32 m
- points: 4060

Received semantic lidar objects (map-frame centroids):
- class_id 27 — tree_crown: x = -9.83 m, y = -9.77 m (n_points=33)
- class_id 28 — tree_trunk: x = -10.42 m, y = -10.37 m (n_points=7)
- class_id 58 — container: x = -9.99 m, y = 10.02 m (n_points=10)
- class_id 12 — car: x = 9.20 m, y = 8.38 m (n_points=9)

Notes:
- Known class IDs: 40=rock, 60=barrel, 12=car, 58=container, tree_* = tree classes.
- Camera RGB/image not available from this lidar specialist. If you need an image or camera-derived histogram, request the camera specialist.

[master -> lidar] Perform a sensing step from current stopped pose. Lidar: return any semantic objects with class and centroid (x,y). Camera: return RGB image and optional class histogram.
[lidar] Received lidar snapshot (q1_velodyne):
- overall min range: 2.32 m at bearing 132.5°
- sector minima (sensor frame): front=2.32 m, left=2.32 m, right=2.32 m, rear=2.32 m
- points: 4248

Received semantic lidar objects (map-frame centroids):
- class_id 40 — rock: x = 9.76 m, y = -9.81 m (n_points=165)
- class_id 28 — tree_trunk: x = -10.45 m, y = -10.48 m (n_points=5)
- class_id 27 — tree_crown: x = -9.65 m, y = -10.32 m (n_points=19)

Notes:
- Camera data not available from lidar specialist. Request the camera specialist for RGB image/histogram.

[master -> lidar] Sensing step from current stopped pose. Lidar: return any semantic objects with class and centroid (x,y). Camera: return RGB image and optional class histogram.
[lidar] Received lidar snapshot (q1_velodyne):
- overall min range: 2.32 m at bearing -157.5°
- sector minima (sensor frame): front=2.32 m, left=2.32 m, right=2.32 m, rear=2.32 m
- points: 4235

Received semantic lidar objects (map-frame centroids):
- class_id 58 — container: x = -9.84 m, y = 10.13 m (n_points=148)
- class_id 27 — tree_crown: x = -10.53 m, y = -9.55 m (n_points=26)

Notes:
- Camera data not available from lidar specialist. Request the camera specialist for RGB image/histogram.
