===== Robot camera =====
started: 2026-08-24T05:49:54+02:00
command: AGENT_COUNT=3 AGENT_WORLD=open AGENT_PLATFORM=q1 AGENT_MCP_URL=http://127.0.0.1:8000/sse python -m agentpackage.architectures.centralized.robot_agent --robot-id camera --host "127.0.0.1" --port "8765"

[shell_pid=227610] Robot camera
camera is online.
Type directly to chat with this robot locally. Use Ctrl+C to exit.

camera> 
[master -> camera] Please perform a sensing step from current stopped pose. Lidar: return any semantic objects with class and centroid (x,y). Camera: return RGB image and optional class histogram.
[camera] Received RGB frame (q1_camera_rgb.png).

Visual description:
- Forward-facing, mostly grayscale scene.
- Upper portion: light gray (sky).
- Middle: a continuous dark horizontal band across the center with slightly irregular top/bottom edges (looks like a distant silhouette or shadow/feature).
- Lower portion: medium-gray foreground/ground.
- No distinct objects (no barrels, rocks, containers, cars, or trees) visible in the image.

Semantic classes:
- get_semantic_camera_classes -> classes: [] (empty). No labeled classes present in the camera frame.

Note: Camera provides no map coordinates. Use the lidar specialist (get_semantic_lidar_objects) for semantic objects with centroids if you need object positions.

[master -> camera] Perform a sensing step from current stopped pose. Lidar: return any semantic objects with class and centroid (x,y). Camera: return RGB image and optional class histogram.
[camera] Received RGB frame (q1_camera_rgb.png).

Visual description:
- Forward-facing view with a large black horizontal band across the middle (likely distant shadow/void).
- Lower-right foreground shows a textured dark object with curved surfaces — appears to be part of the robot's body or nearby dark object; not a tour object by shape.
- Upper area light gray (sky), lower-left medium gray ground.
- A semantic rock region is visible in the frame (see classes).

Semantic classes:
- get_semantic_camera_classes -> detected class: 40 = rock (21.4% of sampled pixels).

Stop confirmation:
- confirm_stop("rock") -> confirmed: true. Visit to rock confirmed.

[master -> camera] Sensing step from current stopped pose. Lidar: return any semantic objects with class and centroid (x,y). Camera: return RGB image and optional class histogram.
[camera] Received RGB frame (q1_camera_rgb.png).

Visual description:
- Forward-facing, mostly grayscale.
- Large central black horizontal band spanning the middle (likely distant shadow/void).
- Upper area light gray (sky), lower area medium gray (ground).
- No distinct tour objects visible.

Semantic classes:
- get_semantic_camera_classes -> classes: [] (empty). No labeled classes present in the camera frame.

Reminder: Camera provides no map coordinates. Use the lidar specialist (get_semantic_lidar_objects) for semantic objects with centroids.
