===== Robot navigator =====
started: 2026-08-23T22:38:24+02:00
command: AGENT_COUNT=3 AGENT_WORLD=open AGENT_PLATFORM=q1 AGENT_MCP_URL=http://127.0.0.1:8000/sse python -m agentpackage.architectures.hmas1.robot_agent --robot-id navigator --host "127.0.0.1" --port "8765"

[shell_pid=145769] Robot navigator
navigator online (HMAS-1). Waiting for plan vote, DMAS huddle, STEP check, and leg dispatch.
Ctrl+C to exit.


[planner -> navigator] dialogue request
[navigator] DISAGREE

[planner -> navigator] huddle request
[navigator] Next stop is the container. No one senses this round; I'll drive to a free occupancy cell in a different quadrant away from already-seen objects, and lidar and camera wait.

[planner -> navigator] dialogue request
[navigator] PLAN:
- navigator: drive Q1 to x=3.0, y=3.0, yaw=0.0.
- lidar: idle this round (wait while navigator drives).
- camera: idle this round (wait while navigator drives).

[planner -> navigator] execute request
[navigator] I drove Q1 (robot_id='q1') toward x=3.0, y=3.0, yaw=0.0 using navigate_to_pose; the navigate_to_pose call succeeded (status: succeeded). The robot pose returned after the drive was x=-0.9793, y=1.9327, yaw=2.5125; I observed no object data (I did not call any sensing tools).

[planner -> navigator] huddle request
[navigator] I'll drive to a free occupancy cell away from already-seen objects; camera will sense and lidar waits. Next stop is the container.

[planner -> navigator] dialogue request
[navigator] AGREE

[planner -> navigator] huddle request
[navigator] I'll drive to a viewpoint at least 3 m from the container at (-9.62, 10.28). Lidar and camera wait this round while I drive.

[planner -> navigator] dialogue request
[navigator] PLAN:
- navigator: Drive Q1 to x=-7.46, y=8.19, yaw=0.0 (this is a viewpoint ≥3 m from the container at (-9.62, 10.28)).
- lidar: wait/idle this round (no sensing).
- camera: wait/idle this round (no sensing).

[planner -> navigator] execute request

===== saved: 2026-08-24T00:27:10+02:00 as open_easy_hmas1_r5_fail_timeout =====
