===== Robot lidar =====
started: 2026-08-23T22:38:24+02:00
command: AGENT_COUNT=3 AGENT_WORLD=open AGENT_PLATFORM=q1 AGENT_MCP_URL=http://127.0.0.1:8000/sse python -m agentpackage.architectures.hmas1.robot_agent --robot-id lidar --host "127.0.0.1" --port "8765"

[shell_pid=145792] Robot lidar
lidar online (HMAS-1). Waiting for plan vote, DMAS huddle, STEP check, and leg dispatch.
Ctrl+C to exit.


[planner -> lidar] dialogue request
[lidar] AGREE

[planner -> lidar] huddle request
[lidar] No one senses this round; I'll wait while navigator drives to a free occupancy cell and camera waits. Next stop is the container.

[planner -> lidar] dialogue request
[lidar] AGREE

[planner -> lidar] huddle request
[lidar] I have no lidar centroid for the container; the next stop is the container. This round navigator drives to a free occupancy cell away from already-seen objects, camera senses, and I wait.

[planner -> lidar] dialogue request
[lidar] PLAN:
- navigator: stay at current pose (-1.0, 1.9), do not drive this round.
- lidar: sense now (call get_lidar_snapshot and get_semantic_lidar_objects with no class filter) and report any objects as class + map-frame x/y; do not confirm_stop.
- camera: sense now (capture images) and report observations.

[planner -> lidar] execute request
[lidar] I called get_lidar_snapshot and get_semantic_lidar_objects (no class filter) from the current Q1 pose.  
Both tools succeeded (snapshot min range 2.32 m); semantic lidar returned four objects: tree_crown (id 27) at (-9.79, -9.91), car (id 12) at (9.29, 7.87), rock (id 40) at (9.33, -10.02), and container (id 58) at (-9.62, 10.28).

[planner -> lidar] huddle request
[lidar] I detect the container at (-9.62, 10.28). This round: navigator drives to a viewpoint ≥3 m from that container; lidar waits and camera waits.

[planner -> lidar] dialogue request
[lidar] AGREE

===== saved: 2026-08-24T00:27:10+02:00 as open_easy_hmas1_r5_fail_timeout =====
