===== Robot camera =====
started: 2026-08-23T22:38:24+02:00
command: AGENT_COUNT=3 AGENT_WORLD=open AGENT_PLATFORM=q1 AGENT_MCP_URL=http://127.0.0.1:8000/sse python -m agentpackage.architectures.hmas1.robot_agent --robot-id camera --host "127.0.0.1" --port "8765"

[shell_pid=145814] Robot camera
camera online (HMAS-1). Waiting for plan vote, DMAS huddle, STEP check, and leg dispatch.
Ctrl+C to exit.


[planner -> camera] dialogue request
[camera] AGREE

[planner -> camera] huddle request
[camera] I won't sense this round — I'll wait. Navigator drives to a free occupancy cell away from already-seen objects, and lidar waits. The next stop is the container.

[planner -> camera] dialogue request
[camera] AGREE

[planner -> camera] huddle request
[camera] I'll sense while navigator drives to a free occupancy cell away from already-seen objects, and lidar waits. Next stop is the container.

[planner -> camera] dialogue request
[camera] AGREE

[planner -> camera] execute request
[camera] I captured the RGB camera frame and ran semantic camera classification (both tools succeeded). The semantic result shows a car (class_id 12) visible in the frame; no other classes were detected.

[planner -> camera] huddle request
[camera] I note the container at (-9.62, 10.28). This round: navigator drives, nobody senses, lidar and I wait.

[planner -> camera] dialogue request
[camera] I saw a car in the camera frame earlier, and lidar reports the container at (-9.62, 10.28). I support navigator driving to a viewpoint ≥3 m from that container; I will wait and then sense once we stop.

[planner -> camera] dialogue request
[camera] AGREE

===== saved: 2026-08-24T00:27:10+02:00 as open_easy_hmas1_r5_fail_timeout =====
