===== Planner (HMAS-1) =====
started: 2026-08-23T22:38:24+02:00
command: AGENT_COUNT=3 AGENT_WORLD=open AGENT_PLATFORM=q1 AGENT_MCP_URL=http://127.0.0.1:8000/sse python -m agentpackage.architectures.hmas1.planner_agent --host "127.0.0.1" --port "8765"

[shell_pid=145835] Planner (HMAS-1)
HMAS-1 planner online. Robots: navigator, lidar, camera
Limits: 12 work STEPs plus a final FINISHED STEP, 3 syntax retries. One AGREE/DISAGREE vote on the original plan; unanimous AGREE executes it. After each work STEP every executor reports STEP_OK or STEP_FAILED; STEP_FAILED drops the original plan and continues as DMAS. A DISAGREE or new PLAN on the original vote also switches to DMAS.
Type the mission and press Enter. Ctrl+C to exit.

mission> --- mission timeout armed: 10m 0.0s (600s) from this prompt ---

=== original mission plan ===
World: open
One Q1 robot. Specialists: navigator, lidar, camera (not a multi-robot fleet; no stations or boxes).
Q1 pose: (0.01, 0.01), yaw=1.571
Confirmed stops (done): (none yet)
Last lidar-seen objects: (none yet)
Object x/y come only from lidar when close (or Last lidar-seen above). Occupancy is walls/free space, not objects. Do not invent coordinates.
[planner proposal]
PLAN
STEP 1
navigator: wait at current pose
lidar: sense (range + centroids) for the next tour class (container)
camera: capture image / provide optional class histogram

STEP 2
navigator: if the lidar returned a container centroid, drive to a goal that is 3 m from that centroid toward the current robot pose (never the centroid). Otherwise (container not seen), drive to free occupancy cell (5.0, 5.0).
lidar: wait (no sensing while moving)
camera: look (capture image / optional classes) while navigator drives

STEP 3
navigator: wait at arrival pose
lidar: sense (range + centroids) for container
camera: capture image / optional class histogram

STEP 4
navigator: wait
lidar: if at a pose appropriate for the container stop, call confirm_stop("container"); otherwise wait
camera: capture image / optional class histogram

STEP 5
navigator: wait
lidar: sense (range + centroids) now looking for the next tour class (rock)
camera: capture image / optional class histogram

STEP 6
navigator: if the lidar returned a rock centroid, drive to a goal that is 3 m from that centroid toward the current robot pose (never the centroid). Otherwise (rock not seen), drive to free occupancy cell (-5.0, 6.0) 
[ORIGINAL PLAN]
STEP 1
navigator: wait at current pose
lidar: sense (range + centroids) for the next tour class (container)
camera: capture image / provide optional class histogram
STEP 2
navigator: if the lidar returned a container centroid, drive to a goal that is 3 m from that centroid toward the current robot pose (never the centroid). Otherwise (container not seen), drive to free occupancy cell (5.0, 5.0).
lidar: wait (no sensing while moving)
camera: look (capture image / optional classes) while navigator drives
STEP 3
navigator: wait at arrival pose
lidar: sense (range + centroids) for container
camera: capture image / optional class histogram
STEP 4
navigator: wait
lidar: if at a pose appropriate for the container stop, call confirm_stop("container"); otherwise wait
camera: capture image / optional class histogram
STEP 5
navigator: wait
lidar: sense (range + centroids) now looking for the next tour class (rock)
camera: capture image / optional class histogram
STEP 6
navigator: if the lidar returned a rock centroid, drive to a goal that is 3 m from that centroid toward the current robot pose (never the centroid). Otherwise (rock not seen), drive to free occupancy cell (-5.0, 6.0) (a different quadrant / away from already-seen objects).
lidar: wait (no sensing while moving)
camera: look (capture image / optional classes) while navigator drives
STEP 7
navigator: wait at arrival pose
lidar: sense (range + centroids) for rock
camera: capture image / optional class histogram
STEP 8
navigator: wait
lidar: if at a pose appropriate for the rock stop, call confirm_stop("rock"); otherwise wait
camera: capture image / optional class histogram
STEP 9
FINISHED

=== vote on original plan (AGREE / DISAGREE) ===
[camera] AGREE
[lidar] AGREE
[navigator] DISAGREE
[planner] navigator voted DISAGREE — original plan discarded, switching to DMAS

=== DMAS fallback (a robot rejected the original mission plan (DISAGREE or a different PLAN).) ===

--- DMAS round 1 ---
  asking navigator (DMAS r1 t1)...
  [navigator] Next stop is the container. No one senses this round; I'll drive to a free occupancy cell in a different quadrant away from already-seen objects, and lidar and 
  turn 1: navigator: Next stop is the container. No one senses this round; I'll drive to a free occupancy cell in a different quadrant away from already-seen objects, and lidar and 
  asking lidar (DMAS r1 t2)...
  [lidar] No one senses this round; I'll wait while navigator drives to a free occupancy cell and camera waits. Next stop is the container.
  turn 2: lidar: No one senses this round; I'll wait while navigator drives to a free occupancy cell and camera waits. Next stop is the container.
  asking camera (DMAS r1 t3)...
  [camera] I won't sense this round — I'll wait. Navigator drives to a free occupancy cell away from already-seen objects, and lidar waits. The next stop is the container.
  turn 3: camera: I won't sense this round — I'll wait. Navigator drives to a free occupancy cell away from already-seen objects, and lidar waits. The next stop is the container.
  ----- now planning -----
  asking navigator (DMAS r1 t4)...
  [navigator] PLAN: - navigator: drive Q1 to x=3.0, y=3.0, yaw=0.0. - lidar: idle this round (wait while navigator drives). - camera: idle this round (wait while navigator dr
  turn 4: navigator PLAN (3 legs)
  asking lidar (DMAS r1 t5)...
  [lidar] AGREE
  turn 5: lidar AGREE
  asking camera (DMAS r1 t6)...
  [camera] AGREE
  turn 6: camera AGREE
[EXECUTE DMAS step 1]
[result step 1]
navigator: I drove Q1 (robot_id='q1') toward x=3.0, y=3.0, yaw=0.0 using navigate_to_pose; the navigate_to_pose call succeeded (status: succeeded). The robot pose returned after the drive was x=-0.9793, y=1.9327, yaw=2.5125; I observed no object data 
lidar: waited, no action
camera: waited, no action

--- DMAS round 2 ---
  asking lidar (DMAS r2 t1)...
  [lidar] I have no lidar centroid for the container; the next stop is the container. This round navigator drives to a free occupancy cell away from already-seen objects,
  turn 1: lidar: I have no lidar centroid for the container; the next stop is the container. This round navigator drives to a free occupancy cell away from already-seen objects,
  asking camera (DMAS r2 t2)...
  [camera] I'll sense while navigator drives to a free occupancy cell away from already-seen objects, and lidar waits. Next stop is the container.
  turn 2: camera: I'll sense while navigator drives to a free occupancy cell away from already-seen objects, and lidar waits. Next stop is the container.
  asking navigator (DMAS r2 t3)...
  [navigator] I'll drive to a free occupancy cell away from already-seen objects; camera will sense and lidar waits. Next stop is the container.
  turn 3: navigator: I'll drive to a free occupancy cell away from already-seen objects; camera will sense and lidar waits. Next stop is the container.
  ----- now planning -----
  asking lidar (DMAS r2 t4)...
  [lidar] PLAN: - navigator: stay at current pose (-1.0, 1.9), do not drive this round. - lidar: sense now (call get_lidar_snapshot and get_semantic_lidar_objects with no
  turn 4: lidar PLAN (3 legs)
  asking camera (DMAS r2 t5)...
  [camera] AGREE
  turn 5: camera AGREE
  asking navigator (DMAS r2 t6)...
  [navigator] AGREE
  turn 6: navigator AGREE
[EXECUTE DMAS step 2]
[result step 2]
navigator: waited, no action
lidar: I called get_lidar_snapshot and get_semantic_lidar_objects (no class filter) from the current Q1 pose. Both tools succeeded (snapshot min range 2.32 m); semantic lidar returned four objects: tree_crown (id 27) at (-9.79, -9.91), car (id 12)
camera: I captured the RGB camera frame and ran semantic camera classification (both tools succeeded). The semantic result shows a car (class_id 12) visible in the frame; no other classes were detected.

--- DMAS round 3 ---
  asking camera (DMAS r3 t1)...
  [camera] I note the container at (-9.62, 10.28). This round: navigator drives, nobody senses, lidar and I wait.
  turn 1: camera: I note the container at (-9.62, 10.28). This round: navigator drives, nobody senses, lidar and I wait.
  asking navigator (DMAS r3 t2)...
  [navigator] I'll drive to a viewpoint at least 3 m from the container at (-9.62, 10.28). Lidar and camera wait this round while I drive.
  turn 2: navigator: I'll drive to a viewpoint at least 3 m from the container at (-9.62, 10.28). Lidar and camera wait this round while I drive.
  asking lidar (DMAS r3 t3)...
  [lidar] I detect the container at (-9.62, 10.28). This round: navigator drives to a viewpoint ≥3 m from that container; lidar waits and camera waits.
  turn 3: lidar: I detect the container at (-9.62, 10.28). This round: navigator drives to a viewpoint ≥3 m from that container; lidar waits and camera waits.
  ----- now planning -----
  asking camera (DMAS r3 t4)...
  [camera] I saw a car in the camera frame earlier, and lidar reports the container at (-9.62, 10.28). I support navigator driving to a viewpoint ≥3 m from that container;
  turn 4: camera: I saw a car in the camera frame earlier, and lidar reports the container at (-9.62, 10.28). I support navigator driving to a viewpoint ≥3 m from that container;
  asking navigator (DMAS r3 t5)...
  [navigator] PLAN: - navigator: Drive Q1 to x=-7.46, y=8.19, yaw=0.0 (this is a viewpoint ≥3 m from the container at (-9.62, 10.28)). - lidar: wait/idle this round (no sensi
  turn 5: navigator PLAN (3 legs)
  asking lidar (DMAS r3 t6)...
  [lidar] AGREE
  turn 6: lidar AGREE
  asking camera (DMAS r3 t7)...
  [camera] AGREE
  turn 7: camera AGREE
[EXECUTE DMAS step 3]

*** EXPERIMENT TIMEOUT after 10m 0.0s — stopping all experiment processes ***


===== saved: 2026-08-24T00:27:10+02:00 as open_easy_hmas1_r5_fail_timeout =====
