===== Robot navigator =====
started: 2026-08-24T02:21:42+02:00
command: AGENT_COUNT=3 AGENT_WORLD=open AGENT_PLATFORM=q1 AGENT_MCP_URL=http://127.0.0.1:8000/sse python -m agentpackage.architectures.hmas2.robot_agent --robot-id navigator --host "127.0.0.1" --port "8765"

[shell_pid=181519] Robot navigator
navigator is online (HMAS-2). Reviews central plans, then executes when told.
Type directly to chat with this robot locally. Use Ctrl+C to exit.

navigator> 
[planner -> navigator] PLAN REVIEW REQUEST — do NOT execute yet. Check only YOUR specialty (navigator / lidar / camera). Prefer ZERO tools; reply AGREE: or DISAGREE: in one line.

SPECIALIST PLAN:
Plan (short):
- navigator: Drive Q1 to an initial exploration pose at x=0.0, y=0.0 (free cell). If container is not detected there, sequentially move to alternate free poses: (5.0,0.0), (0.0,5.0), (-5.0,0.0), (0.0,-5.0) until the container is detected. After each navigation stop stay still and wait for lidar to report objects.
- lidar: After every navigator stop, run a semantic scan and report any detected objects with class and centroid. If you detect the requested tour class (container first, then rock), send the centroid to the planner. After navigator moves to the computed 3.0 m-offset goal near a detected object and stops, call confirm_stop("container") or confirm_stop("rock") to confirm the visit.
- camera: After every navigator stop, capture an image (and optional class histogram) and send results to the planner to aid verification.
Notes/constraints: Navigator must never navigate to an object centroid. When lidar supplies a centroid, navigator will be given a goal at least 3.0 m from that centroid (goal = centroid + 3.0*(pose - centroid)/||pose-centroid||). Follow the sensing loop: stop, sense, if target class seen then approach to 3 m offset and confirm, else continue to next exploration pose. Visit container first, then rock. After each ordered stop, lidar or camera must call confirm_stop before proceeding. Report mission done only after all confirms.
[navigator] AGREE: Navigator plan OK — will drive q1 only to exploration poses / computed 3.0 m-offset goals (never to object centroids), wait for lidar after each stop, and will call get_robot_pose and get_occupancy_map before every navigate_to_pose.

[planner -> navigator] EXECUTE: Begin mission. 1) Navigator: Navigate to initial exploration pose x=0.0 y=0.0 (inside free cell). After arrival, stop and report pose. 2) Lidar: after navigator stops, run semantic scan and report any detected objects (class + centroid). 3) Camera: after navigator stops, capture an image and send optional class histogram. Protocol: If lidar detects 'container' while stopped, send centroid to planner. Planner will compute a goal at least 3.0 m from centroid toward robot pose and order navigator to navigate there, stop, then lidar or camera must call confirm_stop("container"). After container confirmed, repeat loop for 'rock'. If no target detected, navigator will go to next exploration poses in order: (5.0,0.0), (0.0,5.0), (-5.0,0.0), (0.0,-5.0). Do not navigate closer than 3.0 m to any centroid. Report failures if any tool calls fail twice.
[navigator] ARRIVED: pose x=0.01203, y=0.00044, yaw=1.57078 (map frame). Next: lidar and camera should run their scans now.

[planner -> navigator] EXECUTE: navigate_to_pose goal x=-7.804 y=7.931. Stop when arrived and report final pose. Do NOT get closer than 3.0 m to any object centroid. After you stop, wait for lidar (and camera) scans and then report their results.
[navigator] ARRIVED: pose x=-7.23444, y=-5.80522, yaw=-1.78268 (map frame). Waiting for lidar and camera scans now.

[planner -> navigator] EXECUTE: navigate_to_pose goal x=-9.3005 y=7.2340. Stop when arrived and report final pose.
[navigator] ARRIVED: pose x=-7.44220, y=-7.02814, yaw=-1.61063 (map frame).

[planner -> navigator] EXECUTE: navigate_to_pose goal x=-9.4096 y=7.2181. Stop when arrived and report final pose.
[navigator] ARRIVED: pose x=-7.43283, y=-7.10547, yaw=-1.61160 (map frame).

[planner -> navigator] EXECUTE: navigate_to_pose goal x=-9.4096 y=7.2152. Stop when arrived and report final pose. After stopping, wait for lidar and camera scans.
[navigator] ARRIVED: pose x=-7.41192, y=-7.12142, yaw=-1.61211 (map frame). Waiting for lidar and camera scans now.

[planner -> navigator] EXECUTE: navigate_to_pose goal x=-9.3977 y=7.1985. Stop when arrived and report final pose. After stopping, wait for lidar and camera actions.
[navigator] ARRIVED: pose x=-7.39496, y=-7.12451, yaw=-1.61285 (map frame). Waiting for lidar and camera scans now.

[planner -> navigator] EXECUTE: navigate_to_pose goal x=-9.4691 y=7.1811. Stop when arrived and report final pose. After stopping, wait for lidar to call confirm_stop("container").
[navigator] ARRIVED: pose x=-7.38343, y=-7.10313, yaw=-1.61395 (map frame). Waiting for lidar to confirm_stop("container") and for camera actions.

[planner -> navigator] EXECUTE: navigate_to_pose goal x=6.7081 y=-9.3563. Stop when arrived and report final pose. After stopping, wait for lidar and camera scans and do not move until they finish.

===== saved: 2026-08-24T02:50:06+02:00 as open_easy_hmas2_r3_fail_timeout =====
