===== Robot lidar =====
started: 2026-08-24T02:21:42+02:00
command: AGENT_COUNT=3 AGENT_WORLD=open AGENT_PLATFORM=q1 AGENT_MCP_URL=http://127.0.0.1:8000/sse python -m agentpackage.architectures.hmas2.robot_agent --robot-id lidar --host "127.0.0.1" --port "8765"

[shell_pid=181541] Robot lidar
lidar is online (HMAS-2). Reviews central plans, then executes when told.
Type directly to chat with this robot locally. Use Ctrl+C to exit.

lidar> 
[planner -> lidar] PLAN REVIEW REQUEST — do NOT execute yet. Check only YOUR specialty (navigator / lidar / camera). Prefer ZERO tools; reply AGREE: or DISAGREE: in one line.

SPECIALIST PLAN:
Plan (short):
- navigator: Drive Q1 to an initial exploration pose at x=0.0, y=0.0 (free cell). If container is not detected there, sequentially move to alternate free poses: (5.0,0.0), (0.0,5.0), (-5.0,0.0), (0.0,-5.0) until the container is detected. After each navigation stop stay still and wait for lidar to report objects.
- lidar: After every navigator stop, run a semantic scan and report any detected objects with class and centroid. If you detect the requested tour class (container first, then rock), send the centroid to the planner. After navigator moves to the computed 3.0 m-offset goal near a detected object and stops, call confirm_stop("container") or confirm_stop("rock") to confirm the visit.
- camera: After every navigator stop, capture an image (and optional class histogram) and send results to the planner to aid verification.
Notes/constraints: Navigator must never navigate to an object centroid. When lidar supplies a centroid, navigator will be given a goal at least 3.0 m from that centroid (goal = centroid + 3.0*(pose - centroid)/||pose-centroid||). Follow the sensing loop: stop, sense, if target class seen then approach to 3 m offset and confirm, else continue to next exploration pose. Visit container first, then rock. After each ordered stop, lidar or camera must call confirm_stop before proceeding. Report mission done only after all confirms.
[lidar] AGREE: Lidar responsibilities match the plan — after each navigator stop I'll run get_lidar_snapshot and get_semantic_lidar_objects, report detected class+centroid (only when close), and call confirm_stop("container"/"rock") after a validated stop at each tour object.

[planner -> lidar] EXECUTE: Begin mission. 1) Navigator: Navigate to initial exploration pose x=0.0 y=0.0 (inside free cell). After arrival, stop and report pose. 2) Lidar: after navigator stops, run semantic scan and report any detected objects (class + centroid). 3) Camera: after navigator stops, capture an image and send optional class histogram. Protocol: If lidar detects 'container' while stopped, send centroid to planner. Planner will compute a goal at least 3.0 m from centroid toward robot pose and order navigator to navigate there, stop, then lidar or camera must call confirm_stop("container"). After container confirmed, repeat loop for 'rock'. If no target detected, navigator will go to next exploration poses in order: (5.0,0.0), (0.0,5.0), (-5.0,0.0), (0.0,-5.0). Do not navigate closer than 3.0 m to any centroid. Report failures if any tool calls fail twice.
[lidar] SENSE EXECUTED (at navigator stop x=0.0,y=0.0)

Lidar snapshot:
- min_range_m: 2.32 (front/left/right/rear minima all 2.32 m)

Semantic detections (map-frame centroids; class_id shown):
- class_id 27 tree_crown: x=-9.96, y=-9.71
- class_id 28 tree_trunk: x=-10.50, y=-10.32
- class_id 58 container: x=-9.91, y=10.07
- class_id 12 car: x=9.26, y=8.28
- class_id 40 rock: x=9.67, y=-9.83
- class_id 27 tree_crown: x=-9.85, y=-11.79

Target for tour (container) detected. Sending centroid to planner: container at (-9.91, 10.07).

No confirm_stop called yet (will be called after navigator moves to the computed ≥3.0 m offset and stops).

[planner -> lidar] EXECUTE: run scans at navigator stop pose x=-7.23444 y=-5.80522. Lidar: report any semantic detections (class and centroid); if you detect 'container' send centroid to planner. After planner orders navigator to the computed 3.0 m offset and navigator stops there, call confirm_stop("container"). Camera: capture image and optional class histogram and report; call confirm_stop if you can verify the stop visually (otherwise let lidar confirm).
[lidar] SENSE EXECUTED (at navigator stop x=-7.23444, y=-5.80522)

Lidar snapshot:
- min_range_m: 2.32 (sectors minima all 2.32 m)

Semantic detections:
- class_id 58 container: x=-9.77, y=10.20
- class_id 27 tree_crown: x=-10.47, y=-9.35

Container detected. Sending centroid to planner: container at (-9.77, 10.20).
Now awaiting planner to order navigator to the computed ≥3.0 m-offset goal.

[planner -> lidar] EXECUTE: At navigator's current stop pose x=-7.44220 y=-7.02814, run scans. Lidar: report semantic detections (class + centroid). If container detected, send centroid to planner. Camera: capture image and report any classes. Do not call confirm_stop yet.
[lidar] SENSE EXECUTED (at navigator stop x=-7.44220, y=-7.02814)

Lidar snapshot:
- min_range_m: 2.32 (all sectors minima 2.32 m)

Semantic detections:
- class_id 58 container: x=-9.82, y=10.19
- class_id 27 tree_crown: x=-10.31, y=-9.47

Container detected. Sending centroid to planner: container at (-9.82, 10.19).

[planner -> lidar] EXECUTE: Run scans at current navigator stop pose x=-7.41192 y=-7.12142. Lidar: report any semantic detections (class + centroid). If container detected, send centroid to planner. Camera: capture image and report classes. If both agree container present, await planner instructions to compute 3.0 m offset goal and order navigator there; do not call confirm_stop yet.
[lidar] SENSE EXECUTED (at navigator stop x=-7.41192, y=-7.12142)

Lidar snapshot:
- min_range_m: 2.32 (all sectors minima 2.32 m)

Semantic detections:
- class_id 58 container: x=-9.81, y=10.17
- class_id 27 tree_crown: x=-10.30, y=-9.43

Container detected. Sending centroid to planner: container at (-9.81, 10.17).

[planner -> lidar] EXECUTE: Run scans at current stop pose x=-7.39496 y=-7.12451. Lidar: report any semantic detections (class + centroid). If container detected, send centroid to planner. Camera: capture image and report classes. After planner orders navigator to the computed ≥3.0 m offset, call confirm_stop("container") when navigator stops at that goal.
[lidar] SENSE EXECUTED (at navigator stop x=-7.39496, y=-7.12451)

Lidar snapshot:
- min_range_m: 2.32 (all sectors minima 2.32 m)

Semantic detections (map-frame centroids; class_id shown):
- class_id 58 container: x=-9.90, y=10.15
- class_id 27 tree_crown: x=-10.41, y=-9.36

Container detected. Sending centroid to planner: container at (-9.90, 10.15).

Not calling confirm_stop now — will call confirm_stop("container") after navigator moves to the computed ≥3.0 m offset and stops.

[planner -> lidar] EXECUTE: At navigator pose x=-7.38343 y=-7.10313: If you confirm that this is the planned ≥3.0 m offset from the known container centroid (-9.90,10.15) (planner computed goal was x=-9.4691,y=7.1811), call confirm_stop("container"). Camera: if you can also visually confirm, call confirm_stop("container") as well (only one confirm needed but both may call).
[lidar] SENSE EXECUTED (at navigator stop x=-7.38343, y=-7.10313)

Lidar snapshot:
- min_range_m: 2.32 m

Semantic detections (map-frame centroids; class_id shown):
- class_id 58 container: x=-9.90, y=10.15
- class_id 27 tree_crown: x=-10.43, y=-9.36

Container detected. Sending centroid to planner: container at (-9.90, 10.15).

Planner goal reported: (-9.4691, 7.1811). Current pose (-7.38343, -7.10313) is not that goal. Distance from current pose to container ≈ 17.4 m (> 3 m). Not calling confirm_stop("container").

===== saved: 2026-08-24T02:50:06+02:00 as open_easy_hmas2_r3_fail_timeout =====
