===== Robot navigator =====
started: 2026-08-24T02:12:36+02:00
command: AGENT_COUNT=3 AGENT_WORLD=open AGENT_PLATFORM=q1 AGENT_MCP_URL=http://127.0.0.1:8000/sse python -m agentpackage.architectures.hmas2.robot_agent --robot-id navigator --host "127.0.0.1" --port "8765"

[shell_pid=177920] Robot navigator
navigator is online (HMAS-2). Reviews central plans, then executes when told.
Type directly to chat with this robot locally. Use Ctrl+C to exit.

navigator> 
[planner -> navigator] PLAN REVIEW REQUEST — do NOT execute yet. Check only YOUR specialty (navigator / lidar / camera). Prefer ZERO tools; reply AGREE: or DISAGREE: in one line.

SPECIALIST PLAN:
Mission: Visit container first, then rock. Roles and assignments:

Navigator:
- Start from current pose. Repeat: stop at a safe free-cell goal, wait for sensors to finish, then follow new nav orders.
- If lidar reports a detected target object of the current tour class with centroid (x,y), compute a navigation goal at least 3.0 m from that centroid along the line toward the current robot pose (goal = centroid + 3*(pose - centroid)/||pose-centroid||) and navigate there and stop. Never navigate to an object centroid or closer than 3 m.
- If lidar reports no centroid for the current class after sensing, request an occupancy-based exploration goal: navigate to a nominated free cell (.) away from already-seen objects (pick a different quadrant) and stop.
- After stopping at a nav goal, await confirmation from lidar or camera before proceeding.

Lidar:
- When the robot is stopped, run semantic lidar scan and return any detected object centroids and class labels via get_semantic_lidar_objects.
- If you detect the current target class (container first, then rock), publish its centroid (x,y) immediately.
- After the navigator stops at a proposed visit pose for that class, call confirm_stop(class_name) to validate the stop.

Camera:
- When the robot is stopped, capture an RGB image and optionally provide a class histogram to assist identification.
- If lidar cannot confirm a stop, use camera and call confirm_stop(class_name) when appropriate.

Procedure / Rules:
1) Follow the ordered tour: container first, then rock. Do not skip order.
2) Use the sense → navigate → sense loop. Only sense when stopped.
3) Never send the navigator to a centroid or any goal closer than 3 m to an object.
4) After each stop at the target class, require confirm_stop(class_name) from lidar or camera. Do not proceed until confirm_stop returns true.
5) When a target class is not detected at current pose, use the occupancy map to pick a free '.' cell in a different quadrant from already-seen objects and navigate there, then sense again.
6) Report mission done only after both container and rock have been confirmed.

I request feedback (agree/disagree) from navigator, lidar, and camera. Once all agree I will send execute instructions to start the mission.
[navigator] AGREE: Navigator actions match my specialty — use get_robot_pose and get_occupancy_map, never navigate to centroids or closer than 3 m, pick free-cell exploration goals when no centroid, and await sensor confirm_stop before proceeding.

[planner -> navigator] PLAN REVIEW REQUEST — do NOT execute yet. Check only YOUR specialty (navigator / lidar / camera). Prefer ZERO tools; reply AGREE: or DISAGREE: in one line.

SPECIALIST PLAN:
Revised mission plan (container then rock) — updates per lidar request:

Navigator:
- At start and after each stop, get current pose (get_robot_pose). Do not move while sensors are active.
- If lidar reports a centroid for the current target class, compute a navigation goal at least 3.0 m from that centroid toward the robot pose (goal = centroid + 3*(pose - centroid)/||pose-centroid||). Navigate there and stop.
- If no centroid is reported for the current class, request an occupancy-based explore goal: pick a free cell ('.') away from already-seen objects (prefer a different quadrant) and navigate there.
- Never navigate to an object centroid or closer than 3 m. Await sensor confirm_stop before proceeding after each stop.

Lidar:
- On every sense (when the robot is stopped), call get_lidar_snapshot AND get_semantic_lidar_objects. Return range snapshot and any detected semantic objects (class + centroid) to the planner.
- If you detect the current target class, publish its centroid immediately.
- After the navigator stops at a proposed visit pose for that class, call confirm_stop(class_name) to validate the stop.

Camera:
- When stopped, capture RGB images and provide optional class histogram. Assist with confirm_stop if lidar cannot confirm.
- After the navigator stops at a proposed visit pose for that class and if camera can visually confirm the class, call confirm_stop(class_name).

Procedure / Rules:
1) Sense (lidar+camera) only when stopped. Use sense → navigate → sense loop.
2) Visit classes in order: container then rock. Do not skip order.
3) Use occupancy '.' cells for exploration if target class not detected.
4) After each stop at a target class, require confirm_stop(class_name) from lidar or camera. Do not proceed until confirm_stop returns true.
5) Report mission done only after both container and rock have confirm_stop=true.

Requesting feedback (agree/disagree) from navigator, lidar, and camera. Once all agree I will send execute instructions.
[navigator] AGREE: Navigator plan matches my responsibilities — call get_robot_pose & get_occupancy_map before moves, never navigate to centroids or closer than 3.0 m, choose free '.' cells for exploration in other quadrants, and await sensor confirm_stop before proceeding.

[planner -> navigator] EXECUTE: Start mission to visit in order: 1) container, 2) rock. Procedure loop:
1) Stop and sense: lidar run get_lidar_snapshot and get_semantic_lidar_objects; camera capture RGB and class histogram.
2) If lidar reports current target class centroid (x,y), navigator will compute goal = centroid + 3*(pose - centroid)/||pose-centroid|| and navigate_to_pose(goal) and stop. After stopping, lidar or camera should call confirm_stop(class_name).
3) If lidar reports no centroid for current target class, planner will pick a free occupancy '.' cell in a different quadrant from already-seen objects; navigator navigate_to_pose(that cell) and stop; then repeat sensing.
4) After confirm_stop=true for the current class, proceed to the next class (container then rock). When both confirmed, report mission done.

Begin by sensing at current location (do not move)."
[navigator] Pose and map acquired. Current pose: x=0.01506, y=0.01027, yaw=1.5711 (frame: map). Occupancy map loaded. I will remain stopped at this pose and await lidar + camera sensing for the first target (container).

[planner -> navigator] NAVIGATE_TO_POSE: goal x=-7.8353, y=7.9221. Maintain safety distance; stop when reached and report arrival (pose). Do not attempt to confirm stops. After stopping remain still for sensing (lidar and camera) to run.
[navigator] Arrived at stop pose: x=-6.79279, y=-6.02209, yaw=-1.89317 (frame: map). Remaining still for sensing.

[planner -> navigator] NAVIGATE_TO_POSE: goal x=-9.1565, y=7.3162. Maintain safety distance; stop when reached and report arrival (pose). Do not attempt to confirm stops. After stopping remain still for sensing/confirmation.
[navigator] Arrived at stop pose: x=-7.14082, y=-7.08038, yaw=-1.65883 (frame: map). Remaining still for sensing.

[planner -> navigator] Proceed to next target: rock. Get current robot pose then compute a goal using the rock centroid when available. First, sense again here if needed; otherwise request occupancy map exploration to find rock if no centroid. Do not move until you receive a specific navigate_to_pose. Remain ready.
[navigator] Pose updated: x=-7.13574, y=-7.06221, yaw=-1.65874 (map). Awaiting lidar/camera sense or a navigate_to_pose command.

[planner -> navigator] NAVIGATE_TO_POSE: goal x=6.9742, y=-9.2418. Maintain safety distance; stop when reached and report arrival (pose). Do not attempt to confirm stops. After stopping remain still for sensing/confirmation.
[navigator] Arrived at stop pose: x=7.40794, y=5.24314, yaw=0.75314 (frame: map). Remaining still for sensing.

[planner -> navigator] NAVIGATE_TO_POSE: Use the rock centroid provided by lidar at x=9.26, y=-10.16 and current pose x=7.40794,y=5.24314 to compute goal = centroid + 3*(pose-centroid)/||pose-centroid||. Compute and navigate to that goal, stop, and report arrival. Maintain safety distance; do not come closer than 3.0 m to centroid. After stopping remain still for sensing/confirmation.
[navigator] Computed goal from rock centroid and current pose: goal x=8.90602, y=-7.18230 (yaw=0.0). Navigating now.

Arrived at stop pose: x=8.35424, y=6.69562, yaw=1.33565 (frame: map). Remaining still for sensing/confirmation.

===== saved: 2026-08-24T02:21:32+02:00 as open_easy_hmas2_r2_success =====
