===== DMAS camera =====
started: 2026-08-24T03:07:14+02:00
command: AGENT_COUNT=3 AGENT_WORLD=open AGENT_PLATFORM=q1 AGENT_MCP_URL=http://127.0.0.1:8000/sse python -m agentpackage.architectures.dmas.robot_agent --robot-id camera --host "127.0.0.1" --base-port "9101"

[shell_pid=193488] DMAS camera
camera online at 127.0.0.1:9103 (nav id q1).
DMAS robot: huddle, then plan/agree, then execute only its own leg.
Waiting for the fleet. Ctrl+C to exit.


[camera] turn requested
[camera] I will wait this round and not sense. Navigator drives to an unexplored free cell to look for the container, and lidar also waits.

[camera] turn requested
[camera] AGREE

[camera] turn requested
[camera] Next stop is the container. I will wait this round; lidar will sense from our current pose and navigator will wait (no drive).

[camera] turn requested
[camera] AGREE

[camera] turn requested
[camera] I'll wait this round. Navigator drives to a point at least 3.0 m from the container at -9.56, 10.34. Lidar waits.

[camera] turn requested
[camera] navigator: navigate q1 to x=-7.408 y=8.247 (yaw=0.0)
lidar: wait this round (no sensing)
camera: wait this round (no sensing)

[camera] turn requested
[camera] AGREE

[camera] turn requested
[camera] I'll wait and not sense this round. Lidar should sense now and navigator hold position. Next stop is the container at -9.56, 10.34.

[camera] turn requested
[camera] AGREE

===== saved: 2026-08-24T03:17:51+02:00 as open_easy_dmas_r1_fail_timeout =====
