===== DMAS lidar =====
started: 2026-08-24T03:07:14+02:00
command: AGENT_COUNT=3 AGENT_WORLD=open AGENT_PLATFORM=q1 AGENT_MCP_URL=http://127.0.0.1:8000/sse python -m agentpackage.architectures.dmas.robot_agent --robot-id lidar --host "127.0.0.1" --base-port "9101"

[shell_pid=193512] DMAS lidar
lidar online at 127.0.0.1:9102 (nav id q1).
DMAS robot: huddle, then plan/agree, then execute only its own leg.
Waiting for the fleet. Ctrl+C to exit.


[lidar] turn requested
[lidar] Next stop is the container.  
I will wait this round and not sense.  
Navigator drives to an unexplored free cell and camera waits.

[lidar] turn requested
[lidar] AGREE

[lidar] turn requested
[lidar] I'll do a lidar scan now from our current pose; navigator and camera wait this round. Next stop is the container and there is no lidar centroid known yet.

[lidar] turn requested
[lidar] PLAN
navigator: wait this round (no driving)
lidar: perform a semantic lidar scan now from current pose — call get_lidar_snapshot and get_semantic_lidar_objects (no class filter); report any detected objects (no confirm_stop)
camera: wait this round (no sensing)

[lidar] leg requested
[lidar] I ran a lidar snapshot and semantic lidar scan; both tools succeeded. Detected: car class_id=12 at x=9.30 y=7.78; tree_crown class_id=27 at x=-9.86 y=-9.86; rock class_id=40 at x=9.77 y=-9.75; container class_id=58 at x=-9.56 y=10.34.

[lidar] turn requested
[lidar] I last saw the container at -9.56, 10.34. Navigator drives to a viewpoint at least 3.0 m from that container; I will wait and camera will wait this round.

[lidar] turn requested
[lidar] AGREE

[lidar] turn requested
[lidar] I'll sense now; navigator holds position and camera waits. Next stop is the container at -9.56, 10.34.

[lidar] turn requested
[lidar] AGREE

[lidar] leg requested
[lidar] I ran lidar snapshot and semantic lidar; both tools succeeded. Detected container class_id=58 at x=-9.67 y=10.32 and tree_crown class_id=27 at x=-10.27 y=-9.63.

===== saved: 2026-08-24T03:17:51+02:00 as open_easy_dmas_r1_fail_timeout =====
