===== DMAS navigator =====
started: 2026-08-24T03:07:14+02:00
command: AGENT_COUNT=3 AGENT_WORLD=open AGENT_PLATFORM=q1 AGENT_MCP_URL=http://127.0.0.1:8000/sse python -m agentpackage.architectures.dmas.robot_agent --robot-id navigator --host "127.0.0.1" --base-port "9101"

[shell_pid=193533] DMAS navigator
navigator online at 127.0.0.1:9101 (nav id q1).
DMAS robot: huddle, then plan/agree, then execute only its own leg.
Waiting for the fleet. Ctrl+C to exit.


[navigator] turn requested
[navigator] Next stop is the container. I'll drive to an unexplored free cell to look for it, while lidar and camera wait this round.

[navigator] turn requested
[navigator] PLAN
navigator: navigate q1 to x=4.00, y=4.00 (yaw=0.0) — drive to this free-cell to search for the container.
lidar: wait this round and do not sense.
camera: wait this round and do not sense.

[navigator] leg requested
[navigator] I called get_robot_pose (success) and get_occupancy_map (success), then navigated q1 to x=4.00 y=4.00 yaw=0.0.  
navigate_to_pose succeeded (waypoint reached); the nav response reported odometry pose x=-1.800528234639205 y=2.801628319114447 yaw=2.5508346718965824.  
No semantic-lidar or camera object classes were observed (no object coordinates returned).

[navigator] turn requested
[navigator] I'll wait this round; lidar will perform the scan and the camera waits. No one drives this round. Next stop is the container.

[navigator] turn requested
[navigator] AGREE

[navigator] turn requested
[navigator] I will drive to a viewpoint at least 3.0 m from the container at -9.56, 10.34. Lidar waits and camera waits this round.

[navigator] turn requested
[navigator] PLAN
navigator: navigate q1 to x=-7.407 y=8.247 (yaw=0.0)
lidar: wait this round (no sensing)
camera: wait this round (no sensing)

[navigator] leg requested
[navigator] I drove q1 to x=-7.407 y=8.247 yaw=0.0 using navigate_to_pose; navigate_to_pose reported success. get_robot_pose and get_occupancy_map calls succeeded. I observed no objects (no semantic-lidar data called by me). confirmed=false.

[navigator] turn requested
[navigator] I'll hold position (navigator) this round. Lidar senses now and camera waits. Next stop is the container at -9.56, 10.34.

[navigator] turn requested
[navigator] PLAN
navigator: navigate q1 to x=-7.45 y=-5.57 yaw=-1.547 (hold current pose).
lidar: perform a semantic lidar scan now (get_lidar_snapshot + get_semantic_lidar_objects) and report any detected objects (class_id, class, x, y); do not call confirm_stop.
camera: wait this round and do not sense.

[navigator] leg requested
[navigator] I drove Q1 to x=-7.45 y=-5.57 yaw=-1.547 using navigate_to_pose; get_robot_pose and get_occupancy_map succeeded and navigate_to_pose reported success. get_semantic_lidar_objects was not called so no objects observed. confirm_stop not called. STEP_OK

===== saved: 2026-08-24T03:17:51+02:00 as open_easy_dmas_r1_fail_timeout =====
