===== DMAS camera =====
started: 2026-08-24T12:38:20+02:00
command: AGENT_COUNT=3 AGENT_WORLD=open AGENT_PLATFORM=q1 AGENT_MCP_URL=http://127.0.0.1:8000/sse python -m agentpackage.architectures.dmas.robot_agent --robot-id camera --host "127.0.0.1" --base-port "9101"

[shell_pid=42708] DMAS camera
camera online at 127.0.0.1:9103 (nav id q1).
DMAS robot: huddle, then plan/agree, then execute only its own leg.
Waiting for the fleet. Ctrl+C to exit.


[camera] turn requested
[camera] I'll wait; lidar will sense from our current pose and navigator will stay put this round. Next stop is the nearest rock.

[camera] turn requested
[camera] AGREE

[camera] turn requested
[camera] I hear the next stop is the rock at 9.39, -10.25. Navigator drives to a viewpoint at least 3 m from that centroid; lidar waits; I wait.

[camera] turn requested
[camera] AGREE

[camera] leg requested
[camera] I waited on standby this round and performed no camera actions. No tools were called, so there are no tool successes to report. Observed classes: none (no camera/semantic data collected).

[camera] turn requested
[camera] I see the next stop is the nearest rock at 9.39, -10.25. Navigator drives; lidar and I wait.

[camera] turn requested
[camera] PLAN
navigator: navigate_to_pose x=8.76 y=-7.32
lidar: standby (no sensing this round)
camera: get_camera_image and get_semantic_camera_classes (capture and report visible classes)

[camera] turn requested
[camera] AGREE

[camera] leg requested
[camera] I waited on standby this round and performed no sensing or tool calls. No camera tools were used, so there are no observed classes or coordinates to report. confirm_stop was not called.

[camera] turn requested
[camera] I'll wait this round. Navigator drives toward the rock at 9.39, -10.25, and lidar waits.

[camera] turn requested
[camera] AGREE

[camera] leg requested
[camera] I waited in standby this round and performed no actions or tool calls. No tools were invoked, so there are no tool success/failure results to report. No observed classes (empty).

[camera] turn requested
[camera] I see the next stop is the rock at 9.39, -10.25. Navigator drives to a viewpoint ≥3 m from (9.39, -10.25); lidar and I will wait this round.

[camera] turn requested
[camera] AGREE

[camera] turn requested
[camera] Rock at 9.57, -9.94. Navigator drives to a viewpoint ≥3 m from that rock; lidar waits and I (camera) wait.

[camera] turn requested
[camera] PLAN
navigator: navigate_to_pose robot_id='q1' x=8.776 y=-7.047 yaw=0.0  — drive to a viewpoint ≥3.0 m from rock centroid (9.57, -9.94).
lidar: standby (no sensing this round).
camera: standby (no sensing this round).

[camera] leg requested
[camera] I remained on standby and performed no sensing or tool calls this round. No tools were invoked, so there are no tool successes or failures to report. Observed classes: none (no camera or semantic data collected).

===== saved: 2026-08-24T13:21:25+02:00 as open_medium_dmas_r1_fail_timeout =====
