===== DMAS lidar =====
started: 2026-08-24T14:09:45+02:00
command: AGENT_COUNT=3 AGENT_WORLD=open AGENT_PLATFORM=q1 AGENT_MCP_URL=http://127.0.0.1:8000/sse python -m agentpackage.architectures.dmas.robot_agent --robot-id lidar --host "127.0.0.1" --base-port "9101"

[shell_pid=52196] DMAS lidar
lidar online at 127.0.0.1:9102 (nav id q1).
DMAS robot: huddle, then plan/agree, then execute only its own leg.
Waiting for the fleet. Ctrl+C to exit.


[lidar] turn requested
[lidar] I'll perform a lidar scan now to look for the nearest rock. Navigator waits (no driving) and camera waits this round.

[lidar] turn requested
[lidar] AGREE

[lidar] leg requested
[lidar] I performed get_lidar_snapshot and get_semantic_lidar_objects("rock"); both calls succeeded. Observed: rock class_id=40 at x=9.68 y=-9.79.

[lidar] turn requested
[lidar] I see the rock at (9.68, -9.79). Navigator, drive to a pose at least 3 m from that centroid; camera and I will wait.

[lidar] turn requested
[lidar] PLAN
navigator: navigate_to_pose to x=7.57 y=-7.66 (this goal is ≥3 m from the rock at 9.68, -9.79).
lidar: wait/standby (no sensing or confirm this round).
camera: wait/standby (no sensing or confirm this round).

[lidar] turn requested
[lidar] I will wait this round while navigator drives and camera waits. The rock is at 9.68, -9.79.

[lidar] turn requested
[lidar] AGREE

[lidar] turn requested
[lidar] Next stop is the container and I have no lidar centroid for it. Navigator drives to a new viewpoint while I wait and the camera waits.

[lidar] turn requested
[lidar] PLAN
navigator: navigate_to_pose(robot_id='q1', x=4.0, y=-4.0, yaw=0.0)
lidar: wait/standby (no sensing or confirm this round)
camera: wait/standby (no sensing or confirm this round)

[lidar] turn requested
[lidar] I'll do a lidar scan now to look for the nearest container. Navigator waits, camera waits.

[lidar] turn requested
[lidar] PLAN
navigator: remain at current pose x=4.0 y=-4.0 (no movement this round).
lidar: perform a lidar scan now — call get_lidar_snapshot and get_semantic_lidar_objects("container"); report every detected object as class_id=… class=container x=… y=…. Do not confirm_stop (Q1 is not stopping this round).
camera: wait/standby (no sensing or confirm).

[lidar] leg requested
[lidar] I ran a lidar snapshot and semantic lidar for class "container"; both tools succeeded. Observed: container class_id=58 at x=-9.85 y=10.11.

[lidar] turn requested
[lidar] I report the container at -9.85, 10.11. Navigator drives to a viewpoint at least 3 m from that centroid; lidar waits and camera waits.

[lidar] turn requested
[lidar] AGREE

[lidar] turn requested
[lidar] Next stop is the container at (-9.85, 10.11). I'll wait; navigator drives to a viewpoint at least 3 m from that centroid, and camera waits.

===== saved: 2026-08-24T14:55:24+02:00 as open_medium_dmas_r3_fail_timeout =====
