===== DMAS navigator =====
started: 2026-08-24T14:09:45+02:00
command: AGENT_COUNT=3 AGENT_WORLD=open AGENT_PLATFORM=q1 AGENT_MCP_URL=http://127.0.0.1:8000/sse python -m agentpackage.architectures.dmas.robot_agent --robot-id navigator --host "127.0.0.1" --base-port "9101"

[shell_pid=52219] DMAS navigator
navigator online at 127.0.0.1:9101 (nav id q1).
DMAS robot: huddle, then plan/agree, then execute only its own leg.
Waiting for the fleet. Ctrl+C to exit.


[navigator] turn requested
[navigator] Next stop is the nearest rock. I'll drive to an unexplored free cell to get a new viewpoint while lidar and camera wait.

[navigator] turn requested
[navigator] PLAN
navigator: remain at current pose (-0.0, 0.0); no navigation this round.
lidar: perform a semantic lidar scan now to search for the nearest rock and report every detected object as class_id=… class=… x=… y=….
camera: wait/standby this round (no sensing or confirm).

[navigator] turn requested
[navigator] I'll drive to a viewpoint at least 3 m from the rock at (9.68, -9.79). Lidar and camera will wait this round (no sensing) while I drive.

[navigator] turn requested
[navigator] AGREE

[navigator] leg requested
[navigator] I drove q1 to x=7.57 y=-7.66 (robot_id=q1). navigate_to_pose succeeded (reached=true). Semantic object list: empty (no objects reported by my tools).

[navigator] turn requested
[navigator] I will wait (no driving) this round; lidar will sense and camera will wait. The rock is at 9.68, -9.79.

[navigator] turn requested
[navigator] AGREE

[navigator] turn requested
[navigator] Next stop is the container; we have no lidar centroid for it. I will drive to a new viewpoint to search while lidar and camera wait this round.

[navigator] turn requested
[navigator] navigator: navigate_to_pose(robot_id='q1', x=4.0, y=-4.0, yaw=0.0)
lidar: wait/standby (no sensing this round)
camera: wait/standby (no sensing or confirm this round)

[navigator] turn requested
[navigator] AGREE

[navigator] leg requested
[navigator] I drove Q1 to x=4.0 y=-4.0 yaw=0.0; navigate_to_pose returned success (reached=true, status=succeeded). I observed nothing myself (I only drove), so no object classes/coordinates to report.

[navigator] turn requested
[navigator] Next stop is the nearest container. I will wait; lidar will scan for containers and the camera will wait.

[navigator] turn requested
[navigator] AGREE

[navigator] turn requested
[navigator] I'll drive now to a viewpoint at least 3 m from the container at (-9.85, 10.11). Lidar waits and camera waits this round.

[navigator] turn requested
[navigator] AGREE

[navigator] leg requested
[navigator] I commanded Q1 to navigate_to_pose at x=-6.98 y=9.24 yaw=0.0. The navigate_to_pose call succeeded (success=true, reached=true, status=succeeded) — SUCCESS. I did not run any sensing tools this leg, so no objects were observed.

[navigator] turn requested
[navigator] I'll drive to a viewpoint at least 3 m from the container (-9.85, 10.11). Lidar waits and camera waits this round.

===== saved: 2026-08-24T14:55:24+02:00 as open_medium_dmas_r3_fail_timeout =====
