===== Robot navigator =====
started: 2026-08-24T14:56:25+02:00
command: AGENT_COUNT=3 AGENT_WORLD=open AGENT_PLATFORM=q1 AGENT_MCP_URL=http://127.0.0.1:8000/sse python -m agentpackage.architectures.hmas1.robot_agent --robot-id navigator --host "127.0.0.1" --port "8765"

[shell_pid=57403] Robot navigator
navigator online (HMAS-1). Waiting for plan vote, DMAS huddle, STEP check, and leg dispatch.
Ctrl+C to exit.


[planner -> navigator] dialogue request
[navigator] AGREE

[planner -> navigator] execute request
[navigator] I drove q1 to (6.0, 6.0); navigate_to_pose succeeded (reached=true). I requested the occupancy map and observed free space (grid returned); no object centroids were observed by my tools.

[planner -> navigator] step-check request
[navigator] STEP_OK

[planner -> navigator] execute request
[navigator] I waited and did not drive. No navigate_to_pose call was made (no tool activity). No rock centroid report was available to the navigator, so I held position.

[planner -> navigator] step-check request
[navigator] STEP_OK

[planner -> navigator] execute request
[navigator] I fetched the occupancy map and then attempted to navigate Q1 to (5.0, 5.0) as an exploratory viewpoint. The occupancy map call succeeded; navigate_to_pose failed (timeout) and reported the robot's last pose at x=-4.154103017441928, y=4.522144583560526. No objects were observed.

[planner -> navigator] step-check request
[navigator] STEP_FAILED

[planner -> navigator] huddle request
[navigator] I'll wait while lidar performs a semantic scan; camera waits too. No one drives this round; next stop is the nearest rock.

[planner -> navigator] dialogue request
[navigator] AGREE

[planner -> navigator] huddle request
[navigator] I'll drive to a viewpoint at least 3 m from the nearest rock (9.72, -9.82). Lidar and camera wait; no one senses this round.

[planner -> navigator] dialogue request
[navigator] PLAN:
- navigator: DRIVE to (7.61, -7.69) — this approach point is ≥3.0 m from the last-seen rock at (9.72, -9.82).
- lidar: wait (no sensing this round).
- camera: wait (no sensing this round).

[planner -> navigator] dialogue request
[navigator] AGREE

[planner -> navigator] execute request
[navigator] I drove Q1 to (7.61, -7.69); navigate_to_pose returned success (reached=true). I observed no objects (I did not run sensors).

[planner -> navigator] huddle request
[navigator] I'll wait; lidar should run a semantic scan for the nearest rock (last seen at 9.72, -9.82) and camera should capture an image, with no driving this round.

[planner -> navigator] dialogue request
[navigator] PLAN:
- navigator: navigate Q1 to (7.61, -7.69, yaw=0.0) — approach point ≥3.0 m from the last-seen rock at (9.72, -9.82).
- lidar: wait (no sensing this round).
- camera: wait (no sensing this round).

[planner -> navigator] execute request

===== saved: 2026-08-24T15:14:56+02:00 as open_medium_hmas1_r1_fail_timeout =====
