===== Robot navigator =====
started: 2026-08-24T15:54:39+02:00
command: AGENT_COUNT=3 AGENT_WORLD=open AGENT_PLATFORM=q1 AGENT_MCP_URL=http://127.0.0.1:8000/sse python -m agentpackage.architectures.hmas2.robot_agent --robot-id navigator --host "127.0.0.1" --port "8765"

[shell_pid=69930] Robot navigator
navigator is online (HMAS-2). Reviews central plans, then executes when told.
Type directly to chat with this robot locally. Use Ctrl+C to exit.

navigator> 
[planner -> navigator] PLAN REVIEW REQUEST — do NOT execute yet. Check only YOUR specialty (navigator / lidar / camera). Prefer ZERO tools; reply AGREE: or DISAGREE: in one line.

SPECIALIST PLAN:
Plan (short): Goal: visit in order — nearest rock, then nearest container, then nearest car. Roles:

navigator:
- Execute exploration and approach drives. Start at spawn (0,0).
- Phase for each target class (rock, container, car):
  1) If lidar or camera report a centroid for the current target, compute a navigation goal that is at least 3.0 m from that centroid by offsetting toward the anchor (use spawn (0,0) or last known pose as anchor). Navigate to that goal. Stop and report navigate_to_pose success/failure.
  2) If no centroid for the current target is available, drive to the next exploration viewpoint (e.g., 3–5 m offset into a different quadrant from current pose) and stop so sensors can sense again. Repeat until centroid found.
- Never navigate to an object centroid or closer than 3.0 m to it.
- After each successful drive for a target, wait for lidar or camera confirm_stop before continuing to the next target.

lidar:
- At each stop, run semantic lidar scan and report any detected centroids (class and x/y). Only lidar is the source of object coordinates; do not invent coordinates.
- When the navigator reports arrival at a goal for a target, call confirm_stop(name) for that class (rock/container/car). Reply with confirm_stop result.

camera:
- At each stop, capture RGB image and provide optional class histogram. If lidar cannot confirm_stop for a target, attempt confirm_stop(name) with camera instead.

Constraints and protocol:
- Follow strict order: rock → container → car. Do not attempt a later class until the prior class is confirmed.
- Use sense → (if centroid) plan offset goal → navigate → sense/confirm_stop. If no centroid, explore to a different viewpoint and sense again.
- If navigate_to_pose returns success=true, treat the stop as reached (within ~2.5 m) and request confirm_stop from lidar or camera.
- I will only call report_mission_done after all three confirm_stop calls return confirmed=true.

Please reply AGREE or DISAGREE and note any needed clarification.
[navigator] AGREE: I will act as navigator for robot_id 'q1', assume spawn (0,0) until the first successful drive, compute navigation goals ≥3.0 m from any reported centroid by offsetting toward spawn/last-known pose, only call get_occupancy_map when needed for exploration or after a nav failure, and wait for lidar/camera confirm_stop before proceeding to the next class. No further clarifications.

[planner -> navigator] EXECUTE: Begin tour. Order: 1) rock, 2) container, 3) car. Procedure for each class:

1) Stop and sense: At current pose, lidar runs semantic scan and reports any centroids for the current class.
2a) If lidar reports a centroid for the current class, navigator: compute a nav goal at least 3.0 m from that centroid by offsetting toward spawn (0,0) or last-known pose; navigate_to_pose to that goal. After navigate returns success=true, lidar should call confirm_stop(<class>) and report result. If confirm_stop is true, proceed to next class. If false, repeat exploration step.
2b) If no centroid at current pose, navigator: move to an exploration viewpoint ~4 m into a different quadrant from current pose (maintain distance from known centroids), stop and sense again. Use get_occupancy_map only if blocked or if no centroids repeatedly.

Navigator: never navigate closer than 3.0 m to any reported centroid. After each successful drive for a target, wait for lidar to confirm_stop before moving on. Camera: capture images at each stop and provide optional class histogram; if lidar cannot confirm after a reasonable attempt, camera may attempt confirm_stop for that class.

Begin now: at spawn (0,0) sense for 'rock' and report semantic lidar results (centroids if any)."} }]}] }]{unexpected}]===
[navigator] At spawn (0,0). No navigation action — awaiting the lidar semantic scan results for 'rock' before I move.

[planner -> navigator] EXECUTE: navigate_to_pose to goal (x=7.57, y=-7.66). This goal is computed to be ≥3.0 m from the detected rock centroid (9.68, -9.79) by offsetting toward spawn (0,0). After navigate_to_pose returns, report success=true/false and reached=true/false. Do NOT move closer than 3.0 m to the centroid. Then await lidar confirm_stop.
[navigator] navigate_to_pose returned success=true, reached=true. Awaiting lidar confirm_stop for 'rock'.

[planner -> navigator] ACK: rock confirmed. Proceed to next target: 'container'. Procedure: at current pose (use navigator's current pose from last successful drive), lidar sense for 'container'. If a centroid is detected, navigator will compute a nav goal at least 3.0 m from that centroid by offsetting toward last-known pose/spawn and navigate there. If no centroid, navigator will move ~4 m to a different viewpoint (different quadrant) and stop to sense again. Begin: lidar, sense for 'container' now and report results.
[navigator] At pose (7.57, -7.66) (last successful goal). Waiting for lidar semantic scan results for 'container'.

[planner -> navigator] EXECUTE: navigate_to_pose to viewpoint at (x=3.57, y=-3.66) — approx 5.0 m from current pose toward spawn and into a different quadrant; ensure this viewpoint maintains >=3.0 m from the known rock centroid (9.68, -9.79). After navigate_to_pose returns, report success and reached flags. Then await lidar sense.
[navigator] navigate_to_pose returned success=true, reached=true. Awaiting lidar semantic scan for 'container'.

[planner -> navigator] EXECUTE: compute nav goal at least 3.0 m from container centroid (-9.97, 10.31) by offsetting toward anchor = current pose (3.57, -3.66). Navigate_to_pose to computed goal (x=-6.63, y=6.25). After navigate_to_pose returns, report success and reached flags. Then await lidar confirm_stop for 'container'.
[navigator] navigate_to_pose returned success=true, reached=true. Awaiting lidar confirm_stop for 'container'.

[planner -> navigator] ACK: container confirmed. Proceed to final target: 'car'. Procedure: at current pose (use navigator's current pose from last successful drive), lidar sense for 'car'. If centroid found, navigator compute a nav goal ≥3.0 m from centroid by offsetting toward last-known pose/spawn and navigate there. If no centroid, navigator explore to another viewpoint (~4 m different quadrant) and sense again. Begin: lidar, sense for 'car' now and report results.
[navigator] At pose (-6.63, 6.25) (last successful goal). Waiting for lidar semantic scan results for 'car'.

[planner -> navigator] EXECUTE: navigate_to_pose to viewpoint at (x=-2.63, y=2.25) — move ~5.0 m toward spawn/different quadrant while keeping >=3 m from the known rock (9.68,-9.79) and container (-9.97,10.31). After navigate_to_pose returns, report success/reached. Then await lidar sense for 'car'.
[navigator] navigate_to_pose returned success=true, reached=true. Awaiting lidar semantic scan for 'car'.

[planner -> navigator] EXECUTE: navigate_to_pose to viewpoint at (x=1.0, y=-1.0) — move ~4.8 m to a different quadrant while keeping ≥3.0 m from known rock and container centroids. After navigate_to_pose returns, report success/reached. Then await lidar sense for 'car'.
[navigator] navigate_to_pose returned success=true, reached=true. Awaiting lidar semantic scan for 'car'.

[planner -> navigator] EXECUTE: compute nav goal at least 3.0 m from car centroid (9.22, 7.91) by offsetting toward anchor = current pose (1.0, -1.0). Navigate_to_pose to computed goal (x=6.90, y=5.50). After navigate_to_pose returns, report success and reached flags. Then await lidar confirm_stop for 'car'.
[navigator] navigate_to_pose returned success=true, reached=true. Awaiting lidar confirm_stop for 'car'.

[planner -> navigator] EXECUTE: navigate_to_pose to viewpoint (x=4.0, y=3.0). Keep >=3.0 m from known centroids (rock/container/car). After navigate_to_pose returns, report success and reached flags. Then await lidar sense for 'car'.
[navigator] navigate_to_pose returned success=false, reached=false (error: nav_failed, reason: timeout). Report FAILURE. Current pose remains last successful goal (x=6.90, y=5.50). I will not retry the same goal; request get_occupancy_map or a new/adjusted goal.

[planner -> navigator] EXECUTE: navigate_to_pose to viewpoint (x=5.5, y=4.0). Keep >=3.0 m from known centroids (rock at 9.68,-9.79; container at -9.97,10.31; car at 9.22,7.91). After navigate_to_pose returns, report success/reached. Then await lidar semantic scan for 'car'.
[navigator] navigate_to_pose returned success=true, reached=true. Awaiting lidar semantic scan for 'car'.

[planner -> navigator] EXECUTE: compute nav goal at least 3.0 m from chosen car centroid (9.36,7.59) by offsetting toward anchor = current pose (5.5,4.0). Navigate_to_pose to computed goal (x=7.24, y=5.54). After navigate_to_pose returns, report success and reached flags. Then await lidar confirm_stop for 'car'.
[navigator] navigate_to_pose returned success=true, reached=true. Awaiting lidar confirm_stop for 'car'.

===== saved: 2026-08-24T16:13:07+02:00 as open_medium_hmas2_r1_success =====
