===== Robot camera =====
started: 2026-08-24T15:54:39+02:00
command: AGENT_COUNT=3 AGENT_WORLD=open AGENT_PLATFORM=q1 AGENT_MCP_URL=http://127.0.0.1:8000/sse python -m agentpackage.architectures.hmas2.robot_agent --robot-id camera --host "127.0.0.1" --port "8765"

[shell_pid=69974] Robot camera
camera is online (HMAS-2). Reviews central plans, then executes when told.
Type directly to chat with this robot locally. Use Ctrl+C to exit.

camera> 
[planner -> camera] PLAN REVIEW REQUEST — do NOT execute yet. Check only YOUR specialty (navigator / lidar / camera). Prefer ZERO tools; reply AGREE: or DISAGREE: in one line.

SPECIALIST PLAN:
Plan (short): Goal: visit in order — nearest rock, then nearest container, then nearest car. Roles:

navigator:
- Execute exploration and approach drives. Start at spawn (0,0).
- Phase for each target class (rock, container, car):
  1) If lidar or camera report a centroid for the current target, compute a navigation goal that is at least 3.0 m from that centroid by offsetting toward the anchor (use spawn (0,0) or last known pose as anchor). Navigate to that goal. Stop and report navigate_to_pose success/failure.
  2) If no centroid for the current target is available, drive to the next exploration viewpoint (e.g., 3–5 m offset into a different quadrant from current pose) and stop so sensors can sense again. Repeat until centroid found.
- Never navigate to an object centroid or closer than 3.0 m to it.
- After each successful drive for a target, wait for lidar or camera confirm_stop before continuing to the next target.

lidar:
- At each stop, run semantic lidar scan and report any detected centroids (class and x/y). Only lidar is the source of object coordinates; do not invent coordinates.
- When the navigator reports arrival at a goal for a target, call confirm_stop(name) for that class (rock/container/car). Reply with confirm_stop result.

camera:
- At each stop, capture RGB image and provide optional class histogram. If lidar cannot confirm_stop for a target, attempt confirm_stop(name) with camera instead.

Constraints and protocol:
- Follow strict order: rock → container → car. Do not attempt a later class until the prior class is confirmed.
- Use sense → (if centroid) plan offset goal → navigate → sense/confirm_stop. If no centroid, explore to a different viewpoint and sense again.
- If navigate_to_pose returns success=true, treat the stop as reached (within ~2.5 m) and request confirm_stop from lidar or camera.
- I will only call report_mission_done after all three confirm_stop calls return confirmed=true.

Please reply AGREE or DISAGREE and note any needed clarification.
[camera] AGREE: Camera will capture RGB and semantic classes at every stop and will attempt confirm_stop only if lidar cannot confirm (or if camera clearly sees the target); please confirm whether camera should wait for lidar's confirm_stop attempt to fail before trying.

[planner -> camera] EXECUTE: Begin tour. Order: 1) rock, 2) container, 3) car. Procedure for each class:

1) Stop and sense: At current pose, lidar runs semantic scan and reports any centroids for the current class.
2a) If lidar reports a centroid for the current class, navigator: compute a nav goal at least 3.0 m from that centroid by offsetting toward spawn (0,0) or last-known pose; navigate_to_pose to that goal. After navigate returns success=true, lidar should call confirm_stop(<class>) and report result. If confirm_stop is true, proceed to next class. If false, repeat exploration step.
2b) If no centroid at current pose, navigator: move to an exploration viewpoint ~4 m into a different quadrant from current pose (maintain distance from known centroids), stop and sense again. Use get_occupancy_map only if blocked or if no centroids repeatedly.

Navigator: never navigate closer than 3.0 m to any reported centroid. After each successful drive for a target, wait for lidar to confirm_stop before moving on. Camera: capture images at each stop and provide optional class histogram; if lidar cannot confirm after a reasonable attempt, camera may attempt confirm_stop for that class.

Begin now: at spawn (0,0) sense for 'rock' and report semantic lidar results (centroids if any)."} }]}] }]{unexpected}]===
[camera] Image description: forward-facing grayscale view — light gray upper region (sky/ceiling), a central horizontal black band across the midline, and a lighter gray lower region (ground/foreground). No distinct objects (rock/container/car) are visually apparent in the frame.

Semantic camera classes: none (empty list).

No confirm_stop called. Awaiting the lidar semantic scan for rock centroids at this stop.

[planner -> camera] ACK: rock confirmed. Proceed to next target: 'container'. Procedure: at current pose (use navigator's current pose from last successful drive), lidar sense for 'container'. If a centroid is detected, navigator will compute a nav goal at least 3.0 m from that centroid by offsetting toward last-known pose/spawn and navigate there. If no centroid, navigator will move ~4 m to a different viewpoint (different quadrant) and stop to sense again. Begin: lidar, sense for 'container' now and report results.
[camera] Image description: forward-facing view with a single dark rock-like object centered lower-right on the ground plane; background has a horizontal dark band across midline and light gray sky/ceiling above. No container is visible.

Semantic camera classes (current frame): rock (class_id 40) — 3,142 pixels (12.27%). No container class detected.

No confirm_stop called by camera. Awaiting the lidar semantic scan results for 'container'.

[planner -> camera] ACK: container confirmed. Proceed to final target: 'car'. Procedure: at current pose (use navigator's current pose from last successful drive), lidar sense for 'car'. If centroid found, navigator compute a nav goal ≥3.0 m from centroid by offsetting toward last-known pose/spawn and navigate there. If no centroid, navigator explore to another viewpoint (~4 m different quadrant) and sense again. Begin: lidar, sense for 'car' now and report results.
[camera] Image description: forward-facing view showing a rectangular blue container centered on the ground plane (foreground), with a horizontal dark band across the midline and light gray sky/ceiling above. No car visible.

Semantic camera classes: container (class_id 58) — 1,749 pixels (6.83%). No car class detected.

No confirm_stop called. Awaiting lidar semantic scan for 'car' (camera sees only the container).

===== saved: 2026-08-24T16:13:07+02:00 as open_medium_hmas2_r1_success =====
