===== Robot navigator =====
started: 2026-08-24T15:15:35+02:00
command: AGENT_COUNT=3 AGENT_WORLD=open AGENT_PLATFORM=q1 AGENT_MCP_URL=http://127.0.0.1:8000/sse python -m agentpackage.architectures.hmas1.robot_agent --robot-id navigator --host "127.0.0.1" --port "8765"

[shell_pid=61943] Robot navigator
navigator online (HMAS-1). Waiting for plan vote, DMAS huddle, STEP check, and leg dispatch.
Ctrl+C to exit.


[planner -> navigator] dialogue request
[navigator] AGREE

[planner -> navigator] execute request
[navigator] I drove Q1 to the exploratory viewpoint at (4.0, 0.0); navigate_to_pose succeeded (reached=true). I observed no objects (no sensing performed by me).

[planner -> navigator] step-check request
[navigator] STEP_OK

[planner -> navigator] execute request
[navigator] I navigated q1 to (-8.0, 8.0); navigate_to_pose succeeded (reached=true). I observed no objects (no sensor tools run here).

[planner -> navigator] step-check request
[navigator] STEP_OK

[planner -> navigator] execute request
[navigator] I drove q1 to exploratory viewpoint C at (8.0, 8.0); navigate_to_pose succeeded (reached=true). I observed no object data (I only moved; sensing is done by lidar/camera).

[planner -> navigator] step-check request
[navigator] STEP_OK

[planner -> navigator] execute request
[navigator] I drove Q1 to (5, 0) with robot_id 'q1'; navigate_to_pose succeeded (reached=true). I observed no object centroids myself (I only drove); occupancy-map free-cell viewpoint D was used.

[planner -> navigator] step-check request
[navigator] STEP_OK

[planner -> navigator] execute request
[navigator] I drove Q1 to exploratory viewpoint E at (6.0, 0.0); navigate_to_pose succeeded (reached=true). I observed no objects (did not sense here myself).

[planner -> navigator] step-check request
[navigator] STEP_OK

[planner -> navigator] execute request
[navigator] I navigated Q1 to (5.0, 0.0); navigate_to_pose succeeded (reached=true). No objects observed by me (I only drove).

[planner -> navigator] step-check request
[navigator] STEP_OK

===== saved: 2026-08-24T15:31:30+02:00 as open_medium_hmas1_r2_fail_hallucinatio =====
