===== Robot lidar =====
started: 2026-08-24T15:15:35+02:00
command: AGENT_COUNT=3 AGENT_WORLD=open AGENT_PLATFORM=q1 AGENT_MCP_URL=http://127.0.0.1:8000/sse python -m agentpackage.architectures.hmas1.robot_agent --robot-id lidar --host "127.0.0.1" --port "8765"

[shell_pid=61966] Robot lidar
lidar online (HMAS-1). Waiting for plan vote, DMAS huddle, STEP check, and leg dispatch.
Ctrl+C to exit.


[planner -> lidar] dialogue request
[lidar] AGREE

[planner -> lidar] execute request
[lidar] I performed a lidar snapshot and semantic-lidar sensing from the current pose; both tool calls succeeded (snapshot min range 2.32 m). Semantic lidar returned one rock (class 40) with centroid at x=9.54, y=-10.14.

[planner -> lidar] step-check request
[lidar] STEP_OK

[planner -> lidar] execute request
[lidar] I ran get_lidar_snapshot and get_semantic_lidar_objects("rock"); the lidar snapshot succeeded (min range 2.32 m) and the semantic lidar call succeeded but returned no rock objects. Because no rock centroid was observed I did not call confirm_stop("rock") and a viewpoint change is needed.

[planner -> lidar] step-check request
[lidar] STEP_OK

[planner -> lidar] execute request
[lidar] I ran get_lidar_snapshot and get_semantic_lidar_objects from q1; both calls succeeded.  
Semantic lidar returned four objects: car (class 12) at x=9.36, y=8.12; container (class 58) at x=-9.91, y=10.20; rock (class 40) at x=10.26, y=-9.68; tree_crown (class 27) at x=-10.15, y=-9.87.  
The container centroid (class 58 at -9.91, 10.20) is available to plan an approach.

[planner -> lidar] step-check request
[lidar] STEP_OK

[planner -> lidar] execute request
[lidar] I ran a lidar snapshot (succeeded) and semantic lidar filtered for container (succeeded) which returned one container centroid at x=-9.61, y=10.41; confirm_stop("container") returned confirmed=false (not close enough).

[planner -> lidar] step-check request
[lidar] STEP_OK

[planner -> lidar] execute request
[lidar] I ran get_lidar_snapshot and get_semantic_lidar_objects from q1; both succeeded (min range 2.32 m). Semantic lidar reported a car (class 12) at x=9.38, y=7.56 (also saw tree_crown, rock, and containers).

[planner -> lidar] step-check request
[lidar] STEP_OK

[planner -> lidar] execute request
[lidar] I ran lidar sensing (get_lidar_snapshot and get_semantic_lidar_objects); both calls succeeded. Semantic lidar returned car (class_id 12) at (9.35, 7.35) and (9.30, 9.26); tree_crown (class_id 27) at (-9.69, -9.98); rock (class_id 40) at (8.88, -9.88) and (10.90, -9.74); container (class_id 58) at (-9.37, 10.36) and (-11.34, 9.98). I did not call confirm_stop("car") because Q1 is not already stoppe

[planner -> lidar] step-check request
[lidar] STEP_OK

===== saved: 2026-08-24T15:31:30+02:00 as open_medium_hmas1_r2_fail_hallucinatio =====
