===== Robot camera =====
started: 2026-08-24T15:15:35+02:00
command: AGENT_COUNT=3 AGENT_WORLD=open AGENT_PLATFORM=q1 AGENT_MCP_URL=http://127.0.0.1:8000/sse python -m agentpackage.architectures.hmas1.robot_agent --robot-id camera --host "127.0.0.1" --port "8765"

[shell_pid=61989] Robot camera
camera online (HMAS-1). Waiting for plan vote, DMAS huddle, STEP check, and leg dispatch.
Ctrl+C to exit.


[planner -> camera] dialogue request
[camera] AGREE

[planner -> camera] execute request
[camera] I captured and inspected the RGB camera frame; it shows a light-gray upper area, a central dark horizontal band across the middle, and a lighter gray lower area (no distinct objects visible). The semantic camera class query succeeded and returned no detected classes. No class IDs (rock/barrel/car/container/tree) or poses were observed.

[planner -> camera] step-check request
[camera] STEP_OK

[planner -> camera] execute request
[camera] I captured the RGB frame and requested the semantic-camera class histogram; both tools succeeded. The semantic camera reported class_id 58 = container (≈15% of pixels); no rock was observed, so I did not call confirm_stop.

[planner -> camera] step-check request
[camera] STEP_OK

[planner -> camera] execute request
[camera] I captured the RGB camera frame and visually see a dark convertible car in the lower-right of the image. Both get_camera_image and get_semantic_camera_classes succeeded. The semantic result reports class_id 12 = car (≈21.77% of pixels); no other classes were detected.

[planner -> camera] step-check request
[camera] STEP_OK

[planner -> camera] execute request
[camera] I captured and inspected the RGB frame; it shows a dark boulder/rock on flat ground near the horizon. get_semantic_camera_classes succeeded and returned class_id 40 = rock (635 pixels, ~2.48%); no container was detected, so I did not call confirm_stop.

[planner -> camera] step-check request
[camera] STEP_OK

[planner -> camera] execute request
[camera] I captured the RGB frame and inspected the semantic overlay. The semantic camera call succeeded and reported rock (class_id 40) visible: 646 pixels (2.52% of frame). No other classes were observed.

[planner -> camera] step-check request
[camera] STEP_OK

[planner -> camera] execute request
[camera] I captured the RGB image and retrieved the semantic-camera class histogram; both tool calls succeeded. The semantic camera reported rock (class_id 40) covering 646 pixels (~2.52%). I did not call confirm_stop.

[planner -> camera] step-check request
[camera] STEP_OK

===== saved: 2026-08-24T15:31:30+02:00 as open_medium_hmas1_r2_fail_hallucinatio =====
