===== Robot lidar =====
started: 2026-08-23T22:26:42+02:00
command: AGENT_COUNT=3 AGENT_WORLD=open AGENT_PLATFORM=q1 AGENT_MCP_URL=http://127.0.0.1:8000/sse python -m agentpackage.architectures.hmas1.robot_agent --robot-id lidar --host "127.0.0.1" --port "8765"

[shell_pid=141196] Robot lidar
lidar online (HMAS-1). Waiting for plan vote, DMAS huddle, STEP check, and leg dispatch.
Ctrl+C to exit.


[planner -> lidar] dialogue request
[lidar] AGREE

[planner -> lidar] execute request
[lidar] I ran the lidar snapshot and semantic lidar for class 58 (container); both tools succeeded and semantic lidar returned one container at x = -10.1, y = 10.0.

[planner -> lidar] step-check request
[lidar] STEP_OK

[planner -> lidar] huddle request
[lidar] I'll sense. Navigator drives to a viewpoint at least 3 m from the container at (-10.10, 10.06) while camera waits.

[planner -> lidar] dialogue request
[lidar] AGREE

[planner -> lidar] huddle request
[lidar] I'll sense while navigator drives and camera waits. Next stop is the container; last lidar centroid seen at (-10.10, 10.06).

[planner -> lidar] dialogue request
[lidar] AGREE

===== saved: 2026-08-23T22:37:19+02:00 as open_easy_hmas1_r4_fail_timeout =====
