===== Robot camera =====
started: 2026-08-23T22:26:42+02:00
command: AGENT_COUNT=3 AGENT_WORLD=open AGENT_PLATFORM=q1 AGENT_MCP_URL=http://127.0.0.1:8000/sse python -m agentpackage.architectures.hmas1.robot_agent --robot-id camera --host "127.0.0.1" --port "8765"

[shell_pid=141221] Robot camera
camera online (HMAS-1). Waiting for plan vote, DMAS huddle, STEP check, and leg dispatch.
Ctrl+C to exit.


[planner -> camera] dialogue request
[camera] AGREE

[planner -> camera] execute request
[camera] I examined the RGB camera frame: a low-angle view with a gray floor in the foreground, a dark horizontal band across the middle, and part of a dark car visible at the right edge (front area/wheel). The semantic camera classes call succeeded and reported class_id 12 = car (183 pixels, ~0.71% of the image).

[planner -> camera] step-check request
[camera] STEP_OK

[planner -> camera] execute request
[camera] I captured and inspected the camera frame while moving; the image shows a low-angle view of a light-gray floor, a dark horizontal band across the middle, and the right edge of a car visible at the far right.  
Both get_camera_image and get_semantic_camera_classes succeeded.  
Semantic camera reported class_id 12 = car (183 pixels, ~0.71% of the frame); no map-frame coordinates are available from t

[planner -> camera] step-check request
[camera] STEP_OK

[planner -> camera] huddle request
[camera] The last lidar report shows the container at (-10.10, 10.06). This round: lidar senses, navigator drives (to a point ≥3 m from that centroid), and I wait.

[planner -> camera] dialogue request
[camera] PLAN:
- navigator: drive to (-9.04, 7.25)  (goal = 3.00 m from container centroid at -10.10, 10.06)
- lidar: wait (no sensing while navigator is driving)
- camera: wait (no sensing while navigator is driving)

[planner -> camera] huddle request
[camera] I’ll wait and keep the camera ready. Lidar will sense while navigator drives to a viewpoint at least 3 m from the container (last seen at -10.10, 10.06).

[planner -> camera] dialogue request
[camera] AGREE

===== saved: 2026-08-23T22:37:19+02:00 as open_easy_hmas1_r4_fail_timeout =====
