===== Robot lidar =====
started: 2026-08-24T11:52:08+02:00
command: AGENT_COUNT=3 AGENT_WORLD=open AGENT_PLATFORM=q1 AGENT_MCP_URL=http://127.0.0.1:8000/sse python -m agentpackage.architectures.centralized.robot_agent --robot-id lidar --host "127.0.0.1" --port "8765"

[shell_pid=25953] Robot lidar
lidar is online.
Type directly to chat with this robot locally. Use Ctrl+C to exit.

lidar> 
[master -> lidar] Perform a sensing pass now (robot is stationary). Lidar: report any semantic object detections with class and centroid coordinates. Camera: capture an RGB image and optional class histogram. Reply with your detections/results.
[lidar] Received lidar snapshot and semantic-lidar detections.

Lidar snapshot (q1):
- min_range: 2.32 m
- sector minima (front / left / right / rear): 2.32 / 2.32 / 2.32 / 2.32 m
- points: 4060

Semantic detections (map-frame centroids):
- class_id 27 — tree_crown: x=-10.09 m, y=-9.73 m (n_points=44)
- class_id 58 — container: x=-9.80 m, y=10.19 m (n_points=10)
- class_id 28 — tree_trunk: x=-10.64 m, y=-10.20 m (n_points=7)
- class_id 12 — car: x=9.35 m, y=7.75 m (n_points=6)
- class_id 40 — rock: x=9.31 m, y=-10.22 m (n_points=12)

No RGB image captured — camera specialist must perform the image capture if requested.

[master -> lidar] confirm_stop rock
[lidar] confirm_stop succeeded: rock confirmed.

[master -> lidar] confirm_stop container
[lidar] confirm_stop succeeded: container confirmed.

[master -> lidar] Perform a sensing pass now (robot is stationary). Lidar: report any semantic object detections with class and centroid coordinates. Camera: capture an RGB image and optional class histogram. Reply with your detections/results.
[lidar] Received lidar snapshot and semantic-lidar detections.

Lidar snapshot (q1):
- min_range: 2.32 m (bearing 50.8°)
- sector minima (front / left / right / rear): 2.32 / 2.32 / 2.32 / 2.32 m
- points: 4175

Semantic detections (map-frame centroids):
- class_id 58 — container: x=-10.05 m, y=10.10 m (n_points=86)
- class_id 27 — tree_crown: x=-10.35 m, y=-9.57 m (n_points=28)
- class_id 28 — tree_trunk: x=-10.70 m, y=-10.31 m (n_points=4)

No RGB image captured — camera specialist must perform the image capture if requested.

===== saved: 2026-08-24T11:56:47+02:00 as open_medium_cmas_r4_success =====
