===== Robot navigator =====
started: 2026-08-24T04:01:58+02:00
command: AGENT_COUNT=3 AGENT_WORLD=open AGENT_PLATFORM=q1 AGENT_MCP_URL=http://127.0.0.1:8000/sse python -m agentpackage.architectures.hmas1.robot_agent --robot-id navigator --host "127.0.0.1" --port "8765"

[shell_pid=204740] Robot navigator
navigator online (HMAS-1). Waiting for plan vote, DMAS huddle, STEP check, and leg dispatch.
Ctrl+C to exit.


[planner -> navigator] dialogue request
[navigator] AGREE

[planner -> navigator] execute request
[navigator] I commanded q1 to navigate to (6.0, 6.0); navigate_to_pose succeeded. get_robot_pose and get_occupancy_map were called first; occupancy returned free space and no objects (objects not shown on this map).

[planner -> navigator] step-check request
[navigator] STEP_OK

[planner -> navigator] execute request
[navigator] I retrieved the robot pose (get_robot_pose succeeded: x=-4.307517403268255, y=4.510354479439557) and loaded the occupancy map (get_occupancy_map succeeded). No container centroid was available from the allowed sources, so I did not call navigate_to_pose and waited. No object poses observed.

[planner -> navigator] step-check request
[navigator] STEP_FAILED

[planner -> navigator] huddle request
[navigator] I'll drive to a point at least 3 m from the container centroid (-9.35, 10.26). Lidar will sense now and camera waits.

[planner -> navigator] dialogue request
[navigator] navigator: drive to (-7.370, 8.009)
lidar: wait (no sensing while navigator drives)
camera: wait

[planner -> navigator] dialogue request
[navigator] AGREE

[planner -> navigator] execute request
[navigator] I read the robot pose and occupancy map, then drove Q1 to the requested waypoint (-7.37, 8.01) using navigate_to_pose. The navigate_to_pose call succeeded. The navigation tool reported the robot's final pose as x=-7.757103624551557, y=-5.163190070815384, yaw=-1.5230398991078336.

===== saved: 2026-08-24T04:36:19+02:00 as open_easy_hmas1_r1_fail_timeout =====
