===== Robot lidar =====
started: 2026-08-24T04:01:58+02:00
command: AGENT_COUNT=3 AGENT_WORLD=open AGENT_PLATFORM=q1 AGENT_MCP_URL=http://127.0.0.1:8000/sse python -m agentpackage.architectures.hmas1.robot_agent --robot-id lidar --host "127.0.0.1" --port "8765"

[shell_pid=204762] Robot lidar
lidar online (HMAS-1). Waiting for plan vote, DMAS huddle, STEP check, and leg dispatch.
Ctrl+C to exit.


[planner -> lidar] dialogue request
[lidar] AGREE

[planner -> lidar] execute request
[lidar] I ran a lidar snapshot and a semantic-lidar query; both calls succeeded. Observed objects (map-frame centroids): tree_crown (-9.95, -9.68), tree_trunk (-10.49, -10.30), container (-9.91, 10.09), car (9.27, 8.31), rock (9.68, -9.79), tree_crown (-9.84, -11.76).

[planner -> lidar] step-check request
[lidar] STEP_OK

[planner -> lidar] execute request
[lidar] I ran a lidar snapshot and semantic lidar: both succeeded. Detected objects (map-frame centroids): car at (9.39, 7.4) and (9.22, 9.27), tree_crown at (-9.73, -9.85), rock at (10.13, -9.76), and container at (-9.36, 10.26).

[planner -> lidar] step-check request
[lidar] STEP_OK

[planner -> lidar] huddle request
[lidar] I'll sense now. Navigator drives to a point at least 3 m from the container centroid at (-9.35, 10.26). Camera waits.

[planner -> lidar] dialogue request
[lidar] navigator: drive to (-7.37, 8.01) — this point is ≥3 m from the reported container centroid (-9.35, 10.26).
lidar: wait (no sensing while navigator drives).
camera: wait.

[planner -> lidar] dialogue request
[lidar] AGREE

===== saved: 2026-08-24T04:36:19+02:00 as open_easy_hmas1_r1_fail_timeout =====
