===== Robot camera =====
started: 2026-08-24T04:01:58+02:00
command: AGENT_COUNT=3 AGENT_WORLD=open AGENT_PLATFORM=q1 AGENT_MCP_URL=http://127.0.0.1:8000/sse python -m agentpackage.architectures.hmas1.robot_agent --robot-id camera --host "127.0.0.1" --port "8765"

[shell_pid=204784] Robot camera
camera online (HMAS-1). Waiting for plan vote, DMAS huddle, STEP check, and leg dispatch.
Ctrl+C to exit.


[planner -> camera] dialogue request
[camera] AGREE

[planner -> camera] execute request
[camera] I captured and inspected the current camera frame and ran semantic classification. Both get_camera_image and get_semantic_camera_classes succeeded. No semantic classes were detected in the view (empty).

[planner -> camera] step-check request
[camera] STEP_OK

[planner -> camera] execute request
[camera] I inspected the camera image and see a dark convertible car on the right side of the frame against a dark ground and light gray sky. The semantic camera call succeeded and returned class_id 12 = car (about 9.45% of pixels); no other classes were detected.

[planner -> camera] step-check request
[camera] STEP_OK

[planner -> camera] execute request
[camera] I retrieved and inspected the camera frame (get_camera_image succeeded). The semantic camera summary succeeded and reported class_id 12 = car (2420 pixels, 9.45%); the camera provides no pose information.

[planner -> camera] step-check request
[camera] STEP_OK

[planner -> camera] huddle request
[camera] I'll wait; lidar will sense and navigator will drive to a point at least 3 m from the container centroid (-9.35, 10.26).

[planner -> camera] dialogue request
[camera] PLAN:
navigator: drive to (-7.37, 8.01)
lidar: wait (no sensing while navigator drives)
camera: wait

[planner -> camera] dialogue request
[camera] AGREE

[planner -> camera] huddle request

===== saved: 2026-08-24T04:36:19+02:00 as open_easy_hmas1_r1_fail_timeout =====
