===== Planner (HMAS-1) =====
started: 2026-08-24T04:01:58+02:00
command: AGENT_COUNT=3 AGENT_WORLD=open AGENT_PLATFORM=q1 AGENT_MCP_URL=http://127.0.0.1:8000/sse python -m agentpackage.architectures.hmas1.planner_agent --host "127.0.0.1" --port "8765"

[shell_pid=204805] Planner (HMAS-1)
HMAS-1 planner online. Robots: navigator, lidar, camera
Limits: 12 work STEPs plus a final FINISHED STEP, 3 syntax retries. One AGREE/DISAGREE vote on the original plan; unanimous AGREE executes it. After each work STEP every executor reports STEP_OK or STEP_FAILED; STEP_FAILED drops the original plan and continues as DMAS. A DISAGREE or new PLAN on the original vote also switches to DMAS.
Type the mission and press Enter. Ctrl+C to exit.

mission> --- mission timeout armed: 10m 0.0s (600s) from this prompt ---

=== original mission plan ===
World: open
One Q1 robot. Specialists: navigator, lidar, camera (not a multi-robot fleet; no stations or boxes).
Q1 pose: (0.01, -0.01), yaw=1.571
Confirmed stops (done): (none yet)
Last lidar-seen objects: (none yet)
Object x/y come only from lidar when close (or Last lidar-seen above). Occupancy is walls/free space, not objects. Do not invent coordinates.
[planner proposal]
PLAN
STEP 1
navigator: wait at current pose (0.01, -0.01)
lidar: sense range + centroids
camera: look at camera image
STEP 2
navigator: drive to free cell (6.0, 6.0)
lidar: wait
camera: wait
STEP 3
navigator: wait
lidar: sense range + centroids
camera: look at camera image
STEP 4
navigator: drive to point >= 3 m from the reported container centroid (compute goal = centroid + 3*(pose - centroid)/||pose - centroid|| using the current robot pose after STEP 3; never navigate to the centroid itself)
lidar: wait
camera: look at camera image
STEP 5
navigator: wait (arrived at the >=3 m vantage point for the container)
lidar: confirm_stop(container)
camera: look at camera image
STEP 6
navigator: wait
lidar: sense range + centroids (look now for the rock)
camera: look at camera image
STEP 7
navigator: drive to free cell (-6.0, -6.0)  # a different quadrant away from the already-seen container
lidar: wait
camera: wait
STEP 8
navigator: wait
lidar: sense range + centroids
camera: look at camera image
STEP 9
navigator: drive to point >= 3 m from the reported rock centroid (compute goal = centroid + 3*(pose - centroid)/||pose - centroid|| using the current robot pose after STEP 8; never navigat
[ORIGINAL PLAN]
STEP 1
navigator: wait at current pose (0.01, -0.01)
lidar: sense range + centroids
camera: look at camera image
STEP 2
navigator: drive to free cell (6.0, 6.0)
lidar: wait
camera: wait
STEP 3
navigator: wait
lidar: sense range + centroids
camera: look at camera image
STEP 4
navigator: drive to point >= 3 m from the reported container centroid (compute goal = centroid + 3*(pose - centroid)/||pose - centroid|| using the current robot pose after STEP 3; never navigate to the centroid itself)
lidar: wait
camera: look at camera image
STEP 5
navigator: wait (arrived at the >=3 m vantage point for the container)
lidar: confirm_stop(container)
camera: look at camera image
STEP 6
navigator: wait
lidar: sense range + centroids (look now for the rock)
camera: look at camera image
STEP 7
navigator: drive to free cell (-6.0, -6.0)  # a different quadrant away from the already-seen container
lidar: wait
camera: wait
STEP 8
navigator: wait
lidar: sense range + centroids
camera: look at camera image
STEP 9
navigator: drive to point >= 3 m from the reported rock centroid (compute goal = centroid + 3*(pose - centroid)/||pose - centroid|| using the current robot pose after STEP 8; never navigate to the centroid itself)
lidar: wait
camera: look at camera image
STEP 10
navigator: wait (arrived at the >=3 m vantage point for the rock)
lidar: confirm_stop(rock)
camera: look at camera image
STEP 11
FINISHED

=== vote on original plan (AGREE / DISAGREE) ===
[navigator] AGREE
[lidar] AGREE
[camera] AGREE
[planner] every robot AGREEd the original plan

[EXECUTE original STEP 1/11]
[result step 1]
navigator: waited, no action
lidar: I ran a lidar snapshot and a semantic-lidar query; both calls succeeded. Observed objects (map-frame centroids): tree_crown (-9.95, -9.68), tree_trunk (-10.49, -10.30), container (-9.91, 10.09), car (9.27, 8.31), rock (9.68, -9.79), tree_cr
camera: I captured and inspected the current camera frame and ran semantic classification. Both get_camera_image and get_semantic_camera_classes succeeded. No semantic classes were detected in the view (empty).
[step check] original STEP 1: each executor reports STEP_OK or STEP_FAILED
  [camera] ok: STEP_OK
  [lidar] ok: STEP_OK
[step check] STEP 1 accomplished — continue original plan

[EXECUTE original STEP 2/11]
[result step 2]
navigator: I commanded q1 to navigate to (6.0, 6.0); navigate_to_pose succeeded. get_robot_pose and get_occupancy_map were called first; occupancy returned free space and no objects (objects not shown on this map).
lidar: waited, no action
camera: waited, no action
[step check] original STEP 2: each executor reports STEP_OK or STEP_FAILED
  [navigator] ok: STEP_OK
[step check] STEP 2 accomplished — continue original plan

[EXECUTE original STEP 3/11]
[result step 3]
navigator: waited, no action
lidar: I ran a lidar snapshot and semantic lidar: both succeeded. Detected objects (map-frame centroids): car at (9.39, 7.4) and (9.22, 9.27), tree_crown at (-9.73, -9.85), rock at (10.13, -9.76), and container at (-9.36, 10.26).
camera: I inspected the camera image and see a dark convertible car on the right side of the frame against a dark ground and light gray sky. The semantic camera call succeeded and returned class_id 12 = car (about 9.45% of pixels); no other classes
[step check] original STEP 3: each executor reports STEP_OK or STEP_FAILED
  [lidar] ok: STEP_OK
  [camera] ok: STEP_OK
[step check] STEP 3 accomplished — continue original plan

[EXECUTE original STEP 4/11]
[result step 4]
navigator: I retrieved the robot pose (get_robot_pose succeeded: x=-4.307517403268255, y=4.510354479439557) and loaded the occupancy map (get_occupancy_map succeeded). No container centroid was available from the allowed sources, so I did not call nav
lidar: waited, no action
camera: I retrieved and inspected the camera frame (get_camera_image succeeded). The semantic camera summary succeeded and reported class_id 12 = car (2420 pixels, 9.45%); the camera provides no pose information.
[step check] original STEP 4: each executor reports STEP_OK or STEP_FAILED
  [camera] ok: STEP_OK
  [navigator] failed: STEP_FAILED
[step check] STEP 4 not accomplished (navigator) — switching to DMAS

=== DMAS fallback (after original STEP 4, navigator reported STEP_FAILED (the assigned leg was not accomplished). The original plan is dropped; continue as a peer fleet.) ===

--- DMAS round 5 ---
  asking lidar (DMAS r5 t1)...
  [lidar] I'll sense now. Navigator drives to a point at least 3 m from the container centroid at (-9.35, 10.26). Camera waits.
  turn 1: lidar: I'll sense now. Navigator drives to a point at least 3 m from the container centroid at (-9.35, 10.26). Camera waits.
  asking camera (DMAS r5 t2)...
  [camera] I'll wait; lidar will sense and navigator will drive to a point at least 3 m from the container centroid (-9.35, 10.26).
  turn 2: camera: I'll wait; lidar will sense and navigator will drive to a point at least 3 m from the container centroid (-9.35, 10.26).
  asking navigator (DMAS r5 t3)...
  [navigator] I'll drive to a point at least 3 m from the container centroid (-9.35, 10.26). Lidar will sense now and camera waits.
  turn 3: navigator: I'll drive to a point at least 3 m from the container centroid (-9.35, 10.26). Lidar will sense now and camera waits.
  ----- now planning -----
  asking lidar (DMAS r5 t4)...
  [lidar] navigator: drive to (-7.37, 8.01) — this point is ≥3 m from the reported container centroid (-9.35, 10.26). lidar: wait (no sensing while navigator drives). cam
  turn 4: lidar: navigator: drive to (-7.37, 8.01) — this point is ≥3 m from the reported container centroid (-9.35, 10.26). lidar: wait (no sensing while navigator drives). cam
  asking camera (DMAS r5 t5)...
  [camera] PLAN: navigator: drive to (-7.37, 8.01) lidar: wait (no sensing while navigator drives) camera: wait
  turn 5: camera PLAN (3 legs)
  asking navigator (DMAS r5 t6)...
  [navigator] navigator: drive to (-7.370, 8.009) lidar: wait (no sensing while navigator drives) camera: wait
  turn 6: navigator: navigator: drive to (-7.370, 8.009) lidar: wait (no sensing while navigator drives) camera: wait
  asking lidar (DMAS r5 t7)...
  [lidar] AGREE
  turn 7: lidar AGREE
  asking camera (DMAS r5 t8)...
  [camera] AGREE
  turn 8: camera AGREE
  asking navigator (DMAS r5 t9)...
  [navigator] AGREE
  turn 9: navigator AGREE
[EXECUTE DMAS step 5]
[result step 5]
navigator: I read the robot pose and occupancy map, then drove Q1 to the requested waypoint (-7.37, 8.01) using navigate_to_pose. The navigate_to_pose call succeeded. The navigation tool reported the robot's final pose as x=-7.757103624551557, y=-5.16
lidar: waited, no action
camera: waited, no action

--- DMAS round 6 ---
  asking camera (DMAS r6 t1)...

*** EXPERIMENT TIMEOUT after 10m 0.0s — stopping all experiment processes ***


===== saved: 2026-08-24T04:36:19+02:00 as open_easy_hmas1_r1_fail_timeout =====
