===== DMAS camera =====
started: 2026-08-24T13:22:19+02:00
command: AGENT_COUNT=3 AGENT_WORLD=open AGENT_PLATFORM=q1 AGENT_MCP_URL=http://127.0.0.1:8000/sse python -m agentpackage.architectures.dmas.robot_agent --robot-id camera --host "127.0.0.1" --base-port "9101"

[shell_pid=47329] DMAS camera
camera online at 127.0.0.1:9103 (nav id q1).
DMAS robot: huddle, then plan/agree, then execute only its own leg.
Waiting for the fleet. Ctrl+C to exit.


[camera] turn requested
[camera] I’ll wait and not sense this round; lidar waits as well, and navigator drives to an unexplored free cell. Next stop is the nearest rock.

[camera] turn requested
[camera] AGREE

[camera] turn requested
[camera] Next stop is the nearest rock. I'll wait; lidar should scan while navigator waits.

[camera] turn requested
[camera] AGREE

[camera] turn requested
[camera] I report the last lidar-seen rock at 8.83, -9.94. Navigator drive to a pose at least 3 m from that rock; lidar wait; camera wait.

[camera] turn requested
[camera] PLAN
- navigator: navigate_to_pose(robot_id='q1', x=7.313, y=-7.352, yaw=-1.04)
- lidar: wait this round (no sensing)
- camera: wait this round (no sensing)

[camera] turn requested
[camera] AGREE

[camera] turn requested
[camera] I wait this round — the rock is at 8.83, -9.94. Navigator drives to a viewpoint ≥3 m from that centroid and lidar waits.

[camera] turn requested
[camera] AGREE

[camera] turn requested
[camera] I report a rock at 9.43, -9.94. Navigator drives to a viewpoint at least 3 m from that rock; lidar and I wait this round.

[camera] turn requested
[camera] AGREE

[camera] turn requested
[camera] I'll sense now and try to confirm the nearest rock at 9.43, -9.94. Navigator wait, lidar wait.

[camera] turn requested
[camera] PLAN:
- navigator: wait this round (no driving).
- lidar: wait this round (no sensing).
- camera: capture the current camera frame (get_camera_image) and run semantic class detection (get_semantic_camera_classes / optionally get_semantic_camera_image); if a rock is visible in the frame, call confirm_stop('rock').

[camera] turn requested
[camera] AGREE

===== saved: 2026-08-24T14:06:28+02:00 as open_medium_dmas_r2_fail_timeout =====
