===== DMAS navigator =====
started: 2026-08-24T13:22:19+02:00
command: AGENT_COUNT=3 AGENT_WORLD=open AGENT_PLATFORM=q1 AGENT_MCP_URL=http://127.0.0.1:8000/sse python -m agentpackage.architectures.dmas.robot_agent --robot-id navigator --host "127.0.0.1" --base-port "9101"

[shell_pid=47373] DMAS navigator
navigator online at 127.0.0.1:9101 (nav id q1).
DMAS robot: huddle, then plan/agree, then execute only its own leg.
Waiting for the fleet. Ctrl+C to exit.


[navigator] turn requested
[navigator] I'll drive to an unexplored free cell to begin searching for the nearest rock. Lidar and camera wait (no sensing) this round.

[navigator] turn requested
[navigator] PLAN
navigator: navigate_to_pose(robot_id='q1', x=3.0, y=0.0, yaw=1.571) — drive to an unexplored free cell to begin searching for the nearest rock.
lidar: wait this round (no sensing).
camera: wait this round (no sensing).

[navigator] leg requested
[navigator] I drove Q1 to x=3.0 y=0.0 yaw=1.571; navigate_to_pose succeeded (reached=true). No object reports were requested by me, so I observed no classes.

[navigator] turn requested
[navigator] I'll wait this round; lidar will scan and camera will wait. Next stop is the nearest rock.

[navigator] turn requested
[navigator] AGREE

[navigator] turn requested
[navigator] I will drive Q1 to x=6.25 y=-6.88 yaw=-0.88, keeping ≥3 m from the rock at 8.83, -9.94. Lidar wait; camera wait.

[navigator] turn requested
[navigator] PLAN
- navigator: navigate_to_pose(robot_id='q1', x=6.8365, y=-7.6981, yaw=-0.84)
- lidar: wait this round (no sensing)
- camera: wait this round (no sensing)

[navigator] leg requested
[navigator] I drove Q1 to x=6.8365 y=-7.6981 yaw=-0.84 using navigate_to_pose; the tool returned success (reached=true, status=succeeded). I observed no objects (no sensor tools were called by me).

[navigator] turn requested
[navigator] I will drive to a viewpoint at least 3 m from the rock at 8.83, -9.94. Lidar waits and camera waits this round.

[navigator] turn requested
[navigator] PLAN
navigator: navigate_to_pose(robot_id='q1', x=8.2342, y=-7.0028, yaw=-0.84)
lidar: wait this round (no sensing)
camera: wait this round (no sensing)

[navigator] leg requested
[navigator] I drove Q1 to x=8.2342 y=-7.0028 yaw=-0.84; navigate_to_pose succeeded (reached=true, status=succeeded). I observed no objects (no semantic lidar/camera tools called by me). No confirm_stop called.

[navigator] turn requested
[navigator] I will drive to a viewpoint at least 3 m from the rock at 9.43, -9.94; lidar and camera wait this round.

[navigator] turn requested
[navigator] AGREE

[navigator] leg requested
[navigator] I navigated Q1 to x=8.8279 y=-6.9979 yaw=-0.84; navigate_to_pose returned success=true and reached=true (status=succeeded). I report SUCCESS. I did not call any sensing tools, so no object classes observed.

[navigator] turn requested
[navigator] Next stop is the rock at 9.43, -9.94. Camera will sense now. I (navigator) wait and lidar waits.

[navigator] turn requested
[navigator] PLAN:
- navigator: navigate_to_pose(robot_id='q1', x=8.9434, y=-6.9766, yaw=-0.84)  # viewpoint ≥3 m from rock at (9.43, -9.94)
- lidar: wait this round (no sensing)
- camera: wait this round (no sensing)

[navigator] leg requested
[navigator] I drove Q1 to x=8.9434 y=-6.9766 yaw=-0.84; navigate_to_pose succeeded (reached=true). I observed no objects (semantic lidar/camera outputs not available to navigator); objects=empty.

[navigator] turn requested

===== saved: 2026-08-24T14:06:28+02:00 as open_medium_dmas_r2_fail_timeout =====
