===== Robot lidar =====
started: 2026-08-24T12:31:12+02:00
command: AGENT_COUNT=3 AGENT_WORLD=open AGENT_PLATFORM=q1 AGENT_MCP_URL=http://127.0.0.1:8000/sse python -m agentpackage.architectures.centralized.robot_agent --robot-id lidar --host "127.0.0.1" --port "8765"

[shell_pid=39798] Robot lidar
lidar is online.
Type directly to chat with this robot locally. Use Ctrl+C to exit.

lidar> 
[master -> lidar] Perform a sensing stop from current pose. Lidar: return any semantic detections with class and centroid (map x/y). Camera: return RGB image and optional class histogram. Report if you see 'container' or 'rock'.
[lidar] Lidar snapshot: min range 2.32 m (front/left/right/rear sectors = 2.32 m).

Semantic lidar detections (map-frame centroids):
- container (class_id 58): x = -9.92, y = 10.06, n_points = 10
- rock (class_id 40): x = 9.67, y = -9.83, n_points = 6
- car (class_id 12): x = 9.26, y = 8.28, n_points = 9
- tree_crown (class_id 27): x = -9.93, y = -9.67, n_points = 35
- tree_trunk (class_id 28): x = -10.5, y = -10.33, n_points = 7
- tree_crown (class_id 27): x = -9.85, y = -11.8, n_points = 3

Confirmed stop checks:
- container: not confirmed (Q1 not close enough)
- rock: not confirmed (Q1 not close enough)

I did not run the camera (I am lidar-only). Ask navigator to drive closer to the target (container or rock) and request another sensing stop when in position.

[master -> lidar] Perform a sensing stop from current pose. Lidar: return any semantic detections with class and centroid (map x/y). Camera: return RGB image and optional class histogram. Report if you see 'container' or 'rock'.
[lidar] Lidar snapshot: min range 2.32 m (front/left/right/rear sectors = 2.32 m).

Semantic lidar detections (map-frame centroids):
- container (class_id 58): x = -9.63, y = 10.23, n_points = 78
- car (class_id 12): x = 9.35, y = 8.15, n_points = 6
- tree_crown (class_id 27): x = -10.35, y = -9.57, n_points = 26
- tree_trunk (class_id 28): x = -10.58, y = -10.3, n_points = 4

Confirmed stop checks:
- container: confirmed (Q1 stopped close to container)
- rock: not confirmed (Q1 not close enough)

I am lidar-only and did not run the camera. If you want an RGB image or histogram, request camera sensing.

[master -> lidar] Perform a sensing stop from current pose. Lidar: return any semantic detections with class and centroid (map x/y). Camera: return RGB image and optional class histogram. Report if you see 'rock'.
[lidar] Lidar snapshot: min range 2.32 m (front/left/right/rear sectors = 2.32 m).

Semantic lidar detections (map-frame centroids):
- rock (class_id 40): x = 9.39, y = -10.07, n_points = 71
- tree_trunk (class_id 28): x = -10.44, y = -10.37, n_points = 7
- tree_crown (class_id 27): x = -10.00, y = -10.28, n_points = 25

Confirmed stop check:
- rock: confirmed (Q1 stopped close to rock)

I am lidar-only and did not run the camera. If you want an RGB image or histogram, request camera sensing.

===== saved: 2026-08-24T12:37:15+02:00 as open_easy_cmas_r5_success =====
