===== Robot lidar =====
started: 2026-08-24T11:23:03+02:00
command: AGENT_COUNT=3 AGENT_WORLD=open AGENT_PLATFORM=q1 AGENT_MCP_URL=http://127.0.0.1:8000/sse python -m agentpackage.architectures.centralized.robot_agent --robot-id lidar --host "127.0.0.1" --port "8765"

[shell_pid=20604] Robot lidar
lidar is online.
Type directly to chat with this robot locally. Use Ctrl+C to exit.

lidar> 
[master -> lidar] Please run a semantic lidar scan and report any detected objects with their classes and centroid coordinates (get_semantic_lidar_objects).
[lidar] Received lidar snapshot and semantic lidar objects.

Detected objects (map-frame centroids):
- tree_crown (class_id=27): x=-9.93, y=-9.89
- car (class_id=12): x=9.28, y=8.72
- container (class_id=58): x=-9.85, y=10.09
- rock (class_id=40): x=9.57, y=-9.82
- car (class_id=12): x=9.33, y=7.11
- tree_trunk (class_id=28): x=-10.43, y=-10.46

[master -> lidar] confirm_stop rock
[lidar] confirm_stop returned: confirmed=true, object=rock.

[master -> lidar] Please run a semantic lidar scan and report any detected objects with their classes and centroid coordinates (get_semantic_lidar_objects).
[lidar] Received lidar snapshot and semantic lidar objects.

Detected objects (map-frame centroids):
- container (class_id=58): x=-9.81, y=10.16
- tree_crown (class_id=27): x=-10.27, y=-9.44

===== saved: 2026-08-24T11:32:55+02:00 as open_medium_cmas_r2_success =====
