===== DMAS camera =====
started: 2026-08-24T03:46:24+02:00
command: AGENT_COUNT=3 AGENT_WORLD=open AGENT_PLATFORM=q1 AGENT_MCP_URL=http://127.0.0.1:8000/sse python -m agentpackage.architectures.dmas.robot_agent --robot-id camera --host "127.0.0.1" --base-port "9101"

[shell_pid=201112] DMAS camera
camera online at 127.0.0.1:9103 (nav id q1).
DMAS robot: huddle, then plan/agree, then execute only its own leg.
Waiting for the fleet. Ctrl+C to exit.


[camera] turn requested
[camera] Next stop is the container. I’ll wait and not sense this round; navigator drives to an unexplored free cell and lidar also waits.

[camera] turn requested
[camera] AGREE

[camera] turn requested
[camera] Next stop is the container. I'll wait, lidar waits, and navigator drives to an unexplored free cell.

[camera] turn requested
[camera] AGREE

[camera] turn requested
[camera] I’ll scan with the camera for the container (next stop). Lidar should scan too, and navigator should wait this round.

[camera] turn requested
[camera] PLAN
navigator: wait — stay at current pose x=-4.29 y=4.61 yaw=2.509 (no driving this round).
lidar: run a semantic-lidar scan now and report any detected objects as class_id/class/x/y (do not call confirm_stop).
camera: take an RGB frame (get_camera_image), describe what is visible, then call get_semantic_camera_classes (and get_semantic_camera_image if helpful) and report visible classes (do not call confirm_stop).

[camera] leg requested
[camera] I captured an RGB frame showing a dark convertible car in the right foreground against an empty/low-detail background and horizon. get_camera_image succeeded and get_semantic_camera_classes succeeded. Semantic output: car class_id=12 (2383 pixels, 9.31% of frame). No map-frame x,y available from these camera tools (I did not call lidar), so no numeric coordinates to report.

[camera] turn requested
[camera] I note the container was last lidar-seen at -9.41, 10.22. Navigator drives to a pose at least 3 m from that centroid, lidar waits, and I wait this round.

[camera] turn requested
[camera] AGREE

===== saved: 2026-08-24T03:59:49+02:00 as open_easy_dmas_r2_fail_timeout =====
