===== DMAS lidar =====
started: 2026-08-24T03:46:24+02:00
command: AGENT_COUNT=3 AGENT_WORLD=open AGENT_PLATFORM=q1 AGENT_MCP_URL=http://127.0.0.1:8000/sse python -m agentpackage.architectures.dmas.robot_agent --robot-id lidar --host "127.0.0.1" --base-port "9101"

[shell_pid=201138] DMAS lidar
lidar online at 127.0.0.1:9102 (nav id q1).
DMAS robot: huddle, then plan/agree, then execute only its own leg.
Waiting for the fleet. Ctrl+C to exit.


[lidar] turn requested
[lidar] Next stop is the container; I will wait and not sense this round, navigator drives to an unexplored free cell, and camera waits.

[lidar] turn requested
[lidar] AGREE

[lidar] turn requested
[lidar] I'll wait and not sense this round; navigator drives to an unexplored free cell to look for the container; camera waits too.

[lidar] turn requested
[lidar] PLAN
navigator: Drive Q1 to x=6.00 y=6.00 yaw=0.0 to search the NE quadrant for the container.
lidar: Wait this round and do not sense.
camera: Wait this round and do not sense.

[lidar] turn requested
[lidar] I'll scan with lidar for the container. Camera will scan too, and navigator waits this round.

[lidar] turn requested
[lidar] AGREE

[lidar] leg requested
[lidar] I ran a lidar snapshot and a semantic-lidar scan; both tools succeeded. Detected: car class_id=12 at x=9.35 y=7.67; tree_crown class_id=27 at x=-9.79 y=-9.85; rock class_id=40 at x=10.10 y=-9.82; container class_id=58 at x=-9.41 y=10.22.

[lidar] turn requested
[lidar] I will wait and not sense this round; the container is at -9.41, 10.22 so navigator should drive to a pose at least 3 m from that centroid. Camera waits as well.

[lidar] turn requested
[lidar] AGREE

===== saved: 2026-08-24T03:59:49+02:00 as open_easy_dmas_r2_fail_timeout =====
