===== Robot lidar =====
started: 2026-08-24T11:01:03+02:00
command: AGENT_COUNT=3 AGENT_WORLD=open AGENT_PLATFORM=q1 AGENT_MCP_URL=http://127.0.0.1:8000/sse python -m agentpackage.architectures.centralized.robot_agent --robot-id lidar --host "127.0.0.1" --port "8765"

[shell_pid=17415] Robot lidar
lidar is online.
Type directly to chat with this robot locally. Use Ctrl+C to exit.

lidar> 
[master -> lidar] perform a semantic lidar scan and report any detected objects with class and centroid coordinates (x,y) in map frame; if none detected, reply with an empty list
[lidar] [
  {"class": "tree_crown", "class_id": 27, "x": -9.74, "y": -9.89},
  {"class": "tree_trunk", "class_id": 28, "x": -10.39, "y": -10.44},
  {"class": "container", "class_id": 58, "x": -10.07, "y": 9.96},
  {"class": "car", "class_id": 12, "x": 9.13, "y": 8.44},
  {"class": "rock", "class_id": 40, "x": 10.61, "y": -9.55}
]

[master -> lidar] perform a semantic lidar scan and report any detected objects with class and centroid coordinates (x,y) in map frame; if none detected, reply with an empty list
[lidar] [
  {"class": "rock", "class_id": 40, "x": 9.53, "y": -9.92},
  {"class": "tree_crown", "class_id": 27, "x": -9.58, "y": -10.07},
  {"class": "rock", "class_id": 40, "x": 11.62, "y": -9.93}
]
