===== Robot lidar =====
started: 2026-08-24T12:12:53+02:00
command: AGENT_COUNT=3 AGENT_WORLD=open AGENT_PLATFORM=q1 AGENT_MCP_URL=http://127.0.0.1:8000/sse python -m agentpackage.architectures.centralized.robot_agent --robot-id lidar --host "127.0.0.1" --port "8765"

[shell_pid=32272] Robot lidar
lidar is online.
Type directly to chat with this robot locally. Use Ctrl+C to exit.

lidar> 
[master -> lidar] Sense now: lidar, report semantic object centroids/classes; camera, take RGB picture and optional class histogram.
[lidar] SEND get_lidar_snapshot & get_semantic_lidar_objects; received:

Lidar snapshot (robot q1):
- min_range: 2.32 m at bearing -39.2°
- sector minima (sensor frame): front 2.32 m, left 2.32 m, right 2.32 m, rear 2.32 m

Semantic lidar objects (map-frame centroids):
- tree_crown (class_id 27): x = -9.65 m, y = -10.09 m, n_points = 36
- tree_trunk (class_id 28): x = -10.25 m, y = -10.52 m, n_points = 7
- container (class_id 58): x = -10.10 m, y = 9.87 m, n_points = 10
- car (class_id 12): x = 9.09 m, y = 8.90 m, n_points = 6
- rock (class_id 40): x = 10.74 m, y = -9.46 m, n_points = 3

Note: I only provide lidar sensing. I cannot take RGB pictures or produce camera histograms — request the camera specialist for imaging.

[master -> lidar] confirm_stop container
[lidar] SEND confirm_stop; received: confirmed true — Visit to container confirmed.

[master -> lidar] confirm_stop rock
[lidar] SEND confirm_stop; received: confirmed true — Visit to rock confirmed.

===== saved: 2026-08-24T12:16:19+02:00 as open_easy_cmas_r2_success =====
