===== Robot navigator =====
started: 2026-08-24T15:31:39+02:00
command: AGENT_COUNT=3 AGENT_WORLD=open AGENT_PLATFORM=q1 AGENT_MCP_URL=http://127.0.0.1:8000/sse python -m agentpackage.architectures.hmas1.robot_agent --robot-id navigator --host "127.0.0.1" --port "8765"

[shell_pid=66233] Robot navigator
navigator online (HMAS-1). Waiting for plan vote, DMAS huddle, STEP check, and leg dispatch.
Ctrl+C to exit.


[planner -> navigator] dialogue request
[navigator] AGREE

[planner -> navigator] execute request
[navigator] I drove q1 to (8.0, 5.0); navigate_to_pose succeeded (reached=true). I observed nothing myself (occupancy map used to pick the free cell).

[planner -> navigator] step-check request
[navigator] STEP_OK

[planner -> navigator] execute request
[navigator] I did not drive because no rock centroid coordinate was provided, so I could not compute a goal ≥3 m from it. I did not call navigate_to_pose (no tool run / no success). No object pose observed — waiting for a numeric centroid to compute and execute the safe nav goal.

[planner -> navigator] step-check request
[navigator] STEP_FAILED

[planner -> navigator] huddle request
[navigator] I'll drive us to a viewpoint at least 3 m from the nearest rock (rock at 9.61, -9.81). Lidar will sense there. Camera waits.

[planner -> navigator] dialogue request
[navigator] PLAN:
- navigator: drive Q1 to (7.51, -7.67) (this point is ≥3 m from the rock at 9.61, -9.81).
- lidar: wait; after navigator stops, sense for the nearest rock (report class + centroid).
- camera: wait.

[planner -> navigator] execute request
[navigator] I drove Q1 to (7.51, -7.67); navigate_to_pose succeeded (reached=true). I observed no objects (I did not run any sensing tools).

[planner -> navigator] huddle request
[navigator] I'll wait and not drive this round; lidar will sense and camera will wait. Next stop is the nearest rock at (9.61, -9.81).

[planner -> navigator] dialogue request
[navigator] AGREE

[planner -> navigator] execute request
[navigator] I drove Q1 to (8.80, -6.50). navigate_to_pose succeeded (reached=true). No sensing was performed by me; I observed no object classes or poses.

[planner -> navigator] huddle request
[navigator] I'll drive, lidar will sense, and camera waits. The next stop is the rock at (9.61, -9.81).

[planner -> navigator] dialogue request
[navigator] AGREE

[planner -> navigator] execute request
[navigator] I attempted to drive Q1 to (8.91, -6.89). The navigate_to_pose call failed (nav_aborted, reason: timeout). Current robot pose from odometry is (x=5.176504072388634, y=8.808603677034379, yaw=-0.126270704503975).

[planner -> navigator] huddle request
[navigator] I'll drive to a pose at least 3 m from the rock at (9.61, -9.81); lidar waits and camera waits.

[planner -> navigator] dialogue request

===== saved: 2026-08-24T15:54:16+02:00 as open_medium_hmas1_r3_fail_timeout =====
