===== Robot lidar =====
started: 2026-08-24T15:31:40+02:00
command: AGENT_COUNT=3 AGENT_WORLD=open AGENT_PLATFORM=q1 AGENT_MCP_URL=http://127.0.0.1:8000/sse python -m agentpackage.architectures.hmas1.robot_agent --robot-id lidar --host "127.0.0.1" --port "8765"

[shell_pid=66283] Robot lidar
lidar online (HMAS-1). Waiting for plan vote, DMAS huddle, STEP check, and leg dispatch.
Ctrl+C to exit.


[planner -> lidar] dialogue request
[lidar] AGREE

[planner -> lidar] execute request
[lidar] I ran a lidar snapshot and a semantic-lidar query; both calls succeeded. Semantic lidar detected one rock (class_id 40) with centroid at x=9.61, y=-9.81.

[planner -> lidar] step-check request
[lidar] STEP_OK

[planner -> lidar] huddle request
[lidar] I'll sense for the nearest rock; navigator drives to a viewpoint at least 3 m from the rock at (9.61, -9.81); camera waits.

[planner -> lidar] dialogue request
[lidar] AGREE

[planner -> lidar] huddle request
[lidar] I'll sense now for the nearest rock — last seen at (9.61, -9.81). This round: lidar senses, navigator waits (no drive), camera waits.

[planner -> lidar] dialogue request
[lidar] PLAN
navigator: navigate_to_pose (8.90, -6.90) — this goal is ≥3 m from the rock centroid at (9.61, -9.81) (anchor used: Q1 pose 5.09, 8.77).
lidar: wait
camera: wait

[planner -> lidar] dialogue request
[lidar] AGREE

[planner -> lidar] huddle request
[lidar] I'll sense; navigator drives; camera waits. The next stop is the rock at (9.61, -9.81).

[planner -> lidar] dialogue request
[lidar] AGREE

[planner -> lidar] huddle request
[lidar] I'll wait; navigator drives; camera waits. Next stop is the nearest rock (last seen at 9.61, -9.81).

===== saved: 2026-08-24T15:54:16+02:00 as open_medium_hmas1_r3_fail_timeout =====
