===== Planner (HMAS-1) =====
started: 2026-08-24T15:31:40+02:00
command: AGENT_COUNT=3 AGENT_WORLD=open AGENT_PLATFORM=q1 AGENT_MCP_URL=http://127.0.0.1:8000/sse python -m agentpackage.architectures.hmas1.planner_agent --host "127.0.0.1" --port "8765"

[shell_pid=66325] Planner (HMAS-1)
HMAS-1 planner online. Robots: navigator, lidar, camera
Limits: 12 work STEPs plus a final FINISHED STEP, 3 syntax retries. One AGREE/DISAGREE vote on the original plan; unanimous AGREE executes it. After each work STEP every executor reports STEP_OK or STEP_FAILED; STEP_FAILED drops the original plan and continues as DMAS. A DISAGREE or new PLAN on the original vote also switches to DMAS.
Type the mission and press Enter. Ctrl+C to exit.

mission> --- mission timeout armed: 15m 0.0s (900s) from this prompt ---

=== original mission plan ===
World: open
One Q1 robot. Specialists: navigator, lidar, camera (not a multi-robot fleet; no stations or boxes).
Q1 pose: (0.01, 0.0), yaw=1.571
Confirmed stops (done): (none yet)
Last lidar-seen objects: (none yet)
Object x/y come only from lidar when close (or Last lidar-seen above). Occupancy is walls/free space, not objects. Do not invent coordinates.
[planner proposal]
PLAN
STEP 1
navigator: drive to an exploratory free cell (choose a free cell via the occupancy map away from spawn and from any already-seen objects)
lidar: wait
camera: wait
STEP 2
navigator: wait
lidar: sense range + report any centroids (look specifically for class 40 rock)
camera: look at the RGB image (optionally report class histogram)
STEP 3
navigator: drive to a pose at least 3 m from the reported rock centroid (compute goal at least 3 m from that centroid; do NOT use the centroid as the goal)
lidar: wait
camera: wait
STEP 4
navigator: wait
lidar: confirm_stop('rock')
camera: look at the RGB image
STEP 5
navigator: drive to a second exploratory free cell (choose a different free region/quadrant to get new viewpoints)
lidar: wait
camera: wait
STEP 6
navigator: wait
lidar: sense range + report any centroids (look specifically for class 58 container)
camera: look at the RGB image (optionally report class histogram)
STEP 7
navigator: drive to a pose at least 3 m from the reported container centroid (compute goal at least 3 m from that centroid; do NOT use the centroid as the goal)
lidar: wait
camera: wait
STEP 8
navigator: wait
lidar: confirm_stop('container')
camera: look at t
[ORIGINAL PLAN]
STEP 1
navigator: drive to an exploratory free cell (choose a free cell via the occupancy map away from spawn and from any already-seen objects)
lidar: wait
camera: wait
STEP 2
navigator: wait
lidar: sense range + report any centroids (look specifically for class 40 rock)
camera: look at the RGB image (optionally report class histogram)
STEP 3
navigator: drive to a pose at least 3 m from the reported rock centroid (compute goal at least 3 m from that centroid; do NOT use the centroid as the goal)
lidar: wait
camera: wait
STEP 4
navigator: wait
lidar: confirm_stop('rock')
camera: look at the RGB image
STEP 5
navigator: drive to a second exploratory free cell (choose a different free region/quadrant to get new viewpoints)
lidar: wait
camera: wait
STEP 6
navigator: wait
lidar: sense range + report any centroids (look specifically for class 58 container)
camera: look at the RGB image (optionally report class histogram)
STEP 7
navigator: drive to a pose at least 3 m from the reported container centroid (compute goal at least 3 m from that centroid; do NOT use the centroid as the goal)
lidar: wait
camera: wait
STEP 8
navigator: wait
lidar: confirm_stop('container')
camera: look at the RGB image
STEP 9
navigator: drive to a third exploratory free cell (choose another free region to view remaining areas)
lidar: wait
camera: wait
STEP 10
navigator: wait
lidar: sense range + report any centroids (look specifically for class 12 car)
camera: look at the RGB image (optionally report class histogram)
STEP 11
navigator: drive to a pose at least 3 m from the reported car centroid (compute goal at least 3 m from that centroid; do NOT use the centroid as the goal)
lidar: wait
camera: wait
STEP 12
navigator: wait
lidar: confirm_stop('car')
camera: look at the RGB image
STEP 13
FINISHED

=== vote on original plan (AGREE / DISAGREE) ===
[camera] AGREE
[navigator] AGREE
[lidar] AGREE
[planner] every robot AGREEd the original plan

[EXECUTE original STEP 1/13]
[result step 1]
navigator: I drove q1 to (8.0, 5.0); navigate_to_pose succeeded (reached=true). I observed nothing myself (occupancy map used to pick the free cell).
lidar: waited, no action
camera: waited, no action
[step check] original STEP 1: each executor reports STEP_OK or STEP_FAILED
  [navigator] ok: STEP_OK
[step check] STEP 1 accomplished — continue original plan

[EXECUTE original STEP 2/13]
[result step 2]
navigator: waited, no action
lidar: I ran a lidar snapshot and a semantic-lidar query; both calls succeeded. Semantic lidar detected one rock (class_id 40) with centroid at x=9.61, y=-9.81.
camera: I captured and inspected the RGB camera frame, which shows a dark convertible-style car occupying the lower-left area of the image. get_semantic_camera_classes succeeded and reported class "car" (class_id 12) with 3,148 pixels (~12.3% of th
[step check] original STEP 2: each executor reports STEP_OK or STEP_FAILED
  [lidar] ok: STEP_OK
  [camera] ok: STEP_OK
[step check] STEP 2 accomplished — continue original plan

[EXECUTE original STEP 3/13]
[result step 3]
navigator: I did not drive because no rock centroid coordinate was provided, so I could not compute a goal ≥3 m from it. I did not call navigate_to_pose (no tool run / no success). No object pose observed — waiting for a numeric centroid to compute an
lidar: waited, no action
camera: waited, no action
[step check] original STEP 3: each executor reports STEP_OK or STEP_FAILED
  [navigator] failed: STEP_FAILED
[step check] STEP 3 not accomplished (navigator) — switching to DMAS

=== DMAS fallback (after original STEP 3, navigator reported STEP_FAILED (the assigned leg was not accomplished). The original plan is dropped; continue as a peer fleet.) ===

--- DMAS round 4 ---
  asking navigator (DMAS r4 t1)...
  [navigator] I'll drive us to a viewpoint at least 3 m from the nearest rock (rock at 9.61, -9.81). Lidar will sense there. Camera waits.
  turn 1: navigator: I'll drive us to a viewpoint at least 3 m from the nearest rock (rock at 9.61, -9.81). Lidar will sense there. Camera waits.
  asking lidar (DMAS r4 t2)...
  [lidar] I'll sense for the nearest rock; navigator drives to a viewpoint at least 3 m from the rock at (9.61, -9.81); camera waits.
  turn 2: lidar: I'll sense for the nearest rock; navigator drives to a viewpoint at least 3 m from the rock at (9.61, -9.81); camera waits.
  asking camera (DMAS r4 t3)...
  [camera] This round: lidar senses, navigator drives, I wait. The next stop is the nearest rock at (9.61, -9.81).
  turn 3: camera: This round: lidar senses, navigator drives, I wait. The next stop is the nearest rock at (9.61, -9.81).
  ----- now planning -----
  asking navigator (DMAS r4 t4)...
  [navigator] PLAN: - navigator: drive Q1 to (7.51, -7.67) (this point is ≥3 m from the rock at 9.61, -9.81). - lidar: wait; after navigator stops, sense for the nearest rock
  turn 4: navigator PLAN (3 legs)
  asking lidar (DMAS r4 t5)...
  [lidar] AGREE
  turn 5: lidar AGREE
  asking camera (DMAS r4 t6)...
  [camera] AGREE
  turn 6: camera AGREE
[EXECUTE DMAS step 4]
[result step 4]
navigator: I drove Q1 to (7.51, -7.67); navigate_to_pose succeeded (reached=true). I observed no objects (I did not run any sensing tools).
lidar: waited, no action
camera: waited, no action

--- DMAS round 5 ---
  asking lidar (DMAS r5 t1)...
  [lidar] I'll sense now for the nearest rock — last seen at (9.61, -9.81). This round: lidar senses, navigator waits (no drive), camera waits.
  turn 1: lidar: I'll sense now for the nearest rock — last seen at (9.61, -9.81). This round: lidar senses, navigator waits (no drive), camera waits.
  asking camera (DMAS r5 t2)...
  [camera] I'll wait while lidar senses and navigator waits this round. Next stop is the nearest rock at (9.61, -9.81).
  turn 2: camera: I'll wait while lidar senses and navigator waits this round. Next stop is the nearest rock at (9.61, -9.81).
  asking navigator (DMAS r5 t3)...
  [navigator] I'll wait and not drive this round; lidar will sense and camera will wait. Next stop is the nearest rock at (9.61, -9.81).
  turn 3: navigator: I'll wait and not drive this round; lidar will sense and camera will wait. Next stop is the nearest rock at (9.61, -9.81).
  ----- now planning -----
  asking lidar (DMAS r5 t4)...
  [lidar] PLAN navigator: navigate_to_pose (8.90, -6.90) — this goal is ≥3 m from the rock centroid at (9.61, -9.81) (anchor used: Q1 pose 5.09, 8.77). lidar: wait camera
  turn 4: lidar PLAN (3 legs)
  asking camera (DMAS r5 t5)...
  [camera] PLAN navigator: navigate_to_pose (8.80, -6.50) — this goal is ≥3 m from the rock at (9.61, -9.81) lidar: wait camera: wait
  turn 5: camera PLAN (3 legs)
  asking navigator (DMAS r5 t6)...
  [navigator] AGREE
  turn 6: navigator AGREE
  asking lidar (DMAS r5 t7)...
  [lidar] AGREE
  turn 7: lidar AGREE
[EXECUTE DMAS step 5]
[result step 5]
navigator: I drove Q1 to (8.80, -6.50). navigate_to_pose succeeded (reached=true). No sensing was performed by me; I observed no object classes or poses.
lidar: waited, no action
camera: waited, no action

--- DMAS round 6 ---
  asking camera (DMAS r6 t1)...
  [camera] I see the next stop is the rock at (9.61, -9.81). This round: navigator drives, lidar senses, I wait.
  turn 1: camera: I see the next stop is the rock at (9.61, -9.81). This round: navigator drives, lidar senses, I wait.
  asking navigator (DMAS r6 t2)...
  [navigator] I'll drive, lidar will sense, and camera waits. The next stop is the rock at (9.61, -9.81).
  turn 2: navigator: I'll drive, lidar will sense, and camera waits. The next stop is the rock at (9.61, -9.81).
  asking lidar (DMAS r6 t3)...
  [lidar] I'll sense; navigator drives; camera waits. The next stop is the rock at (9.61, -9.81).
  turn 3: lidar: I'll sense; navigator drives; camera waits. The next stop is the rock at (9.61, -9.81).
  ----- now planning -----
  asking camera (DMAS r6 t4)...
  [camera] PLAN: - navigator: drive to (8.91, -6.89) — this goal is ≥3 m from the known rock at (9.61, -9.81). - lidar: wait (will sense once navigator has stopped). - cam
  turn 4: camera PLAN (3 legs)
  asking navigator (DMAS r6 t5)...
  [navigator] AGREE
  turn 5: navigator AGREE
  asking lidar (DMAS r6 t6)...
  [lidar] AGREE
  turn 6: lidar AGREE
[EXECUTE DMAS step 6]
[result step 6]
navigator: I attempted to drive Q1 to (8.91, -6.89). The navigate_to_pose call failed (nav_aborted, reason: timeout). Current robot pose from odometry is (x=5.176504072388634, y=8.808603677034379, yaw=-0.126270704503975).
lidar: waited, no action
camera: waited, no action

--- DMAS round 7 ---
  asking navigator (DMAS r7 t1)...
  [navigator] I'll drive to a pose at least 3 m from the rock at (9.61, -9.81); lidar waits and camera waits.
  turn 1: navigator: I'll drive to a pose at least 3 m from the rock at (9.61, -9.81); lidar waits and camera waits.
  asking lidar (DMAS r7 t2)...
  [lidar] I'll wait; navigator drives; camera waits. Next stop is the nearest rock (last seen at 9.61, -9.81).
  turn 2: lidar: I'll wait; navigator drives; camera waits. Next stop is the nearest rock (last seen at 9.61, -9.81).
  asking camera (DMAS r7 t3)...
  [camera] Next stop is the nearest rock at (9.61, -9.81). I'll wait this round. Navigator drives to a pose at least 3 m from that rock and lidar waits.
  turn 3: camera: Next stop is the nearest rock at (9.61, -9.81). I'll wait this round. Navigator drives to a pose at least 3 m from that rock and lidar waits.
  ----- now planning -----
  asking navigator (DMAS r7 t4)...

*** EXPERIMENT TIMEOUT after 15m 0.0s — stopping all experiment processes ***


===== saved: 2026-08-24T15:54:16+02:00 as open_medium_hmas1_r3_fail_timeout =====
