===== Robot lidar =====
started: 2026-08-24T12:16:47+02:00
command: AGENT_COUNT=3 AGENT_WORLD=open AGENT_PLATFORM=q1 AGENT_MCP_URL=http://127.0.0.1:8000/sse python -m agentpackage.architectures.centralized.robot_agent --robot-id lidar --host "127.0.0.1" --port "8765"

[shell_pid=33983] Robot lidar
lidar is online.
Type directly to chat with this robot locally. Use Ctrl+C to exit.

lidar> 
[master -> lidar] perform a sensing scan now; lidar: report any semantic objects (get_semantic_lidar_objects); camera: report image and optional class histogram
[lidar] Sent get_lidar_snapshot and get_semantic_lidar_objects; received results.

Lidar snapshot (robot q1):
- n_points: 4060
- min_range: 2.32 m at bearing -39.2°
- sector minima (front/left/right/rear): 2.32 m / 2.32 m / 2.32 m / 2.32 m

Semantic lidar objects (map-frame centroids; fov 360°) — class_id (name): x, y (m), n_points
- 27 (tree_crown): -9.93, -9.68, n_points=35
- 28 (tree_trunk): -10.50, -10.34, n_points=7
- 58 (container): -9.98, 10.05, n_points=10
- 12 (car): 9.20, 8.33, n_points=9
- 40 (rock): 9.67, -9.77, n_points=6
- 27 (tree_crown): -9.84, -11.80, n_points=3

Note: I only performed lidar sensing. For camera image and class histogram, please request the camera specialist.

[master -> lidar] confirm_stop container
[lidar] confirm_stop returned confirmed=true for container.

[master -> lidar] confirm_stop rock
[lidar] confirm_stop returned confirmed=true for rock.

===== saved: 2026-08-24T12:20:34+02:00 as open_easy_cmas_r3_success =====
