===== DMAS camera =====
started: 2026-08-23T21:01:55+02:00
command: AGENT_COUNT=3 AGENT_WORLD=open AGENT_PLATFORM=q1 AGENT_MCP_URL=http://127.0.0.1:8000/sse python -m agentpackage.architectures.dmas.robot_agent --robot-id camera --host "127.0.0.1" --base-port "9101"

[shell_pid=118851] DMAS camera
camera online at 127.0.0.1:9103 (nav id q1).
DMAS robot: huddle, then plan/agree, then execute only its own leg.
Waiting for the fleet. Ctrl+C to exit.


[camera] turn requested
[camera] Next stop is the container. I'll sense from our current pose and lidar will scan as well. Navigator will wait — nobody drives this round.

[camera] turn requested
[camera] AGREE

[camera] leg requested
[camera] I performed a camera scan from the current Q1 pose. get_camera_image and get_semantic_camera_classes both succeeded; the semantic camera reported no classes in the frame (empty). No objects observed; did not call confirm_stop.

[camera] turn requested
[camera] Container at -9.88, 10.14. Navigator drives this round to a point at least 3 m from that centroid, while lidar waits and I wait.

[camera] turn requested
[camera] AGREE

[camera] turn requested
[camera] Container at -9.88, 10.14. Navigator drives (staying ≥3 m from that centroid), lidar senses, and I wait.

[camera] turn requested
[camera] PLAN
navigator: drive to x=-9.40 y=7.18
lidar: wait (no sensing) this round
camera: wait (no sensing) this round

[camera] turn requested
[camera] AGREE

===== saved: 2026-08-23T21:15:43+02:00 as open_easy_dmas_r4_fail_timeout =====
