===== DMAS lidar =====
started: 2026-08-23T21:01:56+02:00
command: AGENT_COUNT=3 AGENT_WORLD=open AGENT_PLATFORM=q1 AGENT_MCP_URL=http://127.0.0.1:8000/sse python -m agentpackage.architectures.dmas.robot_agent --robot-id lidar --host "127.0.0.1" --base-port "9101"

[shell_pid=118877] DMAS lidar
lidar online at 127.0.0.1:9102 (nav id q1).
DMAS robot: huddle, then plan/agree, then execute only its own leg.
Waiting for the fleet. Ctrl+C to exit.


[lidar] turn requested
[lidar] Next stop is the container. I will scan from our current pose while the camera also senses and the navigator waits.

[lidar] turn requested
[lidar] AGREE

[lidar] leg requested
[lidar] I performed a semantic lidar scan from the current pose; get_lidar_snapshot and get_semantic_lidar_objects both succeeded. Observed: tree_trunk class_id=28 at x=-10.59 y=-10.25; tree_crown class_id=27 at x=-9.97 y=-9.83; container class_id=58 at x=-9.88 y=10.14; car class_id=12 at x=9.28 y=8.24; rock class_id=40 at x=9.37 y=-10.15. I did not call confirm_stop.

[lidar] turn requested
[lidar] I see the container at -9.88, 10.14. Navigator drives this round while I wait and the camera waits.

[lidar] turn requested
[lidar] PLAN
navigator: drive to x=-7.78 y=8.00 (≥3 m from container centroid at -9.88,10.14).
lidar: wait (no sensing) this round.
camera: wait (no sensing) this round.

[lidar] turn requested
[lidar] I'll wait while navigator drives, keeping at least 3 m from the container centroid at -9.88, 10.14. Camera waits.

[lidar] turn requested
[lidar] AGREE

===== saved: 2026-08-23T21:15:43+02:00 as open_easy_dmas_r4_fail_timeout =====
