===== DMAS navigator =====
started: 2026-08-23T21:01:56+02:00
command: AGENT_COUNT=3 AGENT_WORLD=open AGENT_PLATFORM=q1 AGENT_MCP_URL=http://127.0.0.1:8000/sse python -m agentpackage.architectures.dmas.robot_agent --robot-id navigator --host "127.0.0.1" --base-port "9101"

[shell_pid=118906] DMAS navigator
navigator online at 127.0.0.1:9101 (nav id q1).
DMAS robot: huddle, then plan/agree, then execute only its own leg.
Waiting for the fleet. Ctrl+C to exit.


[navigator] turn requested
[navigator] Next stop is the container. I’ll wait; lidar and camera both sense from our current pose while nobody drives this round.

[navigator] turn requested
[navigator] PLAN
navigator: stay at current pose (x=0.01, y=-0.01, yaw=1.571); no driving this round.
lidar: perform a semantic lidar scan from the current pose and report every sensed object as class_id=… class=… x=… y=….
camera: perform a camera scan from the current pose and report any detections (do not confirm_stop).

[navigator] turn requested
[navigator] I will drive to a point at least 3 m from the container at (-9.88, 10.14). Lidar waits and camera waits.

[navigator] turn requested
[navigator] AGREE

[navigator] leg requested
[navigator] I called get_robot_pose (success) and get_occupancy_map (success), then issued navigate_to_pose for robot_id='q1' to x=-7.78 y=8.00. navigate_to_pose returned success; it reported the robot pose after the drive as x=-7.301727603681385 y=-5.6640757242590185. No semantic objects were observed (objects empty). I did not call confirm_stop.

[navigator] turn requested
[navigator] I'll drive toward the container at -9.88, 10.14, keeping at least 3 m from that centroid. Lidar waits and camera waits this round.

[navigator] turn requested
[navigator] PLAN
navigator: drive to x=-9.405 y=7.178
lidar: wait (no sensing) this round
camera: wait (no sensing) this round

[navigator] leg requested
[navigator] I drove q1 to x=-9.405 y=7.178 using navigate_to_pose; navigate_to_pose returned success. get_robot_pose and get_occupancy_map succeeded. I observed no semantic-lidar objects (I did not call semantic lidar); objects=empty.

===== saved: 2026-08-23T21:15:43+02:00 as open_easy_dmas_r4_fail_timeout =====
