===== DMAS camera =====
started: 2026-08-24T14:09:45+02:00
command: AGENT_COUNT=3 AGENT_WORLD=open AGENT_PLATFORM=q1 AGENT_MCP_URL=http://127.0.0.1:8000/sse python -m agentpackage.architectures.dmas.robot_agent --robot-id camera --host "127.0.0.1" --base-port "9101"

[shell_pid=52174] DMAS camera
camera online at 127.0.0.1:9103 (nav id q1).
DMAS robot: huddle, then plan/agree, then execute only its own leg.
Waiting for the fleet. Ctrl+C to exit.


[camera] turn requested
[camera] Next stop is the nearest rock; I'll wait and let lidar sense this round. Navigator waits — no driving.

[camera] turn requested
[camera] AGREE

[camera] turn requested
[camera] I acknowledge the rock at 9.68, -9.79. Navigator, drive to a pose at least 3 m from that centroid; lidar and I will wait.

[camera] turn requested
[camera] AGREE

[camera] turn requested
[camera] The last lidar report shows the rock at 9.68, -9.79. Navigator drives this round; lidar and I wait.

[camera] turn requested
[camera] PLAN
navigator: remain at current pose x=7.57 y=-7.66 (no movement this round).
lidar: wait/standby (no sensing or confirm this round).
camera: capture RGB image (get_camera_image), call get_semantic_camera_classes, then call confirm_stop("rock").

[camera] leg requested
[camera] I captured the RGB frame and requested semantic classes; both tools succeeded. Semantic camera reported rock class_id=40 (pixels=3209). No numeric x,y available from camera. confirm_stop("rock") returned confirmed=true.

[camera] turn requested
[camera] Next stop is the container and we have no lidar centroid for it. Navigator drives to a new viewpoint this round; lidar waits and I wait to scan later.

[camera] turn requested
[camera] AGREE

[camera] turn requested
[camera] I'll wait; lidar scans for the nearest container while navigator waits. Next stop is the nearest container.

[camera] turn requested
[camera] AGREE

[camera] turn requested
[camera] I report the container at -9.85, 10.11. Navigator drives to a viewpoint at least 3 m from that centroid; lidar waits and I wait.

[camera] turn requested
[camera] PLAN
navigator: navigate_to_pose(robot_id='q1', x=-6.98, y=9.24, yaw=0.0)
lidar: wait/standby (no sensing or confirm this round)
camera: wait/standby (no sensing or confirm this round)

[camera] turn requested

===== saved: 2026-08-24T14:55:24+02:00 as open_medium_dmas_r3_fail_timeout =====
