===== Mission CLI =====
started: 2026-08-24T14:09:47+02:00
command: AGENT_COUNT=3 AGENT_WORLD=open AGENT_PLATFORM=q1 python -m agentpackage.architectures.dmas.mission_cli --host "127.0.0.1" --base-port "9101" --cli-port "9099"

[shell_pid=52248] Mission CLI
Mission console online as 'CLI' at 127.0.0.1:9099.
Fleet: navigator, lidar, camera
Protocol: first 3 turns of each round are discussion only (no PLAN/AGREE), then PLAN and AGREE (or after 12 turns the last plan is executed) -> one short leg each -> discuss again (at most 12 rounds). Mission ends when every robot says FINISHED.
Paste a mission prompt and press Enter. Type quit / exit to leave.

mission> ... fleet discussion started (timer running) ...
--- mission timeout armed: 15m 0.0s (900s) from this prompt ---

--- round 1 discussion ---
  turn 1: navigator: Next stop is the nearest rock. I'll drive to an unexplored free cell to get a new viewpoint while lidar and camera wait.
  turn 2: lidar: I'll perform a lidar scan now to look for the nearest rock. Navigator waits (no driving) and camera waits this round.
  turn 3: camera: Next stop is the nearest rock; I'll wait and let lidar sense this round. Navigator waits — no driving.
  ----- now planning -----
  turn 4: navigator PLAN (3 legs) -> navigator: remain at current pose (-0.0, 0.0); no navigation this round.; lidar: perform a semantic lidar scan now to search for the nearest rock and report every detected object as class_id=… class=… x=… y=….; camera: wait/standby this round (no sensing or confirm).
  turn 5: lidar AGREE (2/3 back the plan)
  turn 6: camera AGREE
  agreed (proposed by navigator)

--- round 1 execution ---

  executing round 1: lidar
  [navigator] waited, no action
  [lidar] I performed get_lidar_snapshot and get_semantic_lidar_objects("rock"); both calls succeeded. Observed: rock class_id=40 at x=9.68 y=-9.79.
  [camera] waited, no action

--- round 2 discussion ---
  turn 1: lidar: I see the rock at (9.68, -9.79). Navigator, drive to a pose at least 3 m from that centroid; camera and I will wait.
  turn 2: camera: I acknowledge the rock at 9.68, -9.79. Navigator, drive to a pose at least 3 m from that centroid; lidar and I will wait.
  turn 3: navigator: I'll drive to a viewpoint at least 3 m from the rock at (9.68, -9.79). Lidar and camera will wait this round (no sensing) while I drive.
  ----- now planning -----
  turn 4: lidar PLAN (3 legs) -> navigator: navigate_to_pose to x=7.57 y=-7.66 (this goal is ≥3 m from the rock at 9.68, -9.79).; lidar: wait/standby (no sensing or confirm this round).; camera: wait/standby (no sensing or confirm this round).
  turn 5: camera AGREE (2/3 back the plan)
  turn 6: navigator AGREE
  agreed (proposed by lidar)

--- round 2 execution ---

  executing round 2: navigator
  [navigator] I drove q1 to x=7.57 y=-7.66 (robot_id=q1). navigate_to_pose succeeded (reached=true). Semantic object list: empty (no objects reported by my tools).
  [lidar] waited, no action
  [camera] waited, no action

--- round 3 discussion ---
  turn 1: camera: The last lidar report shows the rock at 9.68, -9.79. Navigator drives this round; lidar and I wait.
  turn 2: navigator: I will wait (no driving) this round; lidar will sense and camera will wait. The rock is at 9.68, -9.79.
  turn 3: lidar: I will wait this round while navigator drives and camera waits. The rock is at 9.68, -9.79.
  ----- now planning -----
  turn 4: camera PLAN (3 legs) -> navigator: remain at current pose x=7.57 y=-7.66 (no movement this round).; lidar: wait/standby (no sensing or confirm this round).; camera: capture RGB image (get_camera_image), call get_semantic_camera_classes, then call confirm_stop("rock").
  turn 5: navigator AGREE (2/3 back the plan)
  turn 6: lidar AGREE
  agreed (proposed by camera)

--- round 3 execution ---

  executing round 3: camera
  [navigator] waited, no action
  [lidar] waited, no action
  [camera] I captured the RGB frame and requested semantic classes; both tools succeeded. Semantic camera reported rock class_id=40 (pixels=3209). No numeric x,y available from camera. confirm_stop("rock") returned confirmed=true.

--- round 4 discussion ---
  turn 1: navigator: Next stop is the container; we have no lidar centroid for it. I will drive to a new viewpoint to search while lidar and camera wait this round.
  turn 2: lidar: Next stop is the container and I have no lidar centroid for it. Navigator drives to a new viewpoint while I wait and the camera waits.
  turn 3: camera: Next stop is the container and we have no lidar centroid for it. Navigator drives to a new viewpoint this round; lidar waits and I wait to scan later.
  ----- now planning -----
  turn 4: navigator: navigator: navigate_to_pose(robot_id='q1', x=4.0, y=-4.0, yaw=0.0) lidar: wait/standby (no sensing this round) camera: wait/standby (no sensing or confirm this 
  turn 5: lidar PLAN (3 legs) -> navigator: navigate_to_pose(robot_id='q1', x=4.0, y=-4.0, yaw=0.0); lidar: wait/standby (no sensing or confirm this round); camera: wait/standby (no sensing or confirm this round)
  turn 6: camera AGREE (2/3 back the plan)
  turn 7: navigator AGREE
  agreed (proposed by lidar)

--- round 4 execution ---

  executing round 4: navigator
  [navigator] I drove Q1 to x=4.0 y=-4.0 yaw=0.0; navigate_to_pose returned success (reached=true, status=succeeded). I observed nothing myself (I only drove), so no object classes/coordinates to report.
  [lidar] waited, no action
  [camera] waited, no action

--- round 5 discussion ---
  turn 1: lidar: I'll do a lidar scan now to look for the nearest container. Navigator waits, camera waits.
  turn 2: camera: I'll wait; lidar scans for the nearest container while navigator waits. Next stop is the nearest container.
  turn 3: navigator: Next stop is the nearest container. I will wait; lidar will scan for containers and the camera will wait.
  ----- now planning -----
  turn 4: lidar PLAN (3 legs) -> navigator: remain at current pose x=4.0 y=-4.0 (no movement this round).; lidar: perform a lidar scan now — call get_lidar_snapshot and get_semantic_lidar_objects("container"); report every detected object as class_id=… class=container x=… y=…. Do not confirm_stop (Q1 is not stopping this round).; camera: wait/standby (no sensing or confirm).
  turn 5: camera AGREE (2/3 back the plan)
  turn 6: navigator AGREE
  agreed (proposed by lidar)

--- round 5 execution ---

  executing round 5: lidar
  [navigator] waited, no action
  [lidar] I ran a lidar snapshot and semantic lidar for class "container"; both tools succeeded. Observed: container class_id=58 at x=-9.85 y=10.11.
  [camera] waited, no action

--- round 6 discussion ---
  turn 1: camera: I report the container at -9.85, 10.11. Navigator drives to a viewpoint at least 3 m from that centroid; lidar waits and I wait.
  turn 2: navigator: I'll drive now to a viewpoint at least 3 m from the container at (-9.85, 10.11). Lidar waits and camera waits this round.
  turn 3: lidar: I report the container at -9.85, 10.11. Navigator drives to a viewpoint at least 3 m from that centroid; lidar waits and camera waits.
  ----- now planning -----
  turn 4: camera PLAN (3 legs) -> navigator: navigate_to_pose(robot_id='q1', x=-6.98, y=9.24, yaw=0.0); lidar: wait/standby (no sensing or confirm this round); camera: wait/standby (no sensing or confirm this round)
  turn 5: navigator AGREE (2/3 back the plan)
  turn 6: lidar AGREE
  agreed (proposed by camera)

--- round 6 execution ---

  executing round 6: navigator
  [navigator] I commanded Q1 to navigate_to_pose at x=-6.98 y=9.24 yaw=0.0. The navigate_to_pose call succeeded (success=true, reached=true, status=succeeded) — SUCCESS. I did not run any sensing tools this leg, so no objects were observed.
  [lidar] waited, no action
  [camera] waited, no action

--- round 7 discussion ---
  turn 1: navigator: I'll drive to a viewpoint at least 3 m from the container (-9.85, 10.11). Lidar waits and camera waits this round.
  turn 2: lidar: Next stop is the container at (-9.85, 10.11). I'll wait; navigator drives to a viewpoint at least 3 m from that centroid, and camera waits.

*** EXPERIMENT TIMEOUT after 15m 0.0s — stopping all experiment processes ***


===== saved: 2026-08-24T14:55:24+02:00 as open_medium_dmas_r3_fail_timeout =====
