===== Robot camera =====
started: 2026-08-24T15:31:40+02:00
command: AGENT_COUNT=3 AGENT_WORLD=open AGENT_PLATFORM=q1 AGENT_MCP_URL=http://127.0.0.1:8000/sse python -m agentpackage.architectures.hmas1.robot_agent --robot-id camera --host "127.0.0.1" --port "8765"

[shell_pid=66304] Robot camera
camera online (HMAS-1). Waiting for plan vote, DMAS huddle, STEP check, and leg dispatch.
Ctrl+C to exit.


[planner -> camera] dialogue request
[camera] AGREE

[planner -> camera] execute request
[camera] I captured and inspected the RGB camera frame, which shows a dark convertible-style car occupying the lower-left area of the image. get_semantic_camera_classes succeeded and reported class "car" (class_id 12) with 3,148 pixels (~12.3% of the frame). The camera provides no map-frame pose information.

[planner -> camera] step-check request
[camera] STEP_OK

[planner -> camera] huddle request
[camera] This round: lidar senses, navigator drives, I wait. The next stop is the nearest rock at (9.61, -9.81).

[planner -> camera] dialogue request
[camera] AGREE

[planner -> camera] huddle request
[camera] I'll wait while lidar senses and navigator waits this round. Next stop is the nearest rock at (9.61, -9.81).

[planner -> camera] dialogue request
[camera] PLAN
navigator: navigate_to_pose (8.80, -6.50) — this goal is ≥3 m from the rock at (9.61, -9.81)
lidar: wait
camera: wait

[planner -> camera] huddle request
[camera] I see the next stop is the rock at (9.61, -9.81). This round: navigator drives, lidar senses, I wait.

[planner -> camera] dialogue request
[camera] PLAN:
- navigator: drive to (8.91, -6.89) — this goal is ≥3 m from the known rock at (9.61, -9.81).
- lidar: wait (will sense once navigator has stopped).
- camera: wait.

[planner -> camera] huddle request
[camera] Next stop is the nearest rock at (9.61, -9.81). I'll wait this round. Navigator drives to a pose at least 3 m from that rock and lidar waits.

===== saved: 2026-08-24T15:54:16+02:00 as open_medium_hmas1_r3_fail_timeout =====
