===== Robot lidar =====
started: 2026-08-24T11:59:46+02:00
command: AGENT_COUNT=3 AGENT_WORLD=open AGENT_PLATFORM=q1 AGENT_MCP_URL=http://127.0.0.1:8000/sse python -m agentpackage.architectures.centralized.robot_agent --robot-id lidar --host "127.0.0.1" --port "8765"

[shell_pid=28046] Robot lidar
lidar is online.
Type directly to chat with this robot locally. Use Ctrl+C to exit.

lidar> 
[master -> lidar] Sense now. lidar: run semantic lidar scan and report any detected objects with class and x/y centroids. camera: take an RGB image and report optional class histogram.
[lidar] Received lidar snapshot and semantic lidar objects.

Detected objects (semantic lidar centroids, map frame):
- tree_crown (27): x=-9.94, y=-9.68
- tree_trunk (28): x=-10.47, y=-10.29
- rock (40): x=9.46, y=-9.82
- container (58): x=-9.97, y=10.16
- car (12): x=9.29, y=7.11
- car (12): x=9.32, y=9.49

Noted: lidar min range 2.32 m (front/left/right/rear). No camera work performed (I am lidar).

[master -> lidar] confirm_stop for class "rock". Report confirm_stop result (true/false) and any detected rock centroid if available.
[lidar] confirm_stop result: true

Detected rock centroid (map frame): x=9.40, y=-10.00

[master -> lidar] Sense now. Run semantic lidar scan and report any detected car centroids (class 'car') with x/y.
[lidar] Detected car centroids (map frame):
- car (12): x=9.30, y=8.13

[master -> lidar] confirm_stop for class "car". Report confirm_stop result (true/false).
[lidar] confirm_stop result: true

===== saved: 2026-08-24T12:07:55+02:00 as open_medium_cmas_r5_success =====
