===== Robot navigator =====
started: 2026-08-23T22:04:50+02:00
command: AGENT_COUNT=3 AGENT_WORLD=open AGENT_PLATFORM=q1 AGENT_MCP_URL=http://127.0.0.1:8000/sse python -m agentpackage.architectures.hmas1.robot_agent --robot-id navigator --host "127.0.0.1" --port "8765"

[shell_pid=132734] Robot navigator
navigator online (HMAS-1). Waiting for plan vote, DMAS huddle, STEP check, and leg dispatch.
Ctrl+C to exit.


[planner -> navigator] dialogue request
[navigator] AGREE

[planner -> navigator] execute request
[navigator] I drove q1 to (6.0, 0.0) using navigate_to_pose; the navigate_to_pose call succeeded. get_robot_pose returned my start pose; get_occupancy_map returned the arena map (free cells available); I did not observe any objects (I did not call semantic sensors).

[planner -> navigator] step-check request
[navigator] STEP_OK

[planner -> navigator] execute request
[navigator] I drove Q1 (robot_id='q1') to (-6.0, 0.0) using navigate_to_pose; the navigate_to_pose call succeeded. I observed no object data myself (I only drove and used pose/occupancy); lidar/camera outputs will be reported by those specialists.

[planner -> navigator] step-check request
[navigator] STEP_OK

[planner -> navigator] execute request
[navigator] I drove Q1 from the reported pose (get_robot_pose succeeded) to (0.0, 6.0) using navigate_to_pose; the navigate_to_pose call succeeded and reported arrival. I observed no objects (I did not call semantic lidar; occupancy map used to pick the free cell).

[planner -> navigator] step-check request
[navigator] STEP_OK

[planner -> navigator] execute request

===== saved: 2026-08-23T22:15:40+02:00 as open_easy_hmas1_r2_fail_timeout =====
