===== Robot lidar =====
started: 2026-08-23T22:04:51+02:00
command: AGENT_COUNT=3 AGENT_WORLD=open AGENT_PLATFORM=q1 AGENT_MCP_URL=http://127.0.0.1:8000/sse python -m agentpackage.architectures.hmas1.robot_agent --robot-id lidar --host "127.0.0.1" --port "8765"

[shell_pid=132756] Robot lidar
lidar online (HMAS-1). Waiting for plan vote, DMAS huddle, STEP check, and leg dispatch.
Ctrl+C to exit.


[planner -> lidar] dialogue request
[lidar] AGREE

[planner -> lidar] execute request
[lidar] I performed a lidar snapshot and semantic-lidar sense; both calls succeeded. Detected objects: tree_crown (id 27) at (-9.79, -9.88), car (id 12) at (9.32, 7.50), rock (id 40) at (10.01, -9.82), container (id 58) at (-9.58, 10.15), and car (id 12) at (9.23, 9.56).

[planner -> lidar] step-check request
[lidar] STEP_OK

[planner -> lidar] execute request
[lidar] I performed a lidar snapshot and a semantic-lidar query; both calls succeeded. The semantic lidar returned three objects: tree_crown (class_id 27) at x=-10.00, y=-9.59; container (class_id 58) at x=-10.02, y=10.13; and rock (class_id 40) at x=8.73, y=-10.04.

[planner -> lidar] step-check request
[lidar] STEP_OK

[planner -> lidar] execute request
[lidar] I performed a lidar snapshot and semantic lidar sense; both succeeded. Semantic lidar returned five objects including container at x=-9.81, y=10.25. I attempted confirm_stop('container') but it returned confirmed=false (robot is 14.11 m from the container).

[planner -> lidar] step-check request
[lidar] STEP_OK

===== saved: 2026-08-23T22:15:40+02:00 as open_easy_hmas1_r2_fail_timeout =====
