===== Robot camera =====
started: 2026-08-23T22:04:51+02:00
command: AGENT_COUNT=3 AGENT_WORLD=open AGENT_PLATFORM=q1 AGENT_MCP_URL=http://127.0.0.1:8000/sse python -m agentpackage.architectures.hmas1.robot_agent --robot-id camera --host "127.0.0.1" --port "8765"

[shell_pid=132777] Robot camera
camera online (HMAS-1). Waiting for plan vote, DMAS huddle, STEP check, and leg dispatch.
Ctrl+C to exit.


[planner -> camera] dialogue request
[camera] AGREE

[planner -> camera] execute request
[camera] I captured and inspected the RGB camera image; it shows a wide dark horizontal band across the center with lighter gray regions above and below (no distinct objects visible). get_semantic_camera_classes succeeded and returned no detected classes (empty).

[planner -> camera] step-check request
[camera] STEP_OK

[planner -> camera] execute request
[camera] I captured and inspected the current camera frame; the tool call succeeded. No semantic classes (no labeled objects) were detected in the image.

[planner -> camera] step-check request
[camera] STEP_OK

[planner -> camera] execute request
[camera] I inspected the RGB camera frame and ran get_semantic_camera_classes; the call succeeded. The semantic camera detected a "car" (class_id 12) and no other classes.

[planner -> camera] step-check request
[camera] STEP_OK

===== saved: 2026-08-23T22:15:40+02:00 as open_easy_hmas1_r2_fail_timeout =====
