===== Planner (HMAS-1) =====
started: 2026-08-23T22:04:51+02:00
command: AGENT_COUNT=3 AGENT_WORLD=open AGENT_PLATFORM=q1 AGENT_MCP_URL=http://127.0.0.1:8000/sse python -m agentpackage.architectures.hmas1.planner_agent --host "127.0.0.1" --port "8765"

[shell_pid=132798] Planner (HMAS-1)
HMAS-1 planner online. Robots: navigator, lidar, camera
Limits: 12 work STEPs plus a final FINISHED STEP, 3 syntax retries. One AGREE/DISAGREE vote on the original plan; unanimous AGREE executes it. After each work STEP every executor reports STEP_OK or STEP_FAILED; STEP_FAILED drops the original plan and continues as DMAS. A DISAGREE or new PLAN on the original vote also switches to DMAS.
Type the mission and press Enter. Ctrl+C to exit.

mission> --- mission timeout armed: 10m 0.0s (600s) from this prompt ---

=== original mission plan ===
World: open
One Q1 robot. Specialists: navigator, lidar, camera (not a multi-robot fleet; no stations or boxes).
Q1 pose: (0.0, -0.01), yaw=1.571
Confirmed stops (done): (none yet)
Last lidar-seen objects: (none yet)
Object x/y come only from lidar when close (or Last lidar-seen above). Occupancy is walls/free space, not objects. Do not invent coordinates.
[planner proposal]
PLAN
STEP 1
navigator: drive to free cell (6.0, 0.0)
lidar: wait
camera: wait
STEP 2
navigator: wait
lidar: sense range+centroids
camera: look at camera image
STEP 3
navigator: if lidar in STEP 2 reported a container centroid, drive to the computed goal that is 3.0 m from that container centroid toward the robot's current pose (never use the centroid as the goal); otherwise drive to free cell (-6.0, 0.0) to continue exploring
lidar: wait
camera: wait
STEP 4
navigator: wait
lidar: sense range+centroids
camera: look at camera image
STEP 5
navigator: if lidar in STEP 4 (or an earlier sense) reported a container centroid and you have not yet approached it, drive to the computed goal that is 3.0 m from that centroid toward the robot's current pose (never use the centroid as the goal); otherwise drive to free cell (0.0, 6.0) to continue exploring
lidar: wait
camera: wait
STEP 6
navigator: wait
lidar: sense range+centroids; if at an approach pose and the container is detected, call confirm_stop('container') to confirm the visit
camera: look at camera image
STEP 7
navigator: after confirm_stop('container') has succeeded, drive to free cell (6.0, -6.0) to begin searching for the rock
lidar:
[ORIGINAL PLAN]
STEP 1
navigator: drive to free cell (6.0, 0.0)
lidar: wait
camera: wait
STEP 2
navigator: wait
lidar: sense range+centroids
camera: look at camera image
STEP 3
navigator: if lidar in STEP 2 reported a container centroid, drive to the computed goal that is 3.0 m from that container centroid toward the robot's current pose (never use the centroid as the goal); otherwise drive to free cell (-6.0, 0.0) to continue exploring
lidar: wait
camera: wait
STEP 4
navigator: wait
lidar: sense range+centroids
camera: look at camera image
STEP 5
navigator: if lidar in STEP 4 (or an earlier sense) reported a container centroid and you have not yet approached it, drive to the computed goal that is 3.0 m from that centroid toward the robot's current pose (never use the centroid as the goal); otherwise drive to free cell (0.0, 6.0) to continue exploring
lidar: wait
camera: wait
STEP 6
navigator: wait
lidar: sense range+centroids; if at an approach pose and the container is detected, call confirm_stop('container') to confirm the visit
camera: look at camera image
STEP 7
navigator: after confirm_stop('container') has succeeded, drive to free cell (6.0, -6.0) to begin searching for the rock
lidar: wait
camera: wait
STEP 8
navigator: wait
lidar: sense range+centroids
camera: look at camera image
STEP 9
navigator: if lidar in STEP 8 reported a rock centroid, drive to the computed goal that is 3.0 m from that rock centroid toward the robot's current pose (never use the centroid as the goal); otherwise drive to free cell (-6.0, -6.0) to continue exploring
lidar: wait
camera: wait
STEP 10
navigator: wait
lidar: sense range+centroids; if at an approach pose and the rock is detected, call confirm_stop('rock') to confirm the visit
camera: look at camera image
STEP 11
navigator: wait
lidar: wait
camera: report final images/class histogram (optional)
STEP 12
FINISHED

=== vote on original plan (AGREE / DISAGREE) ===
[camera] AGREE
[navigator] AGREE
[lidar] AGREE
[planner] every robot AGREEd the original plan

[EXECUTE original STEP 1/12]
[result step 1]
navigator: I drove q1 to (6.0, 0.0) using navigate_to_pose; the navigate_to_pose call succeeded. get_robot_pose returned my start pose; get_occupancy_map returned the arena map (free cells available); I did not observe any objects (I did not call sema
lidar: waited, no action
camera: waited, no action
[step check] original STEP 1: each executor reports STEP_OK or STEP_FAILED
  [navigator] ok: STEP_OK
[step check] STEP 1 accomplished — continue original plan

[EXECUTE original STEP 2/12]
[result step 2]
navigator: waited, no action
lidar: I performed a lidar snapshot and semantic-lidar sense; both calls succeeded. Detected objects: tree_crown (id 27) at (-9.79, -9.88), car (id 12) at (9.32, 7.50), rock (id 40) at (10.01, -9.82), container (id 58) at (-9.58, 10.15), and car (
camera: I captured and inspected the RGB camera image; it shows a wide dark horizontal band across the center with lighter gray regions above and below (no distinct objects visible). get_semantic_camera_classes succeeded and returned no detected cl
[step check] original STEP 2: each executor reports STEP_OK or STEP_FAILED
  [camera] ok: STEP_OK
  [lidar] ok: STEP_OK
[step check] STEP 2 accomplished — continue original plan

[EXECUTE original STEP 3/12]
[result step 3]
navigator: I drove Q1 (robot_id='q1') to (-6.0, 0.0) using navigate_to_pose; the navigate_to_pose call succeeded. I observed no object data myself (I only drove and used pose/occupancy); lidar/camera outputs will be reported by those specialists.
lidar: waited, no action
camera: waited, no action
[step check] original STEP 3: each executor reports STEP_OK or STEP_FAILED
  [navigator] ok: STEP_OK
[step check] STEP 3 accomplished — continue original plan

[EXECUTE original STEP 4/12]
[result step 4]
navigator: waited, no action
lidar: I performed a lidar snapshot and a semantic-lidar query; both calls succeeded. The semantic lidar returned three objects: tree_crown (class_id 27) at x=-10.00, y=-9.59; container (class_id 58) at x=-10.02, y=10.13; and rock (class_id 40) at
camera: I captured and inspected the current camera frame; the tool call succeeded. No semantic classes (no labeled objects) were detected in the image.
[step check] original STEP 4: each executor reports STEP_OK or STEP_FAILED
  [camera] ok: STEP_OK
  [lidar] ok: STEP_OK
[step check] STEP 4 accomplished — continue original plan

[EXECUTE original STEP 5/12]
[result step 5]
navigator: I drove Q1 from the reported pose (get_robot_pose succeeded) to (0.0, 6.0) using navigate_to_pose; the navigate_to_pose call succeeded and reported arrival. I observed no objects (I did not call semantic lidar; occupancy map used to pick th
lidar: waited, no action
camera: waited, no action
[step check] original STEP 5: each executor reports STEP_OK or STEP_FAILED
  [navigator] ok: STEP_OK
[step check] STEP 5 accomplished — continue original plan

[EXECUTE original STEP 6/12]
[result step 6]
navigator: waited, no action
lidar: I performed a lidar snapshot and semantic lidar sense; both succeeded. Semantic lidar returned five objects including container at x=-9.81, y=10.25. I attempted confirm_stop('container') but it returned confirmed=false (robot is 14.11 m fro
camera: I inspected the RGB camera frame and ran get_semantic_camera_classes; the call succeeded. The semantic camera detected a "car" (class_id 12) and no other classes.
[step check] original STEP 6: each executor reports STEP_OK or STEP_FAILED
  [lidar] ok: STEP_OK
  [camera] ok: STEP_OK
[step check] STEP 6 accomplished — continue original plan

[EXECUTE original STEP 7/12]

*** EXPERIMENT TIMEOUT after 10m 0.0s — stopping all experiment processes ***


===== saved: 2026-08-23T22:15:40+02:00 as open_easy_hmas1_r2_fail_timeout =====
