===== Robot camera =====
started: 2026-08-24T11:52:08+02:00
command: AGENT_COUNT=3 AGENT_WORLD=open AGENT_PLATFORM=q1 AGENT_MCP_URL=http://127.0.0.1:8000/sse python -m agentpackage.architectures.centralized.robot_agent --robot-id camera --host "127.0.0.1" --port "8765"

[shell_pid=25976] Robot camera
camera is online.
Type directly to chat with this robot locally. Use Ctrl+C to exit.

camera> 
[master -> camera] Perform a sensing pass now (robot is stationary). Lidar: report any semantic object detections with class and centroid coordinates. Camera: capture an RGB image and optional class histogram. Reply with your detections/results.
[camera] Camera sensing pass — results:

- Image captured: forward-facing RGB frame. Visual content: mostly a light gray upper region (sky/ceiling), a continuous horizontal dark/black band across the middle (appears like a shadow, gap, or dark surface), and a lighter gray gradient below. No distinct objects (no barrels, rocks, containers, cars, or trees) visible in the frame.

- Semantic camera classes (queried): [] — no classes detected in this camera frame (empty histogram).

Notes / next steps:
- The camera provides no map-frame coordinates. For lidar semantic detections with class names and centroid coordinates, please request the lidar specialist to run get_semantic_lidar_objects. I can also fetch the semantic-overlay image if you want (get_semantic_camera_image).

[master -> camera] Perform a sensing pass now (robot is stationary). Lidar: report any semantic object detections with class and centroid coordinates. Camera: capture an RGB image and optional class histogram. Reply with your detections/results.
[camera] Camera sensing pass — results:

- Image captured: forward-facing RGB frame. Visual: light gray upper region, wide black horizontal band across middle (gap/void), floor-like area below, and a large rectangular blue container in the lower-left quadrant of the frame.

- Semantic camera classes: 
  - class_id 58 = container — pixels: 3,547 (13.86% of sampled pixels)

Notes:
- Camera provides no map-frame coordinates. For lidar-based semantic objects with centroids, request the lidar specialist to run get_semantic_lidar_objects.

[master -> camera] confirm_stop car
[camera] Confirmed: car visit successful.

===== saved: 2026-08-24T11:56:47+02:00 as open_medium_cmas_r4_success =====
