===== Robot navigator =====
started: 2026-08-24T02:00:36+02:00
command: AGENT_COUNT=3 AGENT_WORLD=open AGENT_PLATFORM=q1 AGENT_MCP_URL=http://127.0.0.1:8000/sse python -m agentpackage.architectures.hmas2.robot_agent --robot-id navigator --host "127.0.0.1" --port "8765"

[shell_pid=174267] Robot navigator
navigator is online (HMAS-2). Reviews central plans, then executes when told.
Type directly to chat with this robot locally. Use Ctrl+C to exit.

navigator> 
[planner -> navigator] PLAN REVIEW REQUEST — do NOT execute yet. Check only YOUR specialty (navigator / lidar / camera). Prefer ZERO tools; reply AGREE: or DISAGREE: in one line.

SPECIALIST PLAN:
Plan for tour: Visit container then rock (in that order). Roles:
- navigator: Wait for scan results. When lidar reports a class centroid for the current target (first 'container', then 'rock'), navigate to a goal point at least 3 m from that centroid by computing goal = centroid + 3*(pose - centroid)/||pose - centroid|| using the current robot pose. If lidar reports no centroid for the current target, wait for planner to call get_occupancy_map; then drive to the planner-selected free cell (different quadrant from already-seen objects) and stop for another scan. Always stop before any sensing. After each commanded stop, wait for confirm_stop from lidar or camera before proceeding.
- lidar: When stationary, perform a semantic lidar scan and report any detected objects (class + centroid). After navigator stops at a tour stop, call confirm_stop(name) for the ordered class to verify the stop.
- camera: When stationary, capture RGB (and optional class histogram) and report any detections. If lidar cannot confirm a stop, camera may call confirm_stop(name) as an alternative verifier.
Notes:
- Hard distance: Navigator must never navigate to an object centroid; always use the 3 m offset toward the current robot pose.
- The planner handles occupancy map queries and will pick free cells if objects are not detected.
- Do not proceed to the rock until container is confirmed.
- After both stops are confirmed, planner will call report_mission_done(summary).
Acknowledgement requested.
[navigator] DISAGREE: The plan delegates occupancy-map queries and free-cell selection to the planner (and omits navigator's required get_robot_pose + get_occupancy_map calls before every drive). Navigator must itself call get_robot_pose (or assume 0,0 on failure), call get_occupancy_map for walls/free space, and choose the navigation goal (never an object centroid and always ≥3 m away).

[planner -> navigator] PLAN REVIEW REQUEST — do NOT execute yet. Check only YOUR specialty (navigator / lidar / camera). Prefer ZERO tools; reply AGREE: or DISAGREE: in one line.

SPECIALIST PLAN:
Revised plan — Visit container then rock, in order.

Navigator:
- Before any drive, get the current robot pose. If a semantic-lidar centroid for the current target class (first "container", then "rock") is available, compute the navigation goal as: goal = centroid + 3*(pose - centroid)/||pose - centroid|| (i.e., a point at least 3 m from the centroid toward the robot). Navigate to that goal and stop. If no centroid is available for the current target, call the occupancy map, pick a free cell (.) away from already-detected/visited object locations (different quadrant if possible), navigate there, and stop for sensing. Always stop before any sensing. Never navigate closer than 3 m to a reported centroid.

Lidar:
- When Q1 is stationary, perform semantic-lidar scans and report any detected objects (class + centroid). After navigator stops at the ordered tour target, call confirm_stop(name) for that class to verify the stop.

Camera:
- When Q1 is stationary, capture an RGB image (and optional class histogram) and report detections. If lidar cannot confirm a stop, camera may call confirm_stop(name) as an alternative confirmer.

Planner (central):
- Enforce the visit order (container then rock). Do not proceed to the next target until confirm_stop for the current target returns true. After both stops are confirmed, call report_mission_done with a short summary.

Notes:
- Respect the hard-distance rule: navigator never drives to object centroids and must keep ≥3 m. The sensed centroid coordinates come only from lidar when Q1 is close. Do not proceed on an empty scan; perform occupancy-driven relocation when necessary.
[navigator] DISAGREE: Navigator must call get_robot_pose and get_occupancy_map before every navigate_to_pose (even when a centroid is available); the plan omits the required occupancy_map call prior to drives toward centroids.

[planner -> navigator] PLAN REVIEW REQUEST — do NOT execute yet. Check only YOUR specialty (navigator / lidar / camera). Prefer ZERO tools; reply AGREE: or DISAGREE: in one line.

SPECIALIST PLAN:
Final revised plan — Visit container then rock (in that order). Short, explicit assignments:

Navigator:
- Before every drive: call get_robot_pose. Also call get_occupancy_map to ensure the chosen goal is in free space.
- If lidar reports a centroid for the current target class ("container" first, then "rock"), compute the navigation goal as: goal = centroid + 3*(pose - centroid)/||pose - centroid|| (a point ≥3 m from the centroid toward current pose). Verify the goal cell is free in the occupancy map, then navigate_to_pose and stop.
- If no centroid is available for the current target, use the occupancy map to select a free cell (.) away from already-detected/visited object locations (choose another quadrant if possible), navigate there, and stop.
- Always stop before any sensing; never navigate closer than 3 m to any reported centroid.

Lidar:
- When Q1 is stationary, perform semantic-lidar scans and report detected objects (class + centroid). If a navigator stop was intended as a tour stop, call confirm_stop(name) for that class to verify the visit.

Camera:
- When Q1 is stationary, capture RGB (and optional histogram) and report detections. If lidar cannot confirm a tour stop, camera may call confirm_stop(name) as an alternative verifier.

Planner (central):
- Enforce visit order: container then rock. Do not proceed to the next target until confirm_stop for the current target returns true. If a scan is empty, follow the occupancy-driven relocation rule and try a different free cell. After both stops are confirmed, call report_mission_done with a short summary.

Constraints reiterated:
- Never navigate to an object centroid; maintain ≥3 m distance.
- The semantic lidar centroid coordinates are valid only when Q1 is close and come only from lidar scans.
- Do not proceed on an empty scan without relocating via occupancy map.

Requesting feedback from all specialists.
[navigator] AGREE: Plan matches navigator requirements — it calls get_robot_pose and get_occupancy_map before every drive, computes the ≥3 m offset goal from centroids, verifies the goal is in free space, and never navigates to object centroids.

[planner -> navigator] EXECUTE: Begin tour for ordered stops: 1) container, 2) rock. Procedure:
- Navigator: obtain get_robot_pose and get_occupancy_map before each drive. If lidar reports the current target's centroid, compute goal = centroid + 3*(pose - centroid)/||pose - centroid||, confirm goal is in free space, navigate_to_pose, and stop. If no centroid, pick an occupancy free cell away from already-seen objects (different quadrant if possible), navigate there, and stop.
- Lidar: when robot is stationary, perform semantic-lidar scans and report any detected objects (class + centroid). After a navigator stop at a tour target, call confirm_stop(name) for that class to verify the stop.
- Camera: when robot is stationary, capture RGB and report detections; if lidar cannot confirm a stop, call confirm_stop(name) as an alternative verifier.
After each confirm_stop true for the current target, continue to the next ordered target. Notify the planner after each confirm_stop result.
[navigator] ARRIVED: at x=-3.0379, y=3.5818, yaw=2.5118. Stopping for semantic scans to find 'container' (tour stop 1).

[planner -> navigator] EXECUTE: Move closer to the detected container. Use the reported container centroid (-9.93, 10.08). First call get_robot_pose and get_occupancy_map and verify a computed goal is free. Compute goal = centroid + 3*(pose - centroid)/||pose - centroid||. Navigate_to_pose to that goal (do not get closer than 3 m). Stop and report your stopped pose.
[navigator] ARRIVED: stopped at x=-7.592902081560344, y=-6.044278158165515, yaw=-1.6021464825341045.

[planner -> navigator] NOTIFY: Container confirmed. Proceed to next ordered stop: rock. Procedure unchanged: Navigator, get_robot_pose and get_occupancy_map before driving. If lidar reports rock centroid, compute goal = centroid + 3*(pose - centroid)/||pose - centroid||, verify free, navigate there, stop. Lidar or camera must call confirm_stop("rock") after navigator stops. Continue until rock confirmed.
[navigator] ARRIVED: at x=-6.4398789407508445, y=3.6639188008084895, yaw=1.9485357175691171. Stopping for semantic scans to find 'rock' (tour stop 2).

[planner -> navigator] EXECUTE: Rock not detected at current stop. Using occupancy map, pick a free cell in the quadrant where rock was last seen (x>0, y<0) — e.g., target a free cell near x=9,y=-9 (ensure it is '.' in the occupancy). Before moving, call get_robot_pose and get_occupancy_map. Navigate_to_pose to the chosen free cell, stop, and report stopped pose.
[navigator] ARRIVED: stopped at x=7.07124206267111, y=7.362049666188657, yaw=0.48600951858977454.

===== saved: 2026-08-24T02:09:39+02:00 as open_easy_hmas2_r1_success =====
