===== Robot lidar =====
started: 2026-08-24T12:08:43+02:00
command: AGENT_COUNT=3 AGENT_WORLD=open AGENT_PLATFORM=q1 AGENT_MCP_URL=http://127.0.0.1:8000/sse python -m agentpackage.architectures.centralized.robot_agent --robot-id lidar --host "127.0.0.1" --port "8765"

[shell_pid=30505] Robot lidar
lidar is online.
Type directly to chat with this robot locally. Use Ctrl+C to exit.

lidar> 
[master -> lidar] Perform a sensing scan now. Lidar: report any semantic lidar objects with class names and centroids. Camera: capture RGB image and report visible classes (histogram) and whether you see a container or rock.
[lidar] SEND get_lidar_snapshot and get_semantic_lidar_objects; received snapshot and semantic objects.

Lidar snapshot:
- min_range = 2.32 m at bearing -39.2°
- sector minima (front/left/right/rear) = 2.32 / 2.32 / 2.32 / 2.32 m

Semantic lidar objects (map-frame centroids; class_id and class name):
- class_id 27 — tree_crown: x = -9.97, y = -9.69 (n_points=38)
- class_id 28 — tree_trunk: x = -10.52, y = -10.30 (n_points=7)
- class_id 12 — car:       x =  9.28, y =  8.27 (n_points=9)
- class_id 58 — container: x = -9.98, y = 10.08 (n_points=9)
- class_id 40 — rock:      x =  9.65, y = -9.83 (n_points=6)
- class_id 27 — tree_crown: x = -9.86, y = -11.77 (n_points=3)

Camera request: I am the lidar specialist and cannot capture RGB images. Please request the camera specialist to capture an image and report visible classes (histogram) and whether a container or rock is visible.

[master -> lidar] confirm_stop container — check whether Q1 is within stop range of the container and return confirm_stop result.
[lidar] SEND confirm_stop; received confirmation result.

confirm_stop(container): confirmed = true.

[master -> lidar] confirm_stop rock — check whether Q1 is within stop range of the rock and return confirm_stop result.
[lidar] SEND confirm_stop; received confirmation result.

confirm_stop(rock): confirmed = true.

===== saved: 2026-08-24T12:12:37+02:00 as open_easy_cmas_r1_success =====
