===== Robot camera =====
started: 2026-08-24T02:58:48+02:00
command: AGENT_COUNT=3 AGENT_WORLD=open AGENT_PLATFORM=q1 AGENT_MCP_URL=http://127.0.0.1:8000/sse python -m agentpackage.architectures.hmas2.robot_agent --robot-id camera --host "127.0.0.1" --port "8765"

[shell_pid=189382] Robot camera
camera is online (HMAS-2). Reviews central plans, then executes when told.
Type directly to chat with this robot locally. Use Ctrl+C to exit.

camera> 
[planner -> camera] PLAN REVIEW REQUEST — do NOT execute yet. Check only YOUR specialty (navigator / lidar / camera). Prefer ZERO tools; reply AGREE: or DISAGREE: in one line.

SPECIALIST PLAN:
Plan: Find and visit two objects in order: 1) container, 2) rock. Roles and sequence:

Navigator:
- Drive Q1 to successive stationary goals only when ordered by planner. Goals will be either: (A) an approach pose computed from a sensed object centroid (never the centroid itself; at least 3 m from the centroid toward the robot) or (B) a free occupancy-cell chosen to explore when the current target class is not yet detected. Always stop and hold at each goal; do not move while lidar/camera sense or confirm.
- After stopping at each ordered stop, wait for a confirm_stop(name) from lidar or camera before proceeding.

Lidar:
- When Q1 is stationary, run semantic lidar scans. If an object of interest (container or rock) is detected, report its class and centroid x/y.
- When the navigator has stopped at an approach pose for the current target class, call confirm_stop(name) for that class (where name is the class string ‘container’ or ‘rock’) to verify the stop. If confirm_stop fails, report and continue sensing; request a new approach pose from planner.

Camera:
- When Q1 is stationary, capture an RGB image (and optional class histogram) to aid confirmation. If lidar cannot confirm a stop, attempt confirm_stop(name) using the camera.

Procedure / decision rules:
1) Start: both lidar and camera sense in place.
2) If lidar reports target class with centroid, planner computes an approach goal at least 3 m from centroid toward current robot pose, instruct navigator to go there and stop.
3) After stop, lidar (preferred) calls confirm_stop(name). If lidar cannot confirm after reasonable sensing, camera attempts confirm_stop(name). Only when confirm_stop(name) returns true do we mark that target visited and proceed to the next target class.
4) If target class is not detected by lidar while stationary, planner will request occupancy map and pick a free cell in a different quadrant from any already-seen objects; navigator will drive there and repeat sensing.
5) Repeat sense → move → sense until both container and rock are confirmed visited. Never navigate to any object centroid and always maintain >=3 m distance.

All specialists: report failures or detection events back to planner so the planner can compute approach poses or select alternative explore cells.

Send AGREEMENT request to navigator,lidar,camera.
[camera] AGREE: Camera role and sequence are within my specialty — I will capture RGB/semantic histogram when Q1 is stationary, assist confirmation, and call confirm_stop(name) if lidar cannot; plan respects no invented coordinates and the ≥3 m constraint.

[planner -> camera] EXECUTE: Start mission. Sequence: visit container, then rock. Step 1: All sensors (lidar and camera) sense now while navigator remains stopped. After sensing results, report detections to planner. Navigator: stay stationary until planner issues a nav goal.
[camera] Sensing report (camera):

- Image description: grayscale forward view with a light gray upper area (sky), a slightly darker lower area (ground) and a central horizontal dark band/occlusion across the middle of the frame. No distinct objects (no barrels, containers, rocks, trees, or cars) are visually apparent.

- Semantic camera classes: none detected (classes = []).

Conclusion: Camera did not detect the target class "container" (nor "rock"). Awaiting planner/nav instruction to move Q1 to the next exploration pose; navigator should remain stationary until given a nav goal.

[planner -> camera] EXECUTE: Container approach. Navigator: call get_robot_pose, compute approach goal = centroid + 3*(pose - centroid)/||pose-centroid|| using centroid (-10.00, 10.03) so the goal is at least 3 m from the container. Navigate_to_pose to that goal and stop (hold). After stopping, report your final pose to planner. Lidar: when navigator reports stopped, call confirm_stop("container") and report the result. Camera: while stopped, capture image and if lidar cannot confirm, attempt confirm_stop("container"). Do not move until confirm_stop(container)==true. Report all outcomes to planner.
[camera] Sensing while stopped (camera):

- Captured RGB frame: same forward grayscale view — light gray sky, darker ground, central horizontal dark band/occlusion. No distinct object visible.
- Semantic classes: none detected (classes = []).

Action/status:
- I did not call confirm_stop("container"); waiting for lidar to attempt confirm_stop first. If lidar reports it cannot confirm, I will then attempt confirm_stop("container"). Standing by (no movement).

[planner -> camera] Acknowledged container confirmed. Mark container visited. Next target: rock. Procedure: While navigator holds, lidar and camera sense now. If lidar reports rock centroid, planner will compute approach goal (≥3 m) and instruct navigator to move. If not detected, planner will select a free occupancy cell away from already-seen objects and instruct navigator to explore there. Do sensors sense now and report detections; navigator hold position until a nav goal is issued.
[camera] Sensing report (camera):

- Image description: forward view with light gray sky, darker ground, a central horizontal black occlusion. A row of blue rectangular containers appears on the right side/foreground of the frame.

- Semantic camera classes: container (class_id 58) detected, ~14.3% pixels. No rock detected.

Conclusion: I see a container in frame (container already marked visited). I do NOT see a rock. Await planner/navigation instructions (navigator remain stopped).

[planner -> camera] EXECUTE: Explore toward quadrant IV. Navigator: navigate_to_pose to free-cell goal x=6.0, y=-6.0, yaw=0.0 and stop; after stopping, report final robot pose. Lidar & Camera: do not move; when navigator reports stopped, perform sensing and report any detections (especially rock centroids). If lidar detects a rock centroid, report it to planner; planner will compute an approach pose (>=3 m) and instruct navigator. If no rock detected, planner will select another free cell and instruct a new move.
[camera] Status — waiting for navigator to finish move:

- Current action: standing by (I will not sense/move until navigator reports Q1 stopped at the goal).
- Last camera observation (most recent frame): container visible on the right (class_id 58, container detected); no rock seen.
- When navigator reports stopped I will capture images and semantic classes and report any rock detections; if lidar cannot confirm a rock stop, I will attempt confirm_stop("rock").

[planner -> camera] Sensors: report findings now at current pose x=4.8058, y=3.7771. Lidar: run semantic lidar scan and report any rock centroid. Camera: capture image and semantic classes. If a rock centroid is reported, report centroid (map-frame).
[camera] Sensing report (camera):

- Image description: foreground rock centered/right of center with visible shadow on the ground; sky/ground and a horizontal dark occlusion in upper-mid frame.
- Semantic camera classes: rock (class_id 40) detected, ~6.14% of pixels. No other classes.

Notes / constraints:
- I cannot provide map-frame centroid or robot pose — camera has no xyz. If you need a centroid or approach goal, request it from lidar (get_semantic_lidar_objects) or the planner.
- I will not call confirm_stop("rock") now. Per protocol, lidar should attempt confirm_stop after navigator stops at the approach pose; if lidar cannot confirm, I will attempt confirm_stop("rock").

Status: rock visually detected. Awaiting lidar centroid or planner/navigation instruction.

[planner -> camera] EXECUTE: Approach rock. Computed rock centroid at (9.49, -9.99). Planner computed approach goal = centroid + 3*(pose - centroid)/||pose-centroid|| = (8.5243, -7.1496). Navigator: navigate_to_pose to x=8.5243, y=-7.1496, yaw=0.0 and stop; after stopping, report final robot pose. Lidar: after navigator reports stopped, call confirm_stop("rock") and report result. Camera: while stopped, capture image and if lidar cannot confirm, attempt confirm_stop("rock"). Do not move until confirm_stop("rock")==true.
[camera] Sensing while stopped (camera):

- Captured RGB frame: rock centered/right with shadow on the ground; light gray sky, darker ground, horizontal dark occlusion above.
- Semantic camera classes: rock (class_id 40) detected, ~6.14% pixels. No other classes.

Status/action:
- I will not call confirm_stop("rock") yet — per protocol, lidar should attempt confirm_stop first. If lidar cannot confirm, I will then attempt confirm_stop("rock").
- I cannot provide map-frame centroid or robot pose (camera has no xyz). Standing by (no movement) until confirm_stop("rock")==true or further instruction.

===== saved: 2026-08-24T03:05:56+02:00 as open_easy_hmas2_r5_success =====
