===== Robot lidar =====
started: 2026-08-24T02:50:27+02:00
command: AGENT_COUNT=3 AGENT_WORLD=open AGENT_PLATFORM=q1 AGENT_MCP_URL=http://127.0.0.1:8000/sse python -m agentpackage.architectures.hmas2.robot_agent --robot-id lidar --host "127.0.0.1" --port "8765"

[shell_pid=186789] Robot lidar
lidar is online (HMAS-2). Reviews central plans, then executes when told.
Type directly to chat with this robot locally. Use Ctrl+C to exit.

lidar> 
[planner -> lidar] PLAN REVIEW REQUEST — do NOT execute yet. Check only YOUR specialty (navigator / lidar / camera). Prefer ZERO tools; reply AGREE: or DISAGREE: in one line.

SPECIALIST PLAN:
Mission: Visit container first, then rock. Per-specialist assignments:

Navigator:
- Wait for planner commands. When given a drive goal, navigate there and stop. Never approach an object centroid closer than 3 m; planner will compute safe goals. After each stop, remain stationary until planners instruct next move.

Lidar:
- When asked while robot is stationary, perform a semantic lidar scan and report any detected objects (class and centroid). Use confirm_stop(class_name) after the planner orders a stop confirmation for a tour stop.

Camera:
- When asked while stationary, capture an RGB image and optional class histogram; report results.

Procedure (central planner coordinates sensing and navigation):
1) Start: request lidar+camera sense. If container is detected, planner will compute a nav goal at least 3 m from the centroid (3 m toward current robot pose) and order navigator to drive there. If container not detected, planner will call get_occupancy_map, pick a safe free cell away from already-seen objects, and order navigator to drive there, then repeat sensing.
2) After navigator stops at the chosen goal, request lidar (or camera) to confirm_stop('container'). Only proceed when confirm_stop returns true.
3) Repeat steps 1–2 for the rock.
4) When both stops confirmed, planner will call report_mission_done with a short summary.

Constraints: always keep ≥3 m from any object centroid; only lidar provides object centroids; confirm_stop must be called by lidar or camera and must return true before moving on. Sensing occurs only while stationary.

Please reply AGREE or DISAGREE with any requested changes.
[lidar] AGREE: Plan OK for lidar with two clarifications — on every sense request I will call BOTH get_lidar_snapshot and get_semantic_lidar_objects (semantic may return empty until Q1 is close), and after stopping near a tour object I will call confirm_stop with ONLY the class name (e.g., rock, container).

[planner -> lidar] PLAN REVIEW REQUEST — do NOT execute yet. Check only YOUR specialty (navigator / lidar / camera). Prefer ZERO tools; reply AGREE: or DISAGREE: in one line.

SPECIALIST PLAN:
Mission: Visit container first, then rock. Per-specialist assignments and procedure:

Navigator:
- Wait for planner drive commands. Planner will always send a safe navigation goal (not an object centroid). Planner computes safe goals using the current robot pose and any sensed object centroid as: goal = centroid + 3*(pose - centroid)/||pose - centroid|| (so the goal is ≥3 m from the object). Use robot_id='q1' when executing navigate_to_pose. If you detect the provided goal is closer than 3 m to any known object, refuse and report refusal; planner will then provide an alternative.

Lidar:
- When requested while stationary, perform semantic lidar scans (get_semantic_lidar_objects) and report detected objects and centroids; after the planner orders stop confirmation for a tour class, call confirm_stop(class_name).

Camera:
- When requested while stationary, capture RGB and optional class histogram; after the planner orders stop confirmation for a tour class the camera may call confirm_stop(class_name).

Procedure (planner coordinates actions):
1) While stationary, ask lidar and camera to sense. If the next tour class (container) is reported by lidar with a centroid, planner computes a safe nav goal ≥3 m from the centroid toward current robot pose and commands navigator to go there. If container is not detected, planner will get_occupancy_map and pick a free-cell goal in a different area (away from already-seen objects) and command navigator to go there.
2) After navigator reports stopped at the goal, request lidar (preferred) or camera to call confirm_stop('container'). Only proceed when confirm_stop returns confirmed=true.
3) Repeat steps 1–2 for the rock.
4) After both stops are confirmed, planner will call report_mission_done with a short summary.

Constraints respected: planner supplies nav goals at least 3 m from object centroids; sensing only while stationary; never navigate to an object centroid; confirm_stop is called only by lidar or camera; if navigator refuses a goal as too-close, planner will compute an alternative and re-submit.

Please reply AGREE or DISAGREE with any requested changes.
[lidar] AGREE: Plan OK for lidar — on every sense request I will call BOTH get_lidar_snapshot and get_semantic_lidar_objects (semantic may return empty until Q1 is close); after stopping near a tour object I will call confirm_stop with ONLY the class name (e.g., rock, container).

[planner -> lidar] PLAN REVIEW REQUEST — do NOT execute yet. Check only YOUR specialty (navigator / lidar / camera). Prefer ZERO tools; reply AGREE: or DISAGREE: in one line.

SPECIALIST PLAN:
Mission: Visit container first, then rock. Per-specialist assignments and procedure (short):

Navigator:
- Planner will normally compute and send a safe navigation goal coordinate (never an object centroid) that is >=3 m from any known object. Use navigate_to_pose with robot_id='q1'. Before moving, verify the commanded goal using get_robot_pose and get_occupancy_map; if you detect the goal is closer than 3 m to any known object, refuse and report the reason. If you refuse, planner will either provide an alternative safe coordinate or (only if necessary) the object centroid so you can compute goal = centroid + 3*(pose - centroid)/||pose - centroid|| and navigate there. In all cases, do not navigate to a point closer than 3 m to an object.

Lidar:
- While stationary, run semantic scans (get_semantic_lidar_objects and snapshot) and report detected centroids. After the planner orders stop confirmation for a tour class, call confirm_stop(class_name).

Camera:
- While stationary, capture RGB and optional class histogram and report. May call confirm_stop(class_name) when requested.

Procedure:
1) Start sensing (lidar+camera) while stationary. If lidar reports the next required class (container) with a centroid, planner will compute a safe nav goal >=3 m from that centroid (point 3 m toward current robot pose) and command navigator to go there. If container not detected, planner will get_occupancy_map and pick a free-cell goal away from already-seen objects and command navigator to go there.
2) Navigator verifies the goal and navigates (or refuses). After navigator stops, ask lidar (preferred) or camera to call confirm_stop('container'). Proceed only when confirm_stop returns confirmed=true.
3) Repeat for rock.
4) After both confirms, planner will call report_mission_done with a short summary.

Failure handling: If navigator refuses a goal twice with same args, planner will change the goal (choose different free cell or request lidar to re-sense from a different viewpoint). Sensing only while stationary; never navigate to an object centroid.

Please reply AGREE or DISAGREE.
[lidar] DISAGREE: Planner must not supply object centroids to the navigator — only semantic lidar (me) may provide centroids when Q1 is close; I will on every sense request call BOTH get_lidar_snapshot and get_semantic_lidar_objects, and I will call confirm_stop with ONLY the class name.

[planner -> lidar] PLAN REVIEW REQUEST — do NOT execute yet. Check only YOUR specialty (navigator / lidar / camera). Prefer ZERO tools; reply AGREE: or DISAGREE: in one line.

SPECIALIST PLAN:
Mission: Visit container first, then rock. Short per-specialist assignments and procedure (revised to respect lidar constraint):

Navigator:
- Wait for planner drive commands consisting only of world-frame navigation coordinates (never an object centroid). Use robot_id='q1' with navigate_to_pose. On every drive request, verify the given goal using get_robot_pose and get_occupancy_map; if the goal is closer than 3 m to any known object, refuse and report refusal. Do not expect centroids from planner.

Lidar:
- While stationary, run semantic scans (get_semantic_lidar_objects and snapshot) and report detected object classes and centroids. If the planner requests a safe navigation coordinate for a detected object, compute goal = centroid + 3*(pose - centroid)/||pose - centroid|| (i.e., point at least 3 m from centroid toward current robot pose) and return that world-frame coordinate to the planner (planner will pass only this coordinate to navigator). After the planner orders stop confirmation for a tour class, call confirm_stop(class_name).

Camera:
- While stationary, capture RGB and optional class histogram and report. May call confirm_stop(class_name) when requested.

Procedure:
1) While stationary, ask lidar+camera to sense. If lidar reports the next required class (container) with a centroid, planner asks lidar to compute and return a safe navigation coordinate (>=3 m from centroid toward current robot pose). Planner sends that coordinate to navigator. If container is not detected, planner will get_occupancy_map and pick a free-cell goal away from already-seen objects and command navigator to go there.
2) Navigator verifies and navigates to the provided world-frame coordinate. After navigator reports stopped, request lidar (preferred) or camera to call confirm_stop('container'). Only proceed when confirm_stop returns confirmed=true.
3) Repeat steps 1–2 for rock.
4) After both confirms, planner will call report_mission_done with a short summary.

Notes: Planner will never send object centroids to navigator. Navigator may refuse unsafe goals; if refused, planner will choose an alternative free-cell goal or request a new safe coordinate from lidar. Sensing only while stationary; never navigate to an object centroid.

Please reply AGREE or DISAGREE.
[lidar] AGREE: Plan OK for lidar — on every sense request I will call BOTH get_lidar_snapshot and get_semantic_lidar_objects (semantic may return empty until Q1 is close), and after stopping at a tour object I will call confirm_stop with ONLY the class name (e.g., rock, container).

[planner -> lidar] PLAN REVIEW REQUEST — do NOT execute yet. Check only YOUR specialty (navigator / lidar / camera). Prefer ZERO tools; reply AGREE: or DISAGREE: in one line.

SPECIALIST PLAN:
Mission: Visit container first, then rock. Short assignments and procedure (final):

Navigator:
- Wait for planner drive commands (world-frame coordinates) and use navigate_to_pose with robot_id='q1'. On every drive request call get_robot_pose (fallback 0,0) and get_occupancy_map to verify safety. If the provided goal is closer than 3 m to any known object, refuse and report refusal. If the planner ever provides an object centroid instead of a world goal, convert it to a safe goal using goal = centroid + 3*(pose - centroid)/||pose - centroid|| and navigate there. Never navigate to a point closer than 3 m to an object.

Lidar:
- While stationary, run semantic scans (get_semantic_lidar_objects and get_lidar_snapshot) and report detected classes and centroids. If asked for a safe navigation coordinate for a detected object, compute and return goal = centroid + 3*(pose - centroid)/||pose - centroid|| (world-frame). After the planner orders stop confirmation for a tour class, call confirm_stop(class_name).

Camera:
- While stationary, capture RGB and optional class histogram and report. After a stop, camera may call confirm_stop(class_name) when instructed.

Procedure:
1) Start with lidar+camera sense while stationary. If lidar reports the next needed class (container) with a centroid, planner will request lidar to compute and return a safe world-frame nav coordinate (>=3 m from centroid toward current robot pose). Planner then sends that coordinate to navigator. If container is not detected, planner will call get_occupancy_map and select a free-cell goal away from already-seen objects and send that to navigator.
2) Navigator verifies the goal and navigates to it and reports stopped. If navigator refuses (goal too-close), planner will choose an alternative free-cell or request a new safe coordinate from lidar.
3) After navigator is stopped, request lidar (preferred) or camera to call confirm_stop('container') and wait until confirm_stop returns confirmed=true.
4) Repeat steps 1–3 for the rock.
5) After both confirms are true, planner will call report_mission_done with a short summary.

Notes: Planner will normally send world-frame safe coordinates computed by lidar; navigator still verifies safety and can convert a centroid to a safe goal if given one. Sensing occurs only while stationary; never navigate to an object centroid; keep ≥3 m distance from objects.

Reply AGREE or DISAGREE.
[lidar] DISAGREE: Planner must never send object centroids to the navigator — lidar will compute and return safe world-frame goals; also on every sense I will call BOTH get_lidar_snapshot and get_semantic_lidar_objects, and confirm_stop will be called with ONLY the class name.

[planner -> lidar] PLAN REVIEW REQUEST — do NOT execute yet. Check only YOUR specialty (navigator / lidar / camera). Prefer ZERO tools; reply AGREE: or DISAGREE: in one line.

SPECIALIST PLAN:
Mission: Visit container first, then rock. Per-specialist roles and strict data flow (planner WILL NEVER send object centroids to navigator):

Navigator:
- Receive only world-frame navigation coordinates from planner and use navigate_to_pose with robot_id='q1'. On every drive command call get_robot_pose (fallback 0,0) and get_occupancy_map to verify safety. If the provided goal is <3 m from any known object, refuse and report refusal. Never expect object centroids from planner; if given one, refuse and request a world-frame safe coordinate instead.

Lidar:
- While stationary, perform semantic scans (get_semantic_lidar_objects and get_lidar_snapshot) and report detected classes and centroids to the planner. If the planner requests a safe navigation coordinate for a detected object, compute and return that world-frame coordinate: goal = centroid + 3*(pose - centroid)/||pose - centroid|| (i.e., the point at least 3 m from the centroid toward current robot pose). Do NOT let centroids leave lidar → planner; return only safe world-frame coordinates for navigation to be forwarded to navigator. After the planner orders stop confirmation for a tour class, call confirm_stop(class_name).

Camera:
- While stationary, capture RGB and optional class histogram and report. After a stop, camera may call confirm_stop(class_name) when requested.

Procedure:
1) While stationary, ask lidar+camera to sense. If lidar detects the next required class (container) with a centroid, planner asks lidar for the safe world-frame nav coordinate (≥3 m). Planner forwards that coordinate to navigator. If container not detected, planner will get_occupancy_map and pick a free-cell goal away from already-seen objects and send that to navigator.
2) Navigator verifies the world-frame goal and navigates to it (or refuses if unsafe). If navigator refuses, planner will pick an alternative free-cell or request a new safe coordinate from lidar.
3) After navigator reports stopped, request lidar (preferred) or camera to call confirm_stop('container') and wait until confirm_stop returns confirmed=true.
4) Repeat for rock.
5) After both confirms are true, planner will call report_mission_done with a short summary.

Constraints and guarantees: Planner will NEVER send raw object centroids to navigator; only lidar computes centroids and returns safe world coordinates. Sensing only while stationary; always keep >=3 m from objects; confirm_stop called only by lidar or camera. Failure handling: if the same refusal or sense call fails twice with same args, planner will change the goal or choose another viewpoint.

Please reply AGREE or DISAGREE.
[lidar] AGREE: Plan OK for lidar — on every sense request I will call BOTH get_lidar_snapshot and get_semantic_lidar_objects (semantic may return empty until Q1 is close), and after stopping at a tour object I will call confirm_stop with ONLY the class name (e.g., rock, container).

[planner -> lidar] PLAN REVIEW REQUEST — do NOT execute yet. Check only YOUR specialty (navigator / lidar / camera). Prefer ZERO tools; reply AGREE: or DISAGREE: in one line.

SPECIALIST PLAN:
Mission: Visit container first, then rock. Final per-specialist assignments and data flow (planner will avoid sending raw centroids but navigator can handle them if provisionally sent):

Navigator:
- Primary expectation: planner will send only world-frame navigation coordinates (never an object centroid). Use navigate_to_pose with robot_id='q1'. On every drive command call get_robot_pose (fallback 0,0) and get_occupancy_map to verify safety; refuse any goal closer than 3 m to a known object and report refusal. As a fallback, if the planner for any reason provides an object centroid, convert it to a safe goal using goal = centroid + 3*(pose - centroid)/||pose - centroid|| and navigate there. Never navigate to a point <3 m from an object.

Lidar:
- While stationary, perform semantic scans (get_semantic_lidar_objects and get_lidar_snapshot) and report detected classes and centroids. When requested by planner, compute and return a safe world-frame navigation coordinate for a detected object: goal = centroid + 3*(pose - centroid)/||pose - centroid|| (a point >=3 m from centroid toward current pose). Do not send raw centroids to navigator; only send safe world-frame coordinates for navigation. After the planner orders stop confirmation for a tour class, call confirm_stop(class_name).

Camera:
- While stationary, capture RGB and optional class histogram and report. After a stop, camera may call confirm_stop(class_name) when instructed.

Procedure (planner control):
1) Start: while stationary, request lidar+camera sense. If lidar reports the next required class (container) with a centroid, ask lidar for a safe world-frame nav coordinate (>=3 m). Planner forwards that coordinate to navigator. If container not detected, planner will call get_occupancy_map and select a free-cell goal away from already-seen objects and send that to navigator.
2) Navigator verifies and navigates to the provided world-frame coordinate (or converts a centroid if one was provisionally provided). If navigator refuses as too-close, planner will pick another free cell or ask lidar for a new safe coordinate.
3) After navigator reports stopped, request lidar (preferred) or camera to call confirm_stop('container') and wait until confirm_stop returns confirmed=true before moving on.
4) Repeat 1–3 for rock.
5) After both confirms, planner calls report_mission_done with a short summary.

Constraints honored: planner avoids sending raw centroids to navigator; lidar computes centroids and safe coordinates; navigator still verifies safety and can convert centroids if provided; sensing only while stationary; never navigate to an object centroid; always maintain >=3 m distance; only lidar or camera call confirm_stop.

Please reply AGREE or DISAGREE.
[lidar] AGREE: Plan OK for lidar — on every sense request I will call BOTH get_lidar_snapshot and get_semantic_lidar_objects (semantic may return empty until Q1 is close), and after stopping at a tour object I will call confirm_stop with ONLY the class name (e.g., rock, container).

[planner -> lidar] EXECUTE: Start mission. Step 1: All, perform a stationary sense now: lidar run semantic scan and snapshot; camera take RGB + class histogram. Report detected objects (classes and centroids if any).
[lidar] SENSE REPORT:
- get_lidar_snapshot: min_range 2.32 m (all sectors >= 2.32 m).
- get_semantic_lidar_objects: detected objects (map-frame centroids):
  - class_id 27 tree_crown at (-9.96, -9.71)
  - class_id 28 tree_trunk at (-10.50, -10.32)
  - class_id 58 container at (-9.97, 10.07)
  - class_id 12 car at (9.21, 8.33)
  - class_id 40 rock at (9.67, -9.77)
  - class_id 27 tree_crown at (-9.84, -11.79)

Next step per plan: planner should request a safe world-frame navigation coordinate for the container (container is the next tour stop).

[planner -> lidar] EXECUTE: Compute and return a safe world-frame navigation coordinate for the tour stop 'container' using the detected centroid (-9.97, 10.07) and the current robot pose (use your internal get_robot_pose). The coordinate must be at least 3.0 m from the centroid toward the current robot pose (goal = centroid + 3*(pose - centroid)/||pose - centroid||). Return a single (x,y) world-frame coordinate.
[lidar] Safe nav coordinate (world-frame): (-7.859, 7.939)
Note: get_robot_pose unavailable, used fallback pose (0.0,0.0) per protocol to compute goal = centroid + 3*(pose - centroid)/||pose - centroid||.

[planner -> lidar] EXECUTE: confirm_stop('container') — check whether the robot is close enough to the container and return confirm result.
[lidar] confirm_stop returned: confirmed=true — Visit to container confirmed.

[planner -> lidar] Container confirmed. Next: Visit rock. Step: While stationary, lidar+camera perform a sense now and report detected objects (classes and centroids if any).
[lidar] SENSE REPORT:
- get_lidar_snapshot: min_range 2.32 m (all sectors >= 2.32 m).
- get_semantic_lidar_objects: detected objects (map-frame centroids)
  - class_id 58 container at (-9.78, 10.15)
  - class_id 27 tree_crown at (-10.24, -9.52)
  - class_id 28 tree_trunk at (-10.38, -10.37)

Note: rock (class_id 40) not detected in this scan. Next per plan: planner should select a new safe world-frame goal (free-cell away from already-seen objects) or request a viewpoint change, then command another stationary sense.

[planner -> lidar] EXECUTE: Compute and return a safe world-frame navigation coordinate for the tour stop 'rock' using the previously-detected centroid (9.67, -9.77). Use your internal get_robot_pose to compute goal = centroid + 3*(pose - centroid)/||pose - centroid||. Return a single (x,y) world-frame coordinate.
[lidar] Safe nav coordinate (world-frame): (7.560, -7.637)
Note: get_robot_pose unavailable, used fallback pose (0.0,0.0) to compute goal = centroid + 3*(pose - centroid)/||pose - centroid||.

[planner -> lidar] EXECUTE: confirm_stop('rock') — check whether the robot is close enough to the rock and return the confirm result.
[lidar] confirm_stop returned: confirmed=true — Visit to rock confirmed.

===== saved: 2026-08-24T02:58:22+02:00 as open_easy_hmas2_r4_success =====
