===== Robot camera =====
started: 2026-08-24T12:31:13+02:00
command: AGENT_COUNT=3 AGENT_WORLD=open AGENT_PLATFORM=q1 AGENT_MCP_URL=http://127.0.0.1:8000/sse python -m agentpackage.architectures.centralized.robot_agent --robot-id camera --host "127.0.0.1" --port "8765"

[shell_pid=39842] Robot camera
camera is online.
Type directly to chat with this robot locally. Use Ctrl+C to exit.

camera> 
[master -> camera] Perform a sensing stop from current pose. Lidar: return any semantic detections with class and centroid (map x/y). Camera: return RGB image and optional class histogram. Report if you see 'container' or 'rock'.
[camera] I performed the camera sensing step.

What the RGB frame shows:
- A wide, near-horizontal black band across the middle of the image with lighter gray regions above and below. 
- No distinct objects, markings, or tour targets visible in the frame.

Semantic camera results:
- get_semantic_camera_classes: classes = [] (no semantic classes detected).
- get_semantic_camera_image: semantic overlay is empty/black (no labeled pixels).

Answering your checks:
- "container": not seen / not detected by the camera.
- "rock": not seen / not detected by the camera.

Note: I am camera-only and have no map-frame coordinates. Lidar must provide semantic detections and centroids (map x/y). I will not call confirm_stop because no tour object (container or rock) was detected by the camera.

[master -> camera] Perform a sensing stop from current pose. Lidar: return any semantic detections with class and centroid (map x/y). Camera: return RGB image and optional class histogram. Report if you see 'container' or 'rock'.
[camera] I performed the camera sensing stop.

RGB image (looked): shows a large dark horizontal band and, at the lower-right, a blue rectangular object consistent with a container.

Semantic camera classes:
- Detected: class_id 58 = container (pixels: 2376, 9.28% of image).
- Semantic overlay: container visible as pink region at lower-right.

Confirmed stop:
- confirm_stop returned confirmed = true for "container".

Report:
- container: seen and visit confirmed.
- rock: not seen / not detected by camera.

Notes:
- I have no map-frame coordinates; lidar must provide centroids (map x/y) if you need object positions.

[master -> camera] Perform a sensing stop from current pose. Lidar: return any semantic detections with class and centroid (map x/y). Camera: return RGB image and optional class histogram. Report if you see 'rock'.
[camera] Camera sensing stop complete.

RGB frame:
- Shows a dark irregular boulder-like object centered lower-right (looks like a rock) against a light floor and black background.

Semantic camera classes:
- Detected: class_id 40 = rock (pixels: 3147, 12.29%).
- Semantic overlay: rock visible as brown region lower-right.

Confirmed stop:
- confirm_stop returned confirmed = true for "rock".

Report:
- rock: seen and visit confirmed.

Note: I have no map-frame coordinates; request lidar specialist for centroids (map x/y) if you need positions.

===== saved: 2026-08-24T12:37:15+02:00 as open_easy_cmas_r5_success =====
