===== Robot navigator =====
started: 2026-08-24T11:33:08+02:00
command: AGENT_COUNT=3 AGENT_WORLD=open AGENT_PLATFORM=q1 AGENT_MCP_URL=http://127.0.0.1:8000/sse python -m agentpackage.architectures.centralized.robot_agent --robot-id navigator --host "127.0.0.1" --port "8765"

[shell_pid=22122] Robot navigator
navigator is online.
Type directly to chat with this robot locally. Use Ctrl+C to exit.

navigator> 
[master -> navigator] Navigate to goal position near the nearest rock. Goal pose (map frame): x=7.44, y=-7.64. Use default orientation. Stop and report success/failure.
[navigator] SUCCESS

[master -> navigator] Navigate to goal position near the nearest rock. New goal pose (map frame): x=7.10, y=-7.28. Use default orientation. Stop and report success/failure.
[navigator] SUCCESS

[master -> navigator] Navigate to goal position near the rock. Goal pose (map frame): x=7.31, y=-7.50. Use default orientation. Stop and report success/failure.
[navigator] SUCCESS

[master -> navigator] Navigate to goal position near the rock. Goal pose (map frame): x=7.375, y=-7.704. Use default orientation. Stop and report success/failure.
[navigator] SUCCESS

[master -> navigator] Navigate to goal position near the rock. Goal pose (map frame): x=7.286, y=-7.754. Use default orientation. Stop and report success/failure.
[navigator] SUCCESS

[master -> navigator] Navigate to goal position near the rock. Goal pose (map frame): x=7.348, y=-7.813. Use default orientation. Stop and report success/failure.
[navigator] SUCCESS

[master -> navigator] Navigate to goal position near the rock. Goal pose (map frame): x=7.371, y=-7.738. Use default orientation. Stop and report success/failure.
[navigator] SUCCESS

[master -> navigator] Navigate to goal position near the rock. Compute goal on 3 m circle toward anchor (10,-8). Goal pose (map frame): x=10.286, y=-7.025. Use default orientation. Stop and report success/failure.
[navigator] SUCCESS

===== saved: 2026-08-24T11:50:32+02:00 as open_medium_cmas_r3_fail_timeout =====
