===== Robot camera =====
started: 2026-08-24T11:33:08+02:00
command: AGENT_COUNT=3 AGENT_WORLD=open AGENT_PLATFORM=q1 AGENT_MCP_URL=http://127.0.0.1:8000/sse python -m agentpackage.architectures.centralized.robot_agent --robot-id camera --host "127.0.0.1" --port "8765"

[shell_pid=22166] Robot camera
camera is online.
Type directly to chat with this robot locally. Use Ctrl+C to exit.

camera> 
[master -> camera] Perform a sensing cycle from current stopped pose. Lidar: run semantic lidar and return any detected objects with class and centroid (get_semantic_lidar_objects). Camera: capture RGB image and optional class histogram. Reply with detections.
[camera] - Camera capture: received RGB frame. Visual description: a wide horizontal black band across the center of the image (~1/3 of frame height). Above and below the band are uniform light-gray regions with slight shading; no distinct objects, textures, or landmarks visible in the frame.

- Semantic classes: received semantic camera summary — classes = [] (no labeled classes visible in this camera frame).

- Lidar: I do not have access to or the ability to run semantic lidar (get_semantic_lidar_objects). Please request the lidar specialist to run semantic lidar to obtain detected objects with class and centroids.

- No confirm_stop called (no tour object detected in camera classes).

If you want, I can also return the semantic-colorized camera image (visual overlay). Which would you like?

[master -> camera] confirm_stop rock
[camera] confirm_stop returned: confirmed=false. Not close enough to confirm rock; ask navigator to drive closer and then run sensing again.

[master -> camera] Perform a sensing cycle from current stopped pose. Lidar: run semantic lidar and return any detected objects with class and centroid. Camera: capture RGB image and optional class histogram. Reply with detections.
[camera] - Camera capture: received RGB frame. Visual description: foreground shows a dark rock centered slightly right of center resting on a lighter flat surface; background has a wide horizontal black band and pale sky above. Rock is clearly visible.

- Semantic camera classes: detected class_id 40 = rock; pixels 1204 (4.7% of image).

- confirm_stop(rock): confirmed=false — Q1 is not close enough to the rock. Ask navigator to drive closer and then repeat sensing.

- Lidar: I could not run semantic lidar myself; please request the lidar specialist to run get_semantic_lidar_objects to return detected objects with class and centroid.

[master -> camera] confirm_stop rock
[camera] confirm_stop returned: confirmed=false. Not close enough to confirm rock; ask navigator to drive closer and then run sensing again.

===== saved: 2026-08-24T11:50:32+02:00 as open_medium_cmas_r3_fail_timeout =====
