===== Robot lidar =====
started: 2026-08-24T10:39:30+02:00
command: AGENT_COUNT=3 AGENT_WORLD=open AGENT_PLATFORM=q1 AGENT_MCP_URL=http://127.0.0.1:8000/sse python -m agentpackage.architectures.centralized.robot_agent --robot-id lidar --host "127.0.0.1" --port "8765"

[shell_pid=12614] Robot lidar
lidar is online.
Type directly to chat with this robot locally. Use Ctrl+C to exit.

lidar> 
[master -> lidar] Perform a sensing now. lidar: run semantic lidar and report any objects (class and centroid). camera: capture RGB image and report optional class histogram.
[lidar] Lidar snapshot received: min range 2.32 m (sectors min front/left/right/rear = 2.32 m).

Semantic lidar objects (map-frame centroids):
- tree_crown (class_id 27) at x=-9.74, y=-9.82
- tree_trunk (class_id 28) at x=-10.39, y=-10.40
- container (class_id 58) at x=-10.04, y=9.99
- car (class_id 12) at x=9.17, y=8.45
- rock (class_id 40) at x=10.61, y=-9.54

I performed only lidar sensing as requested. I did not run camera.

[master -> lidar] Perform a sensing now. lidar: run semantic lidar and report any objects (class and centroid). camera: capture RGB image and report optional class histogram.
[lidar] Lidar snapshot received: min range 2.32 m (min bearing 155.0°). Sector minima (front/left/right/rear) = 2.32 m.

Semantic lidar objects (map-frame centroids):
- rock (class_id 40) at x=9.61, y=-9.90 (n_points=84)
- tree_crown (class_id 27) at x=-9.49, y=-10.22 (n_points=21)
- car (class_id 12) at x=9.28, y=7.01 (n_points=3)

I performed only lidar sensing; I did not run the camera.

[master -> lidar] Perform a sensing now. lidar: run semantic lidar and report any objects (class and centroid). camera: capture RGB image and report optional class histogram.
[lidar] Lidar snapshot received: min range 2.32 m (min bearing 50.8°). Sector minima (front/left/right/rear) = 2.32 m.

Semantic lidar objects (map-frame centroids):
- rock (class_id 40) at x=9.59, y=-9.86 (n_points=83)
- tree_crown (class_id 27) at x=-9.65, y=-10.33 (n_points=18)
- tree_trunk (class_id 28) at x=-10.61, y=-10.28 (n_points=4)
- car (class_id 12) at x=9.31, y=6.92 (n_points=3)

Only lidar sensing was performed; camera not run.

[master -> lidar] Perform a sensing now. lidar: run semantic lidar and report any objects (class and centroid). camera: capture RGB image and report optional class histogram.
[lidar] Lidar snapshot received: min range 2.32 m (min bearing 50.8°). Sector minima (front/left/right/rear) = 2.32 m.

Semantic lidar objects (map-frame centroids):
- rock (class_id 40) at x=9.59, y=-9.86 (n_points=83)
- tree_crown (class_id 27) at x=-9.65, y=-10.30 (n_points=18)
- tree_trunk (class_id 28) at x=-10.61, y=-10.25 (n_points=4)
- car (class_id 12) at x=9.33, y=6.92 (n_points=3)

Only lidar sensing was run; camera not captured.

[master -> lidar] confirm_stop rock
[lidar] Confirmed: Q1 stopped at rock.

[master -> lidar] Perform a sensing now. lidar: run semantic lidar and report any objects (class and centroid). camera: capture RGB image and report optional class histogram.
[lidar] Lidar snapshot received: min range 2.32 m (min bearing 50.8°). Sector minima (front/left/right/rear) = 2.32 m.

Semantic lidar objects (map-frame centroids):
- rock (class_id 40) at x=9.63, y=-9.80 (n_points=85)
- tree_crown (class_id 27) at x=-9.65, y=-10.28 (n_points=18)
- tree_trunk (class_id 28) at x=-10.60, y=-10.23 (n_points=4)
- car (class_id 12) at x=9.32, y=6.96 (n_points=3)

Only lidar sensing was performed; camera not run.
