===== Robot camera =====
started: 2026-08-24T10:39:30+02:00
command: AGENT_COUNT=3 AGENT_WORLD=open AGENT_PLATFORM=q1 AGENT_MCP_URL=http://127.0.0.1:8000/sse python -m agentpackage.architectures.centralized.robot_agent --robot-id camera --host "127.0.0.1" --port "8765"

[shell_pid=12638] Robot camera
camera is online.
Type directly to chat with this robot locally. Use Ctrl+C to exit.

camera> 
[master -> camera] Perform a sensing now. lidar: run semantic lidar and report any objects (class and centroid). camera: capture RGB image and report optional class histogram.
[camera] get_camera_image: received rgb frame (q1_camera_rgb.png).

Image description: mostly empty forward view — light gray sky above, a narrow dark horizontal band across the center (curved slightly) and gray ground below. No distinct objects or landmarks visible in the RGB frame.

get_semantic_camera_classes: received result — classes: [] (no labeled classes detected; no histogram entries). 

Note: I only performed the camera sensing. I did not run lidar (that is the lidar specialist's task).

[master -> camera] Perform a sensing now. lidar: run semantic lidar and report any objects (class and centroid). camera: capture RGB image and report optional class histogram.
[camera] get_camera_image: received rgb frame (q1_camera_rgb.png).

Image description: lower-right foreground contains a large dark rock. A narrow gray ground strip and a wider black band run across the midline; light gray sky fills the top. No other distinct objects visible.

get_semantic_camera_classes: received result — classes:
- class_id 40: rock — 3772 pixels (14.73% of sampled pixels)

Note: I only performed the camera sensing. I did not run the lidar semantic scan; ask the lidar specialist to run semantic lidar to report objects and centroids.

[master -> camera] Perform a sensing now. lidar: run semantic lidar and report any objects (class and centroid). camera: capture RGB image and report optional class histogram.
[camera] get_camera_image: received rgb frame (q1_camera_rgb.png).

Image description: large dark rock in the lower-right foreground, narrow gray ground strip and black mid-band, light gray sky above. No other objects visible.

get_semantic_camera_classes: received result — classes:
- class_id 40: rock — 4095 pixels (16.0%)

I only ran camera sensing. Please request the lidar specialist to run semantic lidar for object centroids.

[master -> camera] Perform a sensing now. lidar: run semantic lidar and report any objects (class and centroid). camera: capture RGB image and report optional class histogram.
[camera] get_camera_image: received rgb frame (q1_camera_rgb.png).

Image description: large dark rock in the lower-right foreground, narrow gray ground strip and black mid-band, light gray sky above. No other objects visible.

get_semantic_camera_classes: received result — classes:
- class_id 40: rock — 4095 pixels (16.0%)

I only performed the camera sensing. Please request the lidar specialist to run semantic lidar to report object classes and centroids.

[master -> camera] Perform a sensing now. lidar: run semantic lidar and report any objects (class and centroid). camera: capture RGB image and report optional class histogram.
