===== DMAS camera =====
started: 2026-08-23T19:36:34+02:00
command: AGENT_COUNT=3 AGENT_WORLD=open AGENT_PLATFORM=q1 AGENT_MCP_URL=http://127.0.0.1:8000/sse python -m agentpackage.architectures.dmas.robot_agent --robot-id camera --host "127.0.0.1" --base-port "9101"

[shell_pid=112001] DMAS camera
camera online at 127.0.0.1:9103 (nav id q1).
DMAS robot: huddle, then plan/agree, then execute only its own leg.
Waiting for the fleet. Ctrl+C to exit.


[camera] turn requested
[camera] Next stop is the container. I'll wait and not sense this round; navigator drives to an unexplored northeast free cell and lidar also waits.

[camera] turn requested
[camera] AGREE

[camera] turn requested
[camera] Next stop is the container. I wait, lidar waits, and navigator drives to a new free cell to explore.

[camera] turn requested
[camera] AGREE

[camera] turn requested
[camera] Next stop is the container. I'll wait; lidar senses while navigator drives.

[camera] turn requested
[camera] PLAN
navigator: navigate_to_pose(robot_id='q1', x=-3.0, y=-2.5, yaw=0.0)
lidar: wait this round (no sensing)
camera: wait this round (no sensing)

===== saved: 2026-08-23T21:00:55+02:00 as open_easy_dmas_r3_fail_timeout =====
