===== DMAS lidar =====
started: 2026-08-23T19:36:34+02:00
command: AGENT_COUNT=3 AGENT_WORLD=open AGENT_PLATFORM=q1 AGENT_MCP_URL=http://127.0.0.1:8000/sse python -m agentpackage.architectures.dmas.robot_agent --robot-id lidar --host "127.0.0.1" --base-port "9101"

[shell_pid=112025] DMAS lidar
lidar online at 127.0.0.1:9102 (nav id q1).
DMAS robot: huddle, then plan/agree, then execute only its own leg.
Waiting for the fleet. Ctrl+C to exit.


[lidar] turn requested
[lidar] Next stop is the container and I have no lidar centroid for it yet. I'll wait this round while navigator drives to an unexplored northeast free cell and camera waits too.

[lidar] turn requested
[lidar] AGREE

[lidar] turn requested
[lidar] Next stop is the container and I haven't seen it yet. Navigator drives to explore a new free cell while I wait and camera waits.

[lidar] turn requested
[lidar] PLAN
navigator: navigate_to_pose(robot_id='q1', x=3.5, y=-2.5, yaw=0.0)
lidar: wait this round (no sensing)
camera: wait this round (no sensing)

[lidar] turn requested
[lidar] Next stop is the container. I will wait and not sense this round while navigator drives to explore a free cell, and camera waits.

[lidar] turn requested
[lidar] AGREE

===== saved: 2026-08-23T21:00:55+02:00 as open_easy_dmas_r3_fail_timeout =====
