===== DMAS navigator =====
started: 2026-08-23T19:36:35+02:00
command: AGENT_COUNT=3 AGENT_WORLD=open AGENT_PLATFORM=q1 AGENT_MCP_URL=http://127.0.0.1:8000/sse python -m agentpackage.architectures.dmas.robot_agent --robot-id navigator --host "127.0.0.1" --base-port "9101"

[shell_pid=112064] DMAS navigator
navigator online at 127.0.0.1:9101 (nav id q1).
DMAS robot: huddle, then plan/agree, then execute only its own leg.
Waiting for the fleet. Ctrl+C to exit.


[navigator] turn requested
[navigator] I'll drive to an unexplored free cell toward the northeast quadrant to search for the container. Lidar waits and camera waits this round.

[navigator] turn requested
[navigator] PLAN
navigator: navigate_to_pose(robot_id='q1', x=4.0, y=4.0, yaw=1.219)
lidar: wait this round (no sensing)
camera: wait this round (no sensing)

[navigator] leg requested
[navigator] I drove Q1 to x=4.0 y=4.0 yaw=1.219 using robot_id='q1'; get_robot_pose and get_occupancy_map succeeded and navigate_to_pose succeeded. Semantic objects: none observed by my tools (I did not call semantic lidar). Confirmed=false.

[navigator] turn requested
[navigator] Next stop is the container. I'll drive to a new unexplored free cell to search for it. Lidar waits and camera waits.

[navigator] turn requested
[navigator] AGREE

[navigator] leg requested
[navigator] I drove Q1 to x=3.5 y=-2.5 yaw=0.0 using navigate_to_pose; the navigate_to_pose tool succeeded. get_robot_pose and get_occupancy_map calls also succeeded. Semantic object detections: none observed (I did not call semantic lidar); confirmed=false.

[navigator] turn requested
[navigator] I'll drive to explore a free cell for the container; lidar and camera wait this round.

[navigator] turn requested
[navigator] AGREE

[navigator] leg requested

===== saved: 2026-08-23T21:00:55+02:00 as open_easy_dmas_r3_fail_timeout =====
